Archive member included because of file (symbol)

D:/SiliconLabs/SimplicityStudio/v4/developer/sdks/gecko_sdk_suite/v1.1//protocol/bluetooth_2.4/lib/EFR32MG1P/GCC/bgapi.a(gecko_bgapi_hardware.c.obj)
                              ./main.o (gecko_bgapi_class_hardware_init)
D:/SiliconLabs/SimplicityStudio/v4/developer/sdks/gecko_sdk_suite/v1.1//protocol/bluetooth_2.4/lib/EFR32MG1P/GCC/bgapi.a(gecko_bgapi_test.c.obj)
                              ./main.o (gecko_bgapi_class_test_init)
D:/SiliconLabs/SimplicityStudio/v4/developer/sdks/gecko_sdk_suite/v1.1//protocol/bluetooth_2.4/lib/EFR32MG1P/GCC/bgapi.a(gecko_bgapi_dfu.c.obj)
                              ./main.o (gecko_bgapi_class_dfu_init)
D:/SiliconLabs/SimplicityStudio/v4/developer/sdks/gecko_sdk_suite/v1.1//protocol/bluetooth_2.4/lib/EFR32MG1P/GCC/bgapi.a(gecko_bgapi_gap.c.obj)
                              ./main.o (gecko_bgapi_class_le_gap_init)
D:/SiliconLabs/SimplicityStudio/v4/developer/sdks/gecko_sdk_suite/v1.1//protocol/bluetooth_2.4/lib/EFR32MG1P/GCC/bgapi.a(gecko_bgapi_gatt.c.obj)
                              ./main.o (gecko_bgapi_class_gatt_init)
D:/SiliconLabs/SimplicityStudio/v4/developer/sdks/gecko_sdk_suite/v1.1//protocol/bluetooth_2.4/lib/EFR32MG1P/GCC/bgapi.a(gecko_bgapi_gatt_server.c.obj)
                              ./main.o (gecko_bgapi_class_gatt_server_init)
D:/SiliconLabs/SimplicityStudio/v4/developer/sdks/gecko_sdk_suite/v1.1//protocol/bluetooth_2.4/lib/EFR32MG1P/GCC/bgapi.a(gecko_bgapi_flash.c.obj)
                              ./main.o (gecko_bgapi_class_flash_init)
D:/SiliconLabs/SimplicityStudio/v4/developer/sdks/gecko_sdk_suite/v1.1//protocol/bluetooth_2.4/lib/EFR32MG1P/GCC/bgapi.a(gecko_bgapi_sm.c.obj)
                              ./main.o (gecko_bgapi_class_sm_init)
D:/SiliconLabs/SimplicityStudio/v4/developer/sdks/gecko_sdk_suite/v1.1//protocol/bluetooth_2.4/lib/EFR32MG1P/GCC/bgapi.a(gecko_bgapi_system.c.obj)
                              ./main.o (gecko_bgapi_class_system_init)
D:/SiliconLabs/SimplicityStudio/v4/developer/sdks/gecko_sdk_suite/v1.1//protocol/bluetooth_2.4/lib/EFR32MG1P/GCC/bgapi.a(gecko_bgapi_endpoint.c.obj)
                              ./main.o (gecko_bgapi_class_endpoint_init)
D:/SiliconLabs/SimplicityStudio/v4/developer/sdks/gecko_sdk_suite/v1.1//protocol/bluetooth_2.4/lib/EFR32MG1P/GCC/bgapi.a(gecko_bgapi_le_connection.c.obj)
                              ./main.o (gecko_bgapi_class_le_connection_init)
D:/SiliconLabs/SimplicityStudio/v4/developer/sdks/gecko_sdk_suite/v1.1//protocol/bluetooth_2.4/lib/EFR32MG1P/GCC/bgapi.a(bgapi_hardware.c.obj)
                              D:/SiliconLabs/SimplicityStudio/v4/developer/sdks/gecko_sdk_suite/v1.1//protocol/bluetooth_2.4/lib/EFR32MG1P/GCC/bgapi.a(gecko_bgapi_hardware.c.obj) (lib_hardware_handler_init)
D:/SiliconLabs/SimplicityStudio/v4/developer/sdks/gecko_sdk_suite/v1.1//protocol/bluetooth_2.4/lib/EFR32MG1P/GCC/bgapi.a(bgapi_test_lib.c.obj)
                              D:/SiliconLabs/SimplicityStudio/v4/developer/sdks/gecko_sdk_suite/v1.1//protocol/bluetooth_2.4/lib/EFR32MG1P/GCC/bgapi.a(gecko_bgapi_test.c.obj) (lib_test_handler_init)
D:/SiliconLabs/SimplicityStudio/v4/developer/sdks/gecko_sdk_suite/v1.1//protocol/bluetooth_2.4/lib/EFR32MG1P/GCC/bgapi.a(bgapi_dfu.c.obj)
                              D:/SiliconLabs/SimplicityStudio/v4/developer/sdks/gecko_sdk_suite/v1.1//protocol/bluetooth_2.4/lib/EFR32MG1P/GCC/bgapi.a(gecko_bgapi_dfu.c.obj) (lib_dfu_handler_init)
D:/SiliconLabs/SimplicityStudio/v4/developer/sdks/gecko_sdk_suite/v1.1//protocol/bluetooth_2.4/lib/EFR32MG1P/GCC/bgapi.a(bgapi_gap.c.obj)
                              D:/SiliconLabs/SimplicityStudio/v4/developer/sdks/gecko_sdk_suite/v1.1//protocol/bluetooth_2.4/lib/EFR32MG1P/GCC/bgapi.a(gecko_bgapi_gap.c.obj) (lib_le_gap_handler_init)
D:/SiliconLabs/SimplicityStudio/v4/developer/sdks/gecko_sdk_suite/v1.1//protocol/bluetooth_2.4/lib/EFR32MG1P/GCC/bgapi.a(bgapi_gatt_lib.c.obj)
                              D:/SiliconLabs/SimplicityStudio/v4/developer/sdks/gecko_sdk_suite/v1.1//protocol/bluetooth_2.4/lib/EFR32MG1P/GCC/bgapi.a(gecko_bgapi_gatt.c.obj) (lib_gatt_handler_init)
D:/SiliconLabs/SimplicityStudio/v4/developer/sdks/gecko_sdk_suite/v1.1//protocol/bluetooth_2.4/lib/EFR32MG1P/GCC/bgapi.a(bgapi_ps.c.obj)
                              D:/SiliconLabs/SimplicityStudio/v4/developer/sdks/gecko_sdk_suite/v1.1//protocol/bluetooth_2.4/lib/EFR32MG1P/GCC/bgapi.a(gecko_bgapi_flash.c.obj) (lib_flash_handler_init)
D:/SiliconLabs/SimplicityStudio/v4/developer/sdks/gecko_sdk_suite/v1.1//protocol/bluetooth_2.4/lib/EFR32MG1P/GCC/bgapi.a(bgapi_sm.c.obj)
                              D:/SiliconLabs/SimplicityStudio/v4/developer/sdks/gecko_sdk_suite/v1.1//protocol/bluetooth_2.4/lib/EFR32MG1P/GCC/bgapi.a(gecko_bgapi_sm.c.obj) (lib_sm_handler_init)
D:/SiliconLabs/SimplicityStudio/v4/developer/sdks/gecko_sdk_suite/v1.1//protocol/bluetooth_2.4/lib/EFR32MG1P/GCC/bgapi.a(bgapi_system.c.obj)
[...]
Memory Configuration

Name             Origin             Length             Attributes
FLASH_BOOTLOADER 0x00000000         0x00004000         xr
FLASH            0x00004000         0x0003b000         xr
RAM              0x20003000         0x00004bfc         xrw
*default*        0x00000000         0xffffffff

Linker script and memory map

LOAD d:/siliconlabs/simplicitystudio/v4/developer/toolchains/gnu_arm/4.9_2015q3/bin/../lib/gcc/arm-none-eabi/4.9.3/armv7e-m/fpu/crti.o
LOAD d:/siliconlabs/simplicitystudio/v4/developer/toolchains/gnu_arm/4.9_2015q3/bin/../lib/gcc/arm-none-eabi/4.9.3/armv7e-m/fpu/crtbegin.o
LOAD d:/siliconlabs/simplicitystudio/v4/developer/toolchains/gnu_arm/4.9_2015q3/bin/../lib/gcc/arm-none-eabi/4.9.3/../../../../arm-none-eabi/lib/armv7e-m/fpu/crt0.o
LOAD ./.metadata/.plugins/org.eclipse.cdt.make.core/specs.o
LOAD ./application_properties.o
LOAD ./gatt_db.o
LOAD ./main.o
LOAD ./bgapi/em_leuart.o
LOAD ./device/EFR32_M_1_1_P/gcc/startup_efr32mg1p.o
LOAD ./emdrv/BRD4160A/dmadrv.o
LOAD ./emdrv/BRD4160A/gpiointerrupt.o
LOAD ./emlib/em_cmu.o
LOAD ./emlib/em_cryotimer.o
LOAD ./emlib/em_gpio.o
LOAD ./emlib/em_i2c.o
LOAD ./emlib/em_msc.o
LOAD ./emlib/em_rtcc.o
LOAD ./emlib/em_system.o
LOAD ./emlib/em_usart.o
LOAD ./src/InitDevice.o
LOAD D:/SiliconLabs/SimplicityStudio/v4/developer/sdks/gecko_sdk_suite/v1.1//protocol/bluetooth_2.4/lib/EFR32MG1P/GCC/bgapi.a
LOAD D:/SiliconLabs/SimplicityStudio/v4/developer/sdks/gecko_sdk_suite/v1.1//protocol/bluetooth_2.4/lib/EFR32MG1P/EABI/stack.a
LOAD D:/SiliconLabs/SimplicityStudio/v4/developer/sdks/gecko_sdk_suite/v1.1//protocol/bluetooth_2.4/lib/EFR32MG1P/EABI/binstack.o
LOAD D:/SiliconLabs/SimplicityStudio/v4/developer/sdks/gecko_sdk_suite/v1.1//protocol/bluetooth_2.4/lib/EFR32MG1P/EABI/binbootloader.o
LOAD d:/siliconlabs/simplicitystudio/v4/developer/toolchains/gnu_arm/4.9_2015q3/bin/../lib/gcc/arm-none-eabi/4.9.3/../../../../arm-none-eabi/lib/armv7e-m/fpu\libm.a
START GROUP
LOAD d:/siliconlabs/simplicitystudio/v4/developer/toolchains/gnu_arm/4.9_2015q3/bin/../lib/gcc/arm-none-eabi/4.9.3/armv7e-m/fpu\libgcc.a
LOAD d:/siliconlabs/simplicitystudio/v4/developer/toolchains/gnu_arm/4.9_2015q3/bin/../lib/gcc/arm-none-eabi/4.9.3/../../../../arm-none-eabi/lib/armv7e-m/fpu\libc.a
LOAD d:/siliconlabs/simplicitystudio/v4/developer/toolchains/gnu_arm/4.9_2015q3/bin/../lib/gcc/arm-none-eabi/4.9.3/../../../../arm-none-eabi/lib/armv7e-m/fpu\libnosys.a
END GROUP
START GROUP
LOAD d:/siliconlabs/simplicitystudio/v4/developer/toolchains/gnu_arm/4.9_2015q3/bin/../lib/gcc/arm-none-eabi/4.9.3/armv7e-m/fpu\libgcc.a
LOAD d:/siliconlabs/simplicitystudio/v4/developer/toolchains/gnu_arm/4.9_2015q3/bin/../lib/gcc/arm-none-eabi/4.9.3/../../../../arm-none-eabi/lib/armv7e-m/fpu\libg.a
LOAD d:/siliconlabs/simplicitystudio/v4/developer/toolchains/gnu_arm/4.9_2015q3/bin/../lib/gcc/arm-none-eabi/4.9.3/../../../../arm-none-eabi/lib/armv7e-m/fpu\libc.a
END GROUP
LOAD d:/siliconlabs/simplicitystudio/v4/developer/toolchains/gnu_arm/4.9_2015q3/bin/../lib/gcc/arm-none-eabi/4.9.3/armv7e-m/fpu/crtend.o
LOAD d:/siliconlabs/simplicitystudio/v4/developer/toolchains/gnu_arm/4.9_2015q3/bin/../lib/gcc/arm-none-eabi/4.9.3/armv7e-m/fpu/crtn.o

.text_bootloader
                0x00000000     0x4000
 *(.binbootloader*)
 .binbootloader
                0x00000000      0x31c D:/SiliconLabs/SimplicityStudio/v4/developer/sdks/gecko_sdk_suite/v1.1//protocol/bluetooth_2.4/lib/EFR32MG1P/EABI/binbootloader.o
                0x00004000                . = ALIGN (0x4000)
 *fill*         0x0000031c     0x3ce4 

.text_stack_bin
                0x00004000    0x1cee3
 *(.binstack*)
 .binstack      0x00004000    0x1cee3 D:/SiliconLabs/SimplicityStudio/v4/developer/sdks/gecko_sdk_suite/v1.1//protocol/bluetooth_2.4/lib/EFR32MG1P/EABI/binstack.o

.text_signature
                0x00020ee3      0x11d
                0x00020f23                . = (. + 0x40)
 *fill*         0x00020ee3       0x40 
                0x00021000                . = ALIGN (0x800)
 *fill*         0x00020f23       0xdd 
                0x00021000                __text_start__ = .

.text_app       0x00021000     0xa7a4
 *(.AAT)
 .AAT           0x00021000       0x80 ./main.o
                0x00021000                AppAddressTable
 *(.vectors)
 .vectors       0x00021080       0xc8 ./device/EFR32_M_1_1_P/gcc/startup_efr32mg1p.o
                0x00021080                __Vectors
                0x00021148                __Vectors_End = .
                0x000000c8                __Vectors_Size = (__Vectors_End - __Vectors)
                0x00021148                __end__ = .
 *(.gecko_configuration)
 *(.xo_configuration)
 *(.gatt_header)
 .gatt_header   0x00021148       0x34 ./gatt_db.o
                0x00021148                bg_gattdb_data
 *(.gatt_data)
 .gatt_data     0x0002117c      0x26a ./gatt_db.o
                0x0002117c                bg_gattdb_data_adv_uuid128_map
                0x0002118c                bg_gattdb_data_adv_uuid16_map
                0x00021190                bg_gattdb_data_attributes_dynamic_mapping_map
                0x0002119c                bg_gattdb_data_attributes_map
                0x000212bc                bg_gattdb_data_attribute_field_0
                0x000212c0                bg_gattdb_data_attribute_field_1
                0x000212c8                bg_gattdb_data_attribute_field_2
                0x000212d0                bg_gattdb_data_attribute_field_4
                0x000212d4                bg_gattdb_data_attribute_field_5
                0x000212dc                bg_gattdb_data_attribute_field_6
                0x000212e4                bg_gattdb_data_attribute_field_7
                0x000212ec                bg_gattdb_data_attribute_field_8
                0x000212f0                bg_gattdb_data_attribute_field_9
                0x000212f4                bg_gattdb_data_attribute_field_10
                0x000212fc                bg_gattdb_data_attribute_field_11
                0x0002130c                bg_gattdb_data_attribute_field_12
                0x00021314                bg_gattdb_data_attribute_field_13
                0x00021320                bg_gattdb_data_attribute_field_14
                0x00021328                bg_gattdb_data_attribute_field_15
                0x00021330                bg_gattdb_data_attribute_field_16
                0x00021344                bg_gattdb_data_attribute_field_17
                0x0002135c                bg_gattdb_data_attribute_field_18
                0x00021364                bg_gattdb_data_attribute_field_19
                0x00021378                bg_gattdb_data_attribute_field_20
                0x00021380                bg_gattdb_data_attribute_field_21
                0x00021388                bg_gattdb_data_attribute_field_22
                0x00021390                bg_gattdb_data_attribute_field_23
                0x00021398                bg_gattdb_data_uuidtable_128_map
                0x000213c8                bg_gattdb_data_uuidtable_16_map
 *(.application_properties)
 *fill*         0x000213e6        0x2 
 .application_properties
                0x000213e8       0x38 ./application_properties.o
                0x000213e8                applicationProperties
 *(.text*)
 .text          0x00021420       0x5c d:/siliconlabs/simplicitystudio/v4/developer/toolchains/gnu_arm/4.9_2015q3/bin/../lib/gcc/arm-none-eabi/4.9.3/armv7e-m/fpu/crtbegin.o
 .text          0x0002147c       0x74 d:/siliconlabs/simplicitystudio/v4/developer/toolchains/gnu_arm/4.9_2015q3/bin/../lib/gcc/arm-none-eabi/4.9.3/../../../../arm-none-eabi/lib/armv7e-m/fpu/crt0.o
                0x0002147c                _start
                0x0002147c                _mainCRTStartup
 .text._write_r
                0x000214f0       0x20 ./main.o
                0x000214f0                _write_r
 .text.startup.main
                0x00021510      0x2f8 ./main.o
                0x00021510                main
 .text.Default_Handler
                0x00021808        0x4 ./device/EFR32_M_1_1_P/gcc/startup_efr32mg1p.o
                0x00021808                DebugMon_Handler
                0x00021808                USART0_TX_IRQHandler
                0x00021808                I2C0_IRQHandler
                0x00021808                HardFault_Handler
                0x00021808                SysTick_Handler
                0x00021808                USART1_RX_IRQHandler
                0x00021808                PendSV_Handler
                0x00021808                NMI_Handler
                0x00021808                SYNTH_IRQHandler
                0x00021808                WDOG0_IRQHandler
                0x00021808                USART1_TX_IRQHandler
                0x00021808                MSC_IRQHandler
                0x00021808                ADC0_IRQHandler
                0x00021808                UsageFault_Handler
                0x00021808                LEUART0_IRQHandler
                0x00021808                FPUEH_IRQHandler
                0x00021808                TIMER0_IRQHandler
                0x00021808                LETIMER0_IRQHandler
                0x00021808                TIMER1_IRQHandler
                0x00021808                RFSENSE_IRQHandler
                0x00021808                BUFC_IRQHandler
                0x00021808                MODEM_IRQHandler
                0x00021808                Default_Handler
                0x00021808                RAC_SEQ_IRQHandler
                0x00021808                FRC_PRI_IRQHandler
                0x00021808                FRC_IRQHandler
                0x00021808                CRYOTIMER_IRQHandler
                0x00021808                PCNT0_IRQHandler
                0x00021808                AGC_IRQHandler
                0x00021808                ACMP0_IRQHandler
                0x00021808                USART0_RX_IRQHandler
                0x00021808                MemManage_Handler
                0x00021808                SVC_Handler
                0x00021808                RTCC_IRQHandler
                0x00021808                CRYPTO_IRQHandler
                0x00021808                CMU_IRQHandler
                0x00021808                RAC_RSM_IRQHandler
                0x00021808                PROTIMER_IRQHandler
                0x00021808                BusFault_Handler
                0x00021808                IDAC0_IRQHandler
 .text.Reset_Handler
                0x0002180c       0x34 ./device/EFR32_M_1_1_P/gcc/startup_efr32mg1p.o
                0x0002180c                Reset_Handler
 .text.LDMA_IRQHandler
                0x00021840       0x7c ./emdrv/BRD4160A/dmadrv.o
                0x00021840                LDMA_IRQHandler
 .text.GPIOINT_IRQDispatcher
                0x000218bc       0x2c ./emdrv/BRD4160A/gpiointerrupt.o
 .text.GPIO_EVEN_IRQHandler
                0x000218e8       0x20 ./emdrv/BRD4160A/gpiointerrupt.o
                0x000218e8                GPIO_EVEN_IRQHandler
 .text.GPIO_ODD_IRQHandler
                0x00021908       0x20 ./emdrv/BRD4160A/gpiointerrupt.o
                0x00021908                GPIO_ODD_IRQHandler
 .text.flashWaitStateControl.isra.0
                0x00021928       0x48 ./emlib/em_cmu.o
 .text.CMU_OscillatorTuningSet.part.3
                0x00021970       0x3c ./emlib/em_cmu.o
 .text.CMU_ClockEnable
                0x000219ac       0x8c ./emlib/em_cmu.o
                0x000219ac                CMU_ClockEnable
 .text.CMU_ClockSelectGet
                0x00021a38       0xcc ./emlib/em_cmu.o
                0x00021a38                CMU_ClockSelectGet
 .text.lfClkGet
                0x00021b04       0x94 ./emlib/em_cmu.o
 .text.CMU_ClockFreqGet
                0x00021b98      0x160 ./emlib/em_cmu.o
                0x00021b98                CMU_ClockFreqGet
 .text.CMU_HFXOAutostartEnable
                0x00021cf8       0x74 ./emlib/em_cmu.o
                0x00021cf8                CMU_HFXOAutostartEnable
 .text.CMU_OscillatorTuningWait
                0x00021d6c       0x5c ./emlib/em_cmu.o
                0x00021d6c                CMU_OscillatorTuningWait
 .text.CMU_OscillatorEnable
                0x00021dc8      0x110 ./emlib/em_cmu.o
                0x00021dc8                CMU_OscillatorEnable
 .text.CMU_ClockSelectSet
                0x00021ed8      0x200 ./emlib/em_cmu.o
                0x00021ed8                CMU_ClockSelectSet
 .text.CMU_HFXOInit
                0x000220d8       0x88 ./emlib/em_cmu.o
                0x000220d8                CMU_HFXOInit
 .text.CMU_LFXOInit
                0x00022160       0x40 ./emlib/em_cmu.o
                0x00022160                CMU_LFXOInit
 .text.GPIO_PinModeSet
                0x000221a0       0x84 ./emlib/em_gpio.o
                0x000221a0                GPIO_PinModeSet
 .text.RTCC_Init
                0x00022224       0x48 ./emlib/em_rtcc.o
                0x00022224                RTCC_Init
 .text.SYSTEM_ChipRevisionGet
                0x0002226c       0x34 ./emlib/em_system.o
                0x0002226c                SYSTEM_ChipRevisionGet
 .text.USART_BaudrateAsyncSet
                0x000222a0       0x68 ./emlib/em_usart.o
                0x000222a0                USART_BaudrateAsyncSet
 .text.USART_Enable
                0x00022308       0x10 ./emlib/em_usart.o
                0x00022308                USART_Enable
 .text.USART_InitAsync
                0x00022318       0xa4 ./emlib/em_usart.o
                0x00022318                USART_InitAsync
 .text.USART_InitPrsTrigger
                0x000223bc       0x2c ./emlib/em_usart.o
                0x000223bc                USART_InitPrsTrigger
 .text.USART_Tx
                0x000223e8        0xc ./emlib/em_usart.o
                0x000223e8                USART_Tx
 .text.EMU_enter_DefaultMode_from_RESET
                0x000223f4       0x74 ./src/InitDevice.o
                0x000223f4                EMU_enter_DefaultMode_from_RESET
 .text.CMU_enter_DefaultMode_from_RESET
                0x00022468      0x128 ./src/InitDevice.o
                0x00022468                CMU_enter_DefaultMode_from_RESET
 .text.RTCC_enter_DefaultMode_from_RESET
                0x00022590       0x44 ./src/InitDevice.o
                0x00022590                RTCC_enter_DefaultMode_from_RESET
 .text.USART0_enter_DefaultMode_from_RESET
                0x000225d4      0x100 ./src/InitDevice.o
                0x000225d4                USART0_enter_DefaultMode_from_RESET
 .text.PORTIO_enter_DefaultMode_from_RESET
                0x000226d4       0x2c ./src/InitDevice.o
                0x000226d4                PORTIO_enter_DefaultMode_from_RESET
 .text.enter_DefaultMode_from_RESET
                0x00022700       0xa8 ./src/InitDevice.o
                0x00022700                enter_DefaultMode_from_RESET
 .text          0x000227a8       0x18 D:/SiliconLabs/SimplicityStudio/v4/developer/sdks/gecko_sdk_suite/v1.1//protocol/bluetooth_2.4/lib/EFR32MG1P/GCC/bgapi.a(gecko_bgapi_hardware.c.obj)
                0x000227a8                gecko_bgapi_class_hardware_init
 .text          0x000227c0       0x18 D:/SiliconLabs/SimplicityStudio/v4/developer/sdks/gecko_sdk_suite/v1.1//protocol/bluetooth_2.4/lib/EFR32MG1P/GCC/bgapi.a(gecko_bgapi_test.c.obj)
                0x000227c0                gecko_bgapi_class_test_init
 .text          0x000227d8       0x18 D:/SiliconLabs/SimplicityStudio/v4/developer/sdks/gecko_sdk_suite/v1.1//protocol/bluetooth_2.4/lib/EFR32MG1P/GCC/bgapi.a(gecko_bgapi_dfu.c.obj)
                0x000227d8                gecko_bgapi_class_dfu_init
 .text          0x000227f0       0x18 D:/SiliconLabs/SimplicityStudio/v4/developer/sdks/gecko_sdk_suite/v1.1//protocol/bluetooth_2.4/lib/EFR32MG1P/GCC/bgapi.a(gecko_bgapi_gap.c.obj)
                0x000227f0                gecko_bgapi_class_le_gap_init
 .text          0x00022808       0x18 D:/SiliconLabs/SimplicityStudio/v4/developer/sdks/gecko_sdk_suite/v1.1//protocol/bluetooth_2.4/lib/EFR32MG1P/GCC/bgapi.a(gecko_bgapi_gatt.c.obj)
                0x00022808                gecko_bgapi_class_gatt_init
 .text          0x00022820       0x18 D:/SiliconLabs/SimplicityStudio/v4/developer/sdks/gecko_sdk_suite/v1.1//protocol/bluetooth_2.4/lib/EFR32MG1P/GCC/bgapi.a(gecko_bgapi_gatt_server.c.obj)
                0x00022820                gecko_bgapi_class_gatt_server_init
 .text          0x00022838       0x18 D:/SiliconLabs/SimplicityStudio/v4/developer/sdks/gecko_sdk_suite/v1.1//protocol/bluetooth_2.4/lib/EFR32MG1P/GCC/bgapi.a(gecko_bgapi_flash.c.obj)
                0x00022838                gecko_bgapi_class_flash_init
 .text          0x00022850       0x18 D:/SiliconLabs/SimplicityStudio/v4/developer/sdks/gecko_sdk_suite/v1.1//protocol/bluetooth_2.4/lib/EFR32MG1P/GCC/bgapi.a(gecko_bgapi_sm.c.obj)
                0x00022850                gecko_bgapi_class_sm_init
 .text          0x00022868       0x18 D:/SiliconLabs/SimplicityStudio/v4/developer/sdks/gecko_sdk_suite/v1.1//protocol/bluetooth_2.4/lib/EFR32MG1P/GCC/bgapi.a(gecko_bgapi_system.c.obj)
                0x00022868                gecko_bgapi_class_system_init
 .text          0x00022880       0x18 D:/SiliconLabs/SimplicityStudio/v4/developer/sdks/gecko_sdk_suite/v1.1//protocol/bluetooth_2.4/lib/EFR32MG1P/GCC/bgapi.a(gecko_bgapi_endpoint.c.obj)
                0x00022880                gecko_bgapi_class_endpoint_init
 .text          0x00022898       0x18 D:/SiliconLabs/SimplicityStudio/v4/developer/sdks/gecko_sdk_suite/v1.1//protocol/bluetooth_2.4/lib/EFR32MG1P/GCC/bgapi.a(gecko_bgapi_le_connection.c.obj)
                0x00022898                gecko_bgapi_class_le_connection_init
 .text          0x000228b0      0x1d0 D:/SiliconLabs/SimplicityStudio/v4/developer/sdks/gecko_sdk_suite/v1.1//protocol/bluetooth_2.4/lib/EFR32MG1P/GCC/bgapi.a(bgapi_hardware.c.obj)
                0x000228b0                soft_timer_comparison
                0x00022944                bgapi_hardware_soft_timer_listener
                0x00022984                lib_hardware_handler_init
                0x00022998                gecko_cmd_hardware_set_soft_timer
                0x000229d8                gecko_cmd_hardware_set_lazy_soft_timer
                0x00022a18                gecko_cmd_hardware_get_time
                0x00022a4c                gecko_cmd_hardware_enable_dcdc
 .text          0x00022a80      0x330 D:/SiliconLabs/SimplicityStudio/v4/developer/sdks/gecko_sdk_suite/v1.1//protocol/bluetooth_2.4/lib/EFR32MG1P/GCC/bgapi.a(bgapi_test_lib.c.obj)
                0x00022a80                bgapi_test_lib_msg_handler
                0x00022ad8                lib_test_handler_init
                0x00022af8                disable_interrupts
                0x00022b1c                gecko_cmd_test_dtm_tx
                0x00022bb0                gecko_cmd_test_dtm_rx
                0x00022bfc                gecko_cmd_test_dtm_end
                0x00022c64                gecko_cmd_test_debug_command
                0x00022d34                gecko_cmd_test_debug_counter
 .text          0x00022db0       0x8c D:/SiliconLabs/SimplicityStudio/v4/developer/sdks/gecko_sdk_suite/v1.1//protocol/bluetooth_2.4/lib/EFR32MG1P/GCC/bgapi.a(bgapi_dfu.c.obj)
                0x00022db0                lib_dfu_handler_init
                0x00022db2                gecko_cmd_dfu_reset
                0x00022db8                gecko_cmd_dfu_flash_set_address
                0x00022de4                gecko_cmd_dfu_flash_upload
                0x00022e10                gecko_cmd_dfu_flash_upload_finish
 .text          0x00022e3c      0x34c D:/SiliconLabs/SimplicityStudio/v4/developer/sdks/gecko_sdk_suite/v1.1//protocol/bluetooth_2.4/lib/EFR32MG1P/GCC/bgapi.a(bgapi_gap.c.obj)
                0x00022e3c                lib_le_gap_handler_init
                0x00022e3e                gecko_cmd_le_gap_set_mode
                0x00022e84                gecko_cmd_le_gap_bt5_set_mode
                0x00022ec8                gecko_cmd_le_gap_set_adv_data
                0x00022f10                gecko_cmd_le_gap_bt5_set_adv_data
                0x00022f44                gecko_cmd_le_gap_set_adv_timeout
                0x00022f98                gecko_cmd_le_gap_open
                0x00022ffc                gecko_cmd_le_gap_discover
                0x00023028                gecko_cmd_le_gap_end_procedure
                0x00023054                gecko_cmd_le_gap_set_adv_parameters
                0x00023088                gecko_cmd_le_gap_bt5_set_adv_parameters
                0x000230c4                gecko_cmd_le_gap_set_scan_parameters
                0x000230f4                gecko_cmd_le_gap_set_conn_parameters
                0x0002312c                gecko_cmd_le_gap_set_phy
                0x00023158                gecko_cmd_le_gap_set_privacy_mode
 .text          0x00023188      0x6c4 D:/SiliconLabs/SimplicityStudio/v4/developer/sdks/gecko_sdk_suite/v1.1//protocol/bluetooth_2.4/lib/EFR32MG1P/GCC/bgapi.a(bgapi_gatt_lib.c.obj)
                0x00023188                lib_gatt_handler_init
                0x0002318c                lib_gatt_server_handler_init
                0x0002318e                gecko_cmd_gatt_set_max_mtu
                0x000231c8                gecko_cmd_gatt_discover_primary_services
                0x000231f8                gecko_cmd_gatt_discover_primary_services_by_uuid
                0x00023234                gecko_cmd_gatt_find_included_services
                0x00023268                gecko_cmd_gatt_discover_characteristics
                0x0002329c                gecko_cmd_gatt_discover_characteristics_by_uuid
                0x000232dc                gecko_cmd_gatt_read_characteristic_value
                0x00023314                gecko_cmd_gatt_read_characteristic_value_from_offset
                0x00023350                gecko_cmd_gatt_read_characteristic_value_by_uuid
                0x00023390                gecko_cmd_gatt_read_multiple_characteristic_values
                0x000233c4                gecko_cmd_gatt_write_characteristic_value
                0x000233fc                gecko_cmd_gatt_write_characteristic_value_without_response
                0x00023440                gecko_cmd_gatt_prepare_characteristic_value_write
                0x00023490                gecko_cmd_gatt_execute_characteristic_value_write
                0x000234c4                gecko_cmd_gatt_set_characteristic_notification
                0x000234fc                gecko_cmd_gatt_discover_descriptors
                0x00023530                gecko_cmd_gatt_read_descriptor_value
                0x00023564                gecko_cmd_gatt_write_descriptor_value
                0x0002359c                gecko_cmd_gatt_server_read_attribute_value
                0x000235e4                gecko_cmd_gatt_server_read_attribute_type
                0x00023628                gecko_cmd_gatt_server_find_attribute
                0x00023664                gecko_cmd_gatt_server_write_attribute_value
                0x00023698                gecko_cmd_gatt_server_send_user_read_response
                0x000236e8                gecko_cmd_gatt_server_send_user_write_response
                0x00023720                gecko_cmd_gatt_server_send_characteristic_notification
                0x0002376c                gecko_cmd_gatt_send_characteristic_confirmation
                0x0002379c                gecko_cmd_gatt_server_set_database
                0x000237cc                gecko_cmd_gatt_server_set_capabilities
                0x000237fc                gecko_cmd_gatt_prepare_characteristic_value_reliable_write
 .text          0x0002384c      0x1d0 D:/SiliconLabs/SimplicityStudio/v4/developer/sdks/gecko_sdk_suite/v1.1//protocol/bluetooth_2.4/lib/EFR32MG1P/GCC/bgapi.a(bgapi_ps.c.obj)
                0x0002384c                bgapi_ps_dump_listener
                0x0002388c                lib_flash_handler_init
                0x000238a0                gecko_cmd_flash_ps_dump
                0x00023938                gecko_cmd_flash_ps_erase_all
                0x00023968                gecko_cmd_flash_ps_save
                0x000239a4                gecko_cmd_flash_ps_load
                0x000239e8                gecko_cmd_flash_ps_erase
 .text          0x00023a1c      0x3cc D:/SiliconLabs/SimplicityStudio/v4/developer/sdks/gecko_sdk_suite/v1.1//protocol/bluetooth_2.4/lib/EFR32MG1P/GCC/bgapi.a(bgapi_sm.c.obj)
                0x00023ae4                lib_sm_handler_init
                0x00023af8                gecko_cmd_sm_list_all_bondings
                0x00023b30                gecko_cmd_sm_increase_security
                0x00023b60                gecko_cmd_sm_set_bondable_mode
                0x00023b8c                gecko_cmd_sm_delete_bonding
                0x00023bbc                gecko_cmd_sm_delete_bondings
                0x00023bec                gecko_cmd_sm_configure
                0x00023c1c                gecko_cmd_sm_enter_passkey
                0x00023c50                gecko_cmd_sm_set_passkey
                0x00023c7c                gecko_cmd_sm_passkey_confirm
                0x00023cb0                gecko_cmd_sm_set_oob_data
                0x00023ce0                gecko_cmd_sm_set_sc_remote_oob_data
                0x00023d10                gecko_cmd_sm_use_sc_oob
                0x00023d50                gecko_cmd_sm_store_bonding_configuration
                0x00023d84                gecko_cmd_sm_bonding_confirm
                0x00023db8                gecko_cmd_sm_set_debug_mode
 .text          0x00023de8      0x1d8 D:/SiliconLabs/SimplicityStudio/v4/developer/sdks/gecko_sdk_suite/v1.1//protocol/bluetooth_2.4/lib/EFR32MG1P/GCC/bgapi.a(bgapi_system.c.obj)
                0x00023de8                bgapi_system_listener
                0x00023e18                lib_system_handler_init
                0x00023e2c                gecko_cmd_system_get_bt_address
                0x00023e64                gecko_cmd_system_set_bt_address
                0x00023e98                gecko_cmd_system_set_device_name
                0x00023ed4                gecko_cmd_system_get_random_data
                0x00023f1c                gecko_cmd_system_halt
                0x00023f50                gecko_cmd_system_set_tx_power
                0x00023f80                gecko_cmd_system_hello
                0x00023fa8                gecko_cmd_system_reset
                0x00023fae                gecko_send_system_awake
 .text          0x00023fc0      0x1ac D:/SiliconLabs/SimplicityStudio/v4/developer/sdks/gecko_sdk_suite/v1.1//protocol/bluetooth_2.4/lib/EFR32MG1P/GCC/bgapi.a(bgapi_endpoint.c.obj)
                0x00023fc0                lib_endpoint_handler_init
                0x00023fc2                gecko_cmd_endpoint_send
                0x0002406c                gecko_cmd_endpoint_set_streaming_destination
                0x000240c4                gecko_cmd_endpoint_close
                0x00024120                gecko_cmd_endpoint_set_flags
                0x00024122                gecko_cmd_endpoint_clr_flags
                0x00024124                gecko_cmd_endpoint_read_counters
 .text          0x0002416c      0x104 D:/SiliconLabs/SimplicityStudio/v4/developer/sdks/gecko_sdk_suite/v1.1//protocol/bluetooth_2.4/lib/EFR32MG1P/GCC/bgapi.a(bgapi_le_connection.c.obj)
                0x0002416c                lib_le_connection_handler_init
                0x0002416e                gecko_cmd_le_connection_set_parameters
                0x000241bc                gecko_cmd_le_connection_get_rssi
                0x000241ec                gecko_cmd_le_connection_disable_slave_latency
                0x00024234                gecko_cmd_le_connection_set_phy
 .text          0x00024270      0xdf0 D:/SiliconLabs/SimplicityStudio/v4/developer/sdks/gecko_sdk_suite/v1.1//protocol/bluetooth_2.4/lib/EFR32MG1P/GCC/bgapi.a(gatt_client.c.obj)
                0x000244d8                gatt_discover_primary_services
                0x00024516                gatt_discover_primary_services_by_uuid
                0x0002456c                gatt_find_included_services
                0x000245bc                gatt_find_included_services_handler
                0x0002466c                gatt_discover_characteristics
                0x0002468e                gatt_discover_characteristics_by_uuid
                0x000246d0                gatt_discover_descriptors
                0x0002470c                gatt_read_characteristic_value
                0x00024744                gatt_read_characteristic_value_by_uuid
                0x0002477e                gatt_read_multiple_characteristic_values
                0x000247a2                gatt_write_characteristic_value
                0x000247c8                gatt_write_characteristic_value_without_response
                0x000247e2                gatt_prepare_characteristic_value_write
                0x00024858                gatt_execute_characteristic_value_write
                0x0002487a                gatt_set_characteristic_notification
                0x000248ba                gatt_read_descriptor_value
                0x000248e2                gatt_write_descriptor_value
                0x00024908                gatt_handle_exchange_mtu_rsp
                0x00024924                gatt_handle_find_information_response
                0x00024a76                gatt_handle_find_by_type_value_response
                0x00024b12                gatt_handle_read_response
                0x00024c70                gatt_handle_read_blob_response
                0x00024ca6                gatt_handle_read_multiple_response
                0x00024ce2                gatt_handle_read_by_type_response
                0x00024e2c                gatt_handle_read_by_group_type_response
                0x00024ed4                gatt_handle_write_response
                0x00024ee8                gatt_handle_prepare_write_response
                0x00024fda                gatt_handle_execute_write_response
                0x00025012                gatt_client_handle_value_notification
                0x00025024                gatt_client_handle_value_indication
                0x00025038                gatt_send_characteristic_confirmation
                0x00025056                gatt_client_init
 .text          0x00025060      0x250 D:/SiliconLabs/SimplicityStudio/v4/developer/sdks/gecko_sdk_suite/v1.1//protocol/bluetooth_2.4/lib/EFR32MG1P/GCC/bgapi.a(ubt_gatt_client.c.obj)
                0x00025060                ubt_gatt_discover_primary_services
                0x00025076                ubt_gatt_discover_primary_services_by_uuid
                0x000250a2                ubt_gatt_find_included_services
                0x000250bc                ubt_gatt_discover_characteristics
                0x000250d6                ubt_gatt_discover_characteristics_by_uuid
                0x00025106                ubt_gatt_discover_descriptors
                0x00025120                ubt_gatt_read_characteristic_value
                0x00025142                ubt_gatt_read_characteristic_value_by_uuid
                0x00025172                ubt_gatt_read_multiple_characteristic_values
                0x00025190                ubt_gatt_write_characteristic_value
                0x000251b2                ubt_gatt_write_characteristic_value_without_response
                0x000251ec                ubt_gatt_prepare_characteristic_value_write
                0x00025226                ubt_gatt_execute_characteristic_value_write
                0x00025240                ubt_gatt_send_characteristic_confirmation
                0x00025256                ubt_gatt_read_descriptor_value
                0x00025270                ubt_gatt_write_descriptor_value
                0x00025292                ubt_gatt_set_characteristic_notification
 .text          0x000252b0      0x4ec D:/SiliconLabs/SimplicityStudio/v4/developer/sdks/gecko_sdk_suite/v1.1//protocol/bluetooth_2.4/lib/EFR32MG1P/GCC/bgapi.a(att_client.c.obj)
                0x000252b0                att_send_find_information_request
                0x000252d6                att_send_find_by_type_value_request
                0x00025308                att_send_read_by_type_request
                0x00025334                att_send_read_request
                0x00025354                att_send_read_blob_request
                0x0002537a                att_send_read_multiple_request
                0x000253a6                att_send_read_by_group_type_request
                0x000253d2                att_send_write_request
                0x000253fe                att_send_write_command
                0x0002542a                att_send_signed_write_command
                0x00025464                att_send_prepare_write_request
                0x000254a0                att_send_execute_write_request
                0x000254be                att_send_handle_value_confirmation
                0x000254d6                validate_gatt_client_pdu_len
                0x00025590                att_gatt_client_handler
 .text          0x0002579c       0x30 d:/siliconlabs/simplicitystudio/v4/developer/toolchains/gnu_arm/4.9_2015q3/bin/../lib/gcc/arm-none-eabi/4.9.3/armv7e-m/fpu\libgcc.a(_aeabi_uldivmod.o)
                0x0002579c                __aeabi_uldivmod
 .text          0x000257cc       0x60 d:/siliconlabs/simplicitystudio/v4/developer/toolchains/gnu_arm/4.9_2015q3/bin/../lib/gcc/arm-none-eabi/4.9.3/armv7e-m/fpu\libgcc.a(bpabi.o)
                0x000257cc                __gnu_ldivmod_helper
                0x000257fc                __gnu_uldivmod_helper
 .text          0x0002582c        0x4 d:/siliconlabs/simplicitystudio/v4/developer/toolchains/gnu_arm/4.9_2015q3/bin/../lib/gcc/arm-none-eabi/4.9.3/armv7e-m/fpu\libgcc.a(_dvmd_tls.o)
                0x0002582c                __aeabi_idiv0
                0x0002582c                __aeabi_ldiv0
 .text          0x00025830      0x29c d:/siliconlabs/simplicitystudio/v4/developer/toolchains/gnu_arm/4.9_2015q3/bin/../lib/gcc/arm-none-eabi/4.9.3/armv7e-m/fpu\libgcc.a(_divdi3.o)
                0x00025830                __divdi3
 .text          0x00025acc      0x26c d:/siliconlabs/simplicitystudio/v4/developer/toolchains/gnu_arm/4.9_2015q3/bin/../lib/gcc/arm-none-eabi/4.9.3/armv7e-m/fpu\libgcc.a(_udivdi3.o)
                0x00025acc                __udivdi3
 .text.exit     0x00025d38       0x20 d:/siliconlabs/simplicitystudio/v4/developer/toolchains/gnu_arm/4.9_2015q3/bin/../lib/gcc/arm-none-eabi/4.9.3/../../../../arm-none-eabi/lib/armv7e-m/fpu\libc.a(lib_a-exit.o)
                0x00025d38                exit
 .text.__libc_init_array
                0x00025d58       0x50 d:/siliconlabs/simplicitystudio/v4/developer/toolchains/gnu_arm/4.9_2015q3/bin/../lib/gcc/arm-none-eabi/4.9.3/../../../../arm-none-eabi/lib/armv7e-m/fpu\libc.a(lib_a-init.o)
                0x00025d58                __libc_init_array
 .text.memcmp   0x00025da8       0x64 d:/siliconlabs/simplicitystudio/v4/developer/toolchains/gnu_arm/4.9_2015q3/bin/../lib/gcc/arm-none-eabi/4.9.3/../../../../arm-none-eabi/lib/armv7e-m/fpu\libc.a(lib_a-memcmp.o)
                0x00025da8                memcmp
 .text          0x00025e0c      0x134 d:/siliconlabs/simplicitystudio/v4/developer/toolchains/gnu_arm/4.9_2015q3/bin/../lib/gcc/arm-none-eabi/4.9.3/../../../../arm-none-eabi/lib/armv7e-m/fpu\libc.a(lib_a-memcpy.o)
                0x00025e0c                memcpy
 .text.memset   0x00025f40       0x9c d:/siliconlabs/simplicitystudio/v4/developer/toolchains/gnu_arm/4.9_2015q3/bin/../lib/gcc/arm-none-eabi/4.9.3/../../../../arm-none-eabi/lib/armv7e-m/fpu\libc.a(lib_a-memset.o)
                0x00025f40                memset
 .text.printf   0x00025fdc       0x28 d:/siliconlabs/simplicitystudio/v4/developer/toolchains/gnu_arm/4.9_2015q3/bin/../lib/gcc/arm-none-eabi/4.9.3/../../../../arm-none-eabi/lib/armv7e-m/fpu\libc.a(lib_a-printf.o)
                0x00025fdc                printf
 .text._puts_r  0x00026004       0x64 d:/siliconlabs/simplicitystudio/v4/developer/toolchains/gnu_arm/4.9_2015q3/bin/../lib/gcc/arm-none-eabi/4.9.3/../../../../arm-none-eabi/lib/armv7e-m/fpu\libc.a(lib_a-puts.o)
                0x00026004                _puts_r
 .text.puts     0x00026068       0x10 d:/siliconlabs/simplicitystudio/v4/developer/toolchains/gnu_arm/4.9_2015q3/bin/../lib/gcc/arm-none-eabi/4.9.3/../../../../arm-none-eabi/lib/armv7e-m/fpu\libc.a(lib_a-puts.o)
                0x00026068                puts
 .text.strlen   0x00026078       0x5c d:/siliconlabs/simplicitystudio/v4/developer/toolchains/gnu_arm/4.9_2015q3/bin/../lib/gcc/arm-none-eabi/4.9.3/../../../../arm-none-eabi/lib/armv7e-m/fpu\libc.a(lib_a-strlen.o)
                0x00026078                strlen
 *fill*         0x000260d4        0x4 
 .text._vfprintf_r
                0x000260d8     0x1424 d:/siliconlabs/simplicitystudio/v4/developer/toolchains/gnu_arm/4.9_2015q3/bin/../lib/gcc/arm-none-eabi/4.9.3/../../../../arm-none-eabi/lib/armv7e-m/fpu\libc.a(lib_a-vfprintf.o)
                0x000260d8                _vfprintf_r
 .text.__sbprintf
                0x000274fc       0x78 d:/siliconlabs/simplicitystudio/v4/developer/toolchains/gnu_arm/4.9_2015q3/bin/../lib/gcc/arm-none-eabi/4.9.3/../../../../arm-none-eabi/lib/armv7e-m/fpu\libc.a(lib_a-vfprintf.o)
 .text.__swsetup_r
                0x00027574       0xc4 d:/siliconlabs/simplicitystudio/v4/developer/toolchains/gnu_arm/4.9_2015q3/bin/../lib/gcc/arm-none-eabi/4.9.3/../../../../arm-none-eabi/lib/armv7e-m/fpu\libc.a(lib_a-wsetup.o)
                0x00027574                __swsetup_r
 .text.startup.register_fini
                0x00027638       0x14 d:/siliconlabs/simplicitystudio/v4/developer/toolchains/gnu_arm/4.9_2015q3/bin/../lib/gcc/arm-none-eabi/4.9.3/../../../../arm-none-eabi/lib/armv7e-m/fpu\libc.a(lib_a-__call_atexit.o)
 .text.__call_exitprocs
                0x0002764c       0xd4 d:/siliconlabs/simplicitystudio/v4/developer/toolchains/gnu_arm/4.9_2015q3/bin/../lib/gcc/arm-none-eabi/4.9.3/../../../../arm-none-eabi/lib/armv7e-m/fpu\libc.a(lib_a-__call_atexit.o)
                0x0002764c                __call_exitprocs
 .text.atexit   0x00027720        0xc d:/siliconlabs/simplicitystudio/v4/developer/toolchains/gnu_arm/4.9_2015q3/bin/../lib/gcc/arm-none-eabi/4.9.3/../../../../arm-none-eabi/lib/armv7e-m/fpu\libc.a(lib_a-atexit.o)
                0x00027720                atexit
 .text.quorem   0x0002772c      0x12c d:/siliconlabs/simplicitystudio/v4/developer/toolchains/gnu_arm/4.9_2015q3/bin/../lib/gcc/arm-none-eabi/4.9.3/../../../../arm-none-eabi/lib/armv7e-m/fpu\libc.a(lib_a-dtoa.o)
 .text._dtoa_r  0x00027858      0xea4 d:/siliconlabs/simplicitystudio/v4/developer/toolchains/gnu_arm/4.9_2015q3/bin/../lib/gcc/arm-none-eabi/4.9.3/../../../../arm-none-eabi/lib/armv7e-m/fpu\libc.a(lib_a-dtoa.o)
                0x00027858                _dtoa_r
 .text.__sflush_r
                0x000286fc      0x154 d:/siliconlabs/simplicitystudio/v4/developer/toolchains/gnu_arm/4.9_2015q3/bin/../lib/gcc/arm-none-eabi/4.9.3/../../../../arm-none-eabi/lib/armv7e-m/fpu\libc.a(lib_a-fflush.o)
                0x000286fc                __sflush_r
 .text._fflush_r
                0x00028850       0x2c d:/siliconlabs/simplicitystudio/v4/developer/toolchains/gnu_arm/4.9_2015q3/bin/../lib/gcc/arm-none-eabi/4.9.3/../../../../arm-none-eabi/lib/armv7e-m/fpu\libc.a(lib_a-fflush.o)
                0x00028850                _fflush_r
 .text._cleanup_r
                0x0002887c        0xc d:/siliconlabs/simplicitystudio/v4/developer/toolchains/gnu_arm/4.9_2015q3/bin/../lib/gcc/arm-none-eabi/4.9.3/../../../../arm-none-eabi/lib/armv7e-m/fpu\libc.a(lib_a-findfp.o)
                0x0002887c                _cleanup_r
 .text.__sinit.part.1
                0x00028888       0xf0 d:/siliconlabs/simplicitystudio/v4/developer/toolchains/gnu_arm/4.9_2015q3/bin/../lib/gcc/arm-none-eabi/4.9.3/../../../../arm-none-eabi/lib/armv7e-m/fpu\libc.a(lib_a-findfp.o)
 .text.__sinit  0x00028978        0xc d:/siliconlabs/simplicitystudio/v4/developer/toolchains/gnu_arm/4.9_2015q3/bin/../lib/gcc/arm-none-eabi/4.9.3/../../../../arm-none-eabi/lib/armv7e-m/fpu\libc.a(lib_a-findfp.o)
                0x00028978                __sinit
 .text.__sfp_lock_acquire
                0x00028984        0x4 d:/siliconlabs/simplicitystudio/v4/developer/toolchains/gnu_arm/4.9_2015q3/bin/../lib/gcc/arm-none-eabi/4.9.3/../../../../arm-none-eabi/lib/armv7e-m/fpu\libc.a(lib_a-findfp.o)
                0x00028984                __sfp_lock_acquire
 .text.__sfp_lock_release
                0x00028988        0x4 d:/siliconlabs/simplicitystudio/v4/developer/toolchains/gnu_arm/4.9_2015q3/bin/../lib/gcc/arm-none-eabi/4.9.3/../../../../arm-none-eabi/lib/armv7e-m/fpu\libc.a(lib_a-findfp.o)
                0x00028988                __sfp_lock_release
 .text.__libc_fini_array
                0x0002898c       0x2c d:/siliconlabs/simplicitystudio/v4/developer/toolchains/gnu_arm/4.9_2015q3/bin/../lib/gcc/arm-none-eabi/4.9.3/../../../../arm-none-eabi/lib/armv7e-m/fpu\libc.a(lib_a-fini.o)
                0x0002898c                __libc_fini_array
 .text._malloc_trim_r
                0x000289b8       0x9c d:/siliconlabs/simplicitystudio/v4/developer/toolchains/gnu_arm/4.9_2015q3/bin/../lib/gcc/arm-none-eabi/4.9.3/../../../../arm-none-eabi/lib/armv7e-m/fpu\libc.a(lib_a-freer.o)
                0x000289b8                _malloc_trim_r
 .text._free_r  0x00028a54      0x1b0 d:/siliconlabs/simplicitystudio/v4/developer/toolchains/gnu_arm/4.9_2015q3/bin/../lib/gcc/arm-none-eabi/4.9.3/../../../../arm-none-eabi/lib/armv7e-m/fpu\libc.a(lib_a-freer.o)
                0x00028a54                _free_r
 .text.__sfvwrite_r
                0x00028c04      0x318 d:/siliconlabs/simplicitystudio/v4/developer/toolchains/gnu_arm/4.9_2015q3/bin/../lib/gcc/arm-none-eabi/4.9.3/../../../../arm-none-eabi/lib/armv7e-m/fpu\libc.a(lib_a-fvwrite.o)
                0x00028c04                __sfvwrite_r
 .text._fwalk_reent
                0x00028f1c       0x54 d:/siliconlabs/simplicitystudio/v4/developer/toolchains/gnu_arm/4.9_2015q3/bin/../lib/gcc/arm-none-eabi/4.9.3/../../../../arm-none-eabi/lib/armv7e-m/fpu\libc.a(lib_a-fwalk.o)
                0x00028f1c                _fwalk_reent
 .text.__locale_charset
                0x00028f70        0x8 d:/siliconlabs/simplicitystudio/v4/developer/toolchains/gnu_arm/4.9_2015q3/bin/../lib/gcc/arm-none-eabi/4.9.3/../../../../arm-none-eabi/lib/armv7e-m/fpu\libc.a(lib_a-locale.o)
                0x00028f70                __locale_charset
 .text.__locale_mb_cur_max
                0x00028f78        0xc d:/siliconlabs/simplicitystudio/v4/developer/toolchains/gnu_arm/4.9_2015q3/bin/../lib/gcc/arm-none-eabi/4.9.3/../../../../arm-none-eabi/lib/armv7e-m/fpu\libc.a(lib_a-locale.o)
                0x00028f78                __locale_mb_cur_max
 .text._localeconv_r
                0x00028f84        0x8 d:/siliconlabs/simplicitystudio/v4/developer/toolchains/gnu_arm/4.9_2015q3/bin/../lib/gcc/arm-none-eabi/4.9.3/../../../../arm-none-eabi/lib/armv7e-m/fpu\libc.a(lib_a-locale.o)
                0x00028f84                _localeconv_r
 .text.__smakebuf_r
                0x00028f8c       0xe0 d:/siliconlabs/simplicitystudio/v4/developer/toolchains/gnu_arm/4.9_2015q3/bin/../lib/gcc/arm-none-eabi/4.9.3/../../../../arm-none-eabi/lib/armv7e-m/fpu\libc.a(lib_a-makebuf.o)
                0x00028f8c                __smakebuf_r
 .text._malloc_r
                0x0002906c      0x524 d:/siliconlabs/simplicitystudio/v4/developer/toolchains/gnu_arm/4.9_2015q3/bin/../lib/gcc/arm-none-eabi/4.9.3/../../../../arm-none-eabi/lib/armv7e-m/fpu\libc.a(lib_a-mallocr.o)
                0x0002906c                _malloc_r
 .text.memchr   0x00029590       0x94 d:/siliconlabs/simplicitystudio/v4/developer/toolchains/gnu_arm/4.9_2015q3/bin/../lib/gcc/arm-none-eabi/4.9.3/../../../../arm-none-eabi/lib/armv7e-m/fpu\libc.a(lib_a-memchr.o)
                0x00029590                memchr
 .text.memmove  0x00029624       0xc8 d:/siliconlabs/simplicitystudio/v4/developer/toolchains/gnu_arm/4.9_2015q3/bin/../lib/gcc/arm-none-eabi/4.9.3/../../../../arm-none-eabi/lib/armv7e-m/fpu\libc.a(lib_a-memmove.o)
                0x00029624                memmove
 .text.__malloc_lock
                0x000296ec        0x4 d:/siliconlabs/simplicitystudio/v4/developer/toolchains/gnu_arm/4.9_2015q3/bin/../lib/gcc/arm-none-eabi/4.9.3/../../../../arm-none-eabi/lib/armv7e-m/fpu\libc.a(lib_a-mlock.o)
                0x000296ec                __malloc_lock
 .text.__malloc_unlock
                0x000296f0        0x4 d:/siliconlabs/simplicitystudio/v4/developer/toolchains/gnu_arm/4.9_2015q3/bin/../lib/gcc/arm-none-eabi/4.9.3/../../../../arm-none-eabi/lib/armv7e-m/fpu\libc.a(lib_a-mlock.o)
                0x000296f0                __malloc_unlock
 .text._Balloc  0x000296f4       0x4c d:/siliconlabs/simplicitystudio/v4/developer/toolchains/gnu_arm/4.9_2015q3/bin/../lib/gcc/arm-none-eabi/4.9.3/../../../../arm-none-eabi/lib/armv7e-m/fpu\libc.a(lib_a-mprec.o)
                0x000296f4                _Balloc
 .text._Bfree   0x00029740       0x14 d:/siliconlabs/simplicitystudio/v4/developer/toolchains/gnu_arm/4.9_2015q3/bin/../lib/gcc/arm-none-eabi/4.9.3/../../../../arm-none-eabi/lib/armv7e-m/fpu\libc.a(lib_a-mprec.o)
                0x00029740                _Bfree
 .text.__multadd
                0x00029754       0x84 d:/siliconlabs/simplicitystudio/v4/developer/toolchains/gnu_arm/4.9_2015q3/bin/../lib/gcc/arm-none-eabi/4.9.3/../../../../arm-none-eabi/lib/armv7e-m/fpu\libc.a(lib_a-mprec.o)
                0x00029754                __multadd
 .text.__hi0bits
                0x000297d8       0x40 d:/siliconlabs/simplicitystudio/v4/developer/toolchains/gnu_arm/4.9_2015q3/bin/../lib/gcc/arm-none-eabi/4.9.3/../../../../arm-none-eabi/lib/armv7e-m/fpu\libc.a(lib_a-mprec.o)
                0x000297d8                __hi0bits
 .text.__lo0bits
                0x00029818       0x5c d:/siliconlabs/simplicitystudio/v4/developer/toolchains/gnu_arm/4.9_2015q3/bin/../lib/gcc/arm-none-eabi/4.9.3/../../../../arm-none-eabi/lib/armv7e-m/fpu\libc.a(lib_a-mprec.o)
                0x00029818                __lo0bits
 .text.__i2b    0x00029874       0x14 d:/siliconlabs/simplicitystudio/v4/developer/toolchains/gnu_arm/4.9_2015q3/bin/../lib/gcc/arm-none-eabi/4.9.3/../../../../arm-none-eabi/lib/armv7e-m/fpu\libc.a(lib_a-mprec.o)
                0x00029874                __i2b
 .text.__multiply
                0x00029888      0x134 d:/siliconlabs/simplicitystudio/v4/developer/toolchains/gnu_arm/4.9_2015q3/bin/../lib/gcc/arm-none-eabi/4.9.3/../../../../arm-none-eabi/lib/armv7e-m/fpu\libc.a(lib_a-mprec.o)
                0x00029888                __multiply
 .text.__pow5mult
                0x000299bc       0xa0 d:/siliconlabs/simplicitystudio/v4/developer/toolchains/gnu_arm/4.9_2015q3/bin/../lib/gcc/arm-none-eabi/4.9.3/../../../../arm-none-eabi/lib/armv7e-m/fpu\libc.a(lib_a-mprec.o)
                0x000299bc                __pow5mult
 .text.__lshift
                0x00029a5c       0xac d:/siliconlabs/simplicitystudio/v4/developer/toolchains/gnu_arm/4.9_2015q3/bin/../lib/gcc/arm-none-eabi/4.9.3/../../../../arm-none-eabi/lib/armv7e-m/fpu\libc.a(lib_a-mprec.o)
                0x00029a5c                __lshift
 .text.__mcmp   0x00029b08       0x48 d:/siliconlabs/simplicitystudio/v4/developer/toolchains/gnu_arm/4.9_2015q3/bin/../lib/gcc/arm-none-eabi/4.9.3/../../../../arm-none-eabi/lib/armv7e-m/fpu\libc.a(lib_a-mprec.o)
                0x00029b08                __mcmp
 .text.__mdiff  0x00029b50       0xd4 d:/siliconlabs/simplicitystudio/v4/developer/toolchains/gnu_arm/4.9_2015q3/bin/../lib/gcc/arm-none-eabi/4.9.3/../../../../arm-none-eabi/lib/armv7e-m/fpu\libc.a(lib_a-mprec.o)
                0x00029b50                __mdiff
 .text.__d2b    0x00029c24       0xbc d:/siliconlabs/simplicitystudio/v4/developer/toolchains/gnu_arm/4.9_2015q3/bin/../lib/gcc/arm-none-eabi/4.9.3/../../../../arm-none-eabi/lib/armv7e-m/fpu\libc.a(lib_a-mprec.o)
                0x00029c24                __d2b
 .text._realloc_r
                0x00029ce0      0x3ec d:/siliconlabs/simplicitystudio/v4/developer/toolchains/gnu_arm/4.9_2015q3/bin/../lib/gcc/arm-none-eabi/4.9.3/../../../../arm-none-eabi/lib/armv7e-m/fpu\libc.a(lib_a-reallocr.o)
                0x00029ce0                _realloc_r
 .text.__fpclassifyd
                0x0002a0cc       0x5c d:/siliconlabs/simplicitystudio/v4/developer/toolchains/gnu_arm/4.9_2015q3/bin/../lib/gcc/arm-none-eabi/4.9.3/../../../../arm-none-eabi/lib/armv7e-m/fpu\libc.a(lib_a-s_fpclassify.o)
                0x0002a0cc                __fpclassifyd
 .text._sbrk_r  0x0002a128       0x24 d:/siliconlabs/simplicitystudio/v4/developer/toolchains/gnu_arm/4.9_2015q3/bin/../lib/gcc/arm-none-eabi/4.9.3/../../../../arm-none-eabi/lib/armv7e-m/fpu\libc.a(lib_a-sbrkr.o)
                0x0002a128                _sbrk_r
 .text.__sread  0x0002a14c       0x24 d:/siliconlabs/simplicitystudio/v4/developer/toolchains/gnu_arm/4.9_2015q3/bin/../lib/gcc/arm-none-eabi/4.9.3/../../../../arm-none-eabi/lib/armv7e-m/fpu\libc.a(lib_a-stdio.o)
                0x0002a14c                __sread
 .text.__swrite
                0x0002a170       0x38 d:/siliconlabs/simplicitystudio/v4/developer/toolchains/gnu_arm/4.9_2015q3/bin/../lib/gcc/arm-none-eabi/4.9.3/../../../../arm-none-eabi/lib/armv7e-m/fpu\libc.a(lib_a-stdio.o)
                0x0002a170                __swrite
 .text.__sseek  0x0002a1a8       0x20 d:/siliconlabs/simplicitystudio/v4/developer/toolchains/gnu_arm/4.9_2015q3/bin/../lib/gcc/arm-none-eabi/4.9.3/../../../../arm-none-eabi/lib/armv7e-m/fpu\libc.a(lib_a-stdio.o)
                0x0002a1a8                __sseek
 .text.__sclose
                0x0002a1c8        0x8 d:/siliconlabs/simplicitystudio/v4/developer/toolchains/gnu_arm/4.9_2015q3/bin/../lib/gcc/arm-none-eabi/4.9.3/../../../../arm-none-eabi/lib/armv7e-m/fpu\libc.a(lib_a-stdio.o)
                0x0002a1c8                __sclose
 .text.__sprint_r.part.0
                0x0002a1d0       0x78 d:/siliconlabs/simplicitystudio/v4/developer/toolchains/gnu_arm/4.9_2015q3/bin/../lib/gcc/arm-none-eabi/4.9.3/../../../../arm-none-eabi/lib/armv7e-m/fpu\libc.a(lib_a-vfiprintf.o)
 .text.__sprint_r
                0x0002a248       0x18 d:/siliconlabs/simplicitystudio/v4/developer/toolchains/gnu_arm/4.9_2015q3/bin/../lib/gcc/arm-none-eabi/4.9.3/../../../../arm-none-eabi/lib/armv7e-m/fpu\libc.a(lib_a-vfiprintf.o)
                0x0002a248                __sprint_r
 .text.__register_exitproc
                0x0002a260       0xa4 d:/siliconlabs/simplicitystudio/v4/developer/toolchains/gnu_arm/4.9_2015q3/bin/../lib/gcc/arm-none-eabi/4.9.3/../../../../arm-none-eabi/lib/armv7e-m/fpu\libc.a(lib_a-__atexit.o)
                0x0002a260                __register_exitproc
 .text._calloc_r
                0x0002a304       0x60 d:/siliconlabs/simplicitystudio/v4/developer/toolchains/gnu_arm/4.9_2015q3/bin/../lib/gcc/arm-none-eabi/4.9.3/../../../../arm-none-eabi/lib/armv7e-m/fpu\libc.a(lib_a-callocr.o)
                0x0002a304                _calloc_r
 .text._close_r
                0x0002a364       0x24 d:/siliconlabs/simplicitystudio/v4/developer/toolchains/gnu_arm/4.9_2015q3/bin/../lib/gcc/arm-none-eabi/4.9.3/../../../../arm-none-eabi/lib/armv7e-m/fpu\libc.a(lib_a-closer.o)
                0x0002a364                _close_r
 .text._fclose_r
                0x0002a388       0x84 d:/siliconlabs/simplicitystudio/v4/developer/toolchains/gnu_arm/4.9_2015q3/bin/../lib/gcc/arm-none-eabi/4.9.3/../../../../arm-none-eabi/lib/armv7e-m/fpu\libc.a(lib_a-fclose.o)
                0x0002a388                _fclose_r
 .text.__fputwc
                0x0002a40c       0xb0 d:/siliconlabs/simplicitystudio/v4/developer/toolchains/gnu_arm/4.9_2015q3/bin/../lib/gcc/arm-none-eabi/4.9.3/../../../../arm-none-eabi/lib/armv7e-m/fpu\libc.a(lib_a-fputwc.o)
                0x0002a40c                __fputwc
 .text._fputwc_r
                0x0002a4bc       0x24 d:/siliconlabs/simplicitystudio/v4/developer/toolchains/gnu_arm/4.9_2015q3/bin/../lib/gcc/arm-none-eabi/4.9.3/../../../../arm-none-eabi/lib/armv7e-m/fpu\libc.a(lib_a-fputwc.o)
                0x0002a4bc                _fputwc_r
 .text._fstat_r
                0x0002a4e0       0x28 d:/siliconlabs/simplicitystudio/v4/developer/toolchains/gnu_arm/4.9_2015q3/bin/../lib/gcc/arm-none-eabi/4.9.3/../../../../arm-none-eabi/lib/armv7e-m/fpu\libc.a(lib_a-fstatr.o)
                0x0002a4e0                _fstat_r
 .text._isatty_r
                0x0002a508       0x24 d:/siliconlabs/simplicitystudio/v4/developer/toolchains/gnu_arm/4.9_2015q3/bin/../lib/gcc/arm-none-eabi/4.9.3/../../../../arm-none-eabi/lib/armv7e-m/fpu\libc.a(lib_a-isattyr.o)
                0x0002a508                _isatty_r
 .text._lseek_r
                0x0002a52c       0x28 d:/siliconlabs/simplicitystudio/v4/developer/toolchains/gnu_arm/4.9_2015q3/bin/../lib/gcc/arm-none-eabi/4.9.3/../../../../arm-none-eabi/lib/armv7e-m/fpu\libc.a(lib_a-lseekr.o)
                0x0002a52c                _lseek_r
 .text._read_r  0x0002a554       0x28 d:/siliconlabs/simplicitystudio/v4/developer/toolchains/gnu_arm/4.9_2015q3/bin/../lib/gcc/arm-none-eabi/4.9.3/../../../../arm-none-eabi/lib/armv7e-m/fpu\libc.a(lib_a-readr.o)
                0x0002a554                _read_r
 .text.__swbuf_r
                0x0002a57c       0xa8 d:/siliconlabs/simplicitystudio/v4/developer/toolchains/gnu_arm/4.9_2015q3/bin/../lib/gcc/arm-none-eabi/4.9.3/../../../../arm-none-eabi/lib/armv7e-m/fpu\libc.a(lib_a-wbuf.o)
                0x0002a57c                __swbuf_r
 .text._wcrtomb_r
                0x0002a624       0x54 d:/siliconlabs/simplicitystudio/v4/developer/toolchains/gnu_arm/4.9_2015q3/bin/../lib/gcc/arm-none-eabi/4.9.3/../../../../arm-none-eabi/lib/armv7e-m/fpu\libc.a(lib_a-wcrtomb.o)
                0x0002a624                _wcrtomb_r
 .text.__ascii_wctomb
                0x0002a678       0x1c d:/siliconlabs/simplicitystudio/v4/developer/toolchains/gnu_arm/4.9_2015q3/bin/../lib/gcc/arm-none-eabi/4.9.3/../../../../arm-none-eabi/lib/armv7e-m/fpu\libc.a(lib_a-wctomb_r.o)
                0x0002a678                __ascii_wctomb
 .text._close   0x0002a694       0x10 d:/siliconlabs/simplicitystudio/v4/developer/toolchains/gnu_arm/4.9_2015q3/bin/../lib/gcc/arm-none-eabi/4.9.3/../../../../arm-none-eabi/lib/armv7e-m/fpu\libnosys.a(close.o)
                0x0002a694                _close
 .text._fstat   0x0002a6a4       0x10 d:/siliconlabs/simplicitystudio/v4/developer/toolchains/gnu_arm/4.9_2015q3/bin/../lib/gcc/arm-none-eabi/4.9.3/../../../../arm-none-eabi/lib/armv7e-m/fpu\libnosys.a(fstat.o)
                0x0002a6a4                _fstat
 .text._isatty  0x0002a6b4       0x10 d:/siliconlabs/simplicitystudio/v4/developer/toolchains/gnu_arm/4.9_2015q3/bin/../lib/gcc/arm-none-eabi/4.9.3/../../../../arm-none-eabi/lib/armv7e-m/fpu\libnosys.a(isatty.o)
                0x0002a6b4                _isatty
 .text._lseek   0x0002a6c4       0x10 d:/siliconlabs/simplicitystudio/v4/developer/toolchains/gnu_arm/4.9_2015q3/bin/../lib/gcc/arm-none-eabi/4.9.3/../../../../arm-none-eabi/lib/armv7e-m/fpu\libnosys.a(lseek.o)
                0x0002a6c4                _lseek
 .text._read    0x0002a6d4       0x10 d:/siliconlabs/simplicitystudio/v4/developer/toolchains/gnu_arm/4.9_2015q3/bin/../lib/gcc/arm-none-eabi/4.9.3/../../../../arm-none-eabi/lib/armv7e-m/fpu\libnosys.a(read.o)
                0x0002a6d4                _read
 .text._sbrk    0x0002a6e4       0x1c d:/siliconlabs/simplicitystudio/v4/developer/toolchains/gnu_arm/4.9_2015q3/bin/../lib/gcc/arm-none-eabi/4.9.3/../../../../arm-none-eabi/lib/armv7e-m/fpu\libnosys.a(sbrk.o)
                0x0002a6e4                _sbrk
 .text._exit    0x0002a700        0x4 d:/siliconlabs/simplicitystudio/v4/developer/toolchains/gnu_arm/4.9_2015q3/bin/../lib/gcc/arm-none-eabi/4.9.3/../../../../arm-none-eabi/lib/armv7e-m/fpu\libnosys.a(_exit.o)
                0x0002a700                _exit
 .text          0x0002a704      0x370 d:/siliconlabs/simplicitystudio/v4/developer/toolchains/gnu_arm/4.9_2015q3/bin/../lib/gcc/arm-none-eabi/4.9.3/armv7e-m/fpu\libgcc.a(_arm_addsubdf3.o)
                0x0002a704                __aeabi_drsub
                0x0002a70c                __aeabi_dsub
                0x0002a70c                __subdf3
                0x0002a710                __aeabi_dadd
                0x0002a710                __adddf3
                0x0002a988                __floatunsidf
                0x0002a988                __aeabi_ui2d
                0x0002a9a8                __floatsidf
                0x0002a9a8                __aeabi_i2d
                0x0002a9cc                __aeabi_f2d
                0x0002a9cc                __extendsfdf2
                0x0002aa08                __floatundidf
                0x0002aa08                __aeabi_ul2d
                0x0002aa18                __floatdidf
                0x0002aa18                __aeabi_l2d
 .text          0x0002aa74      0x424 d:/siliconlabs/simplicitystudio/v4/developer/toolchains/gnu_arm/4.9_2015q3/bin/../lib/gcc/arm-none-eabi/4.9.3/armv7e-m/fpu\libgcc.a(_arm_muldivdf3.o)
                0x0002aa74                __aeabi_dmul
                0x0002aa74                __muldf3
                0x0002acc8                __divdf3
                0x0002acc8                __aeabi_ddiv
 .text          0x0002ae98      0x110 d:/siliconlabs/simplicitystudio/v4/developer/toolchains/gnu_arm/4.9_2015q3/bin/../lib/gcc/arm-none-eabi/4.9.3/armv7e-m/fpu\libgcc.a(_arm_cmpdf2.o)
                0x0002ae98                __gtdf2
                0x0002ae98                __gedf2
                0x0002aea0                __ltdf2
                0x0002aea0                __ledf2
                0x0002aea8                __nedf2
                0x0002aea8                __eqdf2
                0x0002aea8                __cmpdf2
                0x0002af24                __aeabi_cdrcmple
                0x0002af34                __aeabi_cdcmpeq
                0x0002af34                __aeabi_cdcmple
                0x0002af44                __aeabi_dcmpeq
                0x0002af58                __aeabi_dcmplt
                0x0002af6c                __aeabi_dcmple
                0x0002af80                __aeabi_dcmpge
                0x0002af94                __aeabi_dcmpgt
 .text          0x0002afa8       0x50 d:/siliconlabs/simplicitystudio/v4/developer/toolchains/gnu_arm/4.9_2015q3/bin/../lib/gcc/arm-none-eabi/4.9.3/armv7e-m/fpu\libgcc.a(_arm_fixdfsi.o)
                0x0002afa8                __aeabi_d2iz
                0x0002afa8                __fixdfsi
 *(.init)
 .init          0x0002aff8        0x4 d:/siliconlabs/simplicitystudio/v4/developer/toolchains/gnu_arm/4.9_2015q3/bin/../lib/gcc/arm-none-eabi/4.9.3/armv7e-m/fpu/crti.o
                0x0002aff8                _init
 .init          0x0002affc        0x8 d:/siliconlabs/simplicitystudio/v4/developer/toolchains/gnu_arm/4.9_2015q3/bin/../lib/gcc/arm-none-eabi/4.9.3/armv7e-m/fpu/crtn.o
 *(.fini)
 .fini          0x0002b004        0x4 d:/siliconlabs/simplicitystudio/v4/developer/toolchains/gnu_arm/4.9_2015q3/bin/../lib/gcc/arm-none-eabi/4.9.3/armv7e-m/fpu/crti.o
                0x0002b004                _fini
 .fini          0x0002b008        0x8 d:/siliconlabs/simplicitystudio/v4/developer/toolchains/gnu_arm/4.9_2015q3/bin/../lib/gcc/arm-none-eabi/4.9.3/armv7e-m/fpu/crtn.o
 *crtbegin.o(.ctors)
 *crtbegin?.o(.ctors)
 *(EXCLUDE_FILE(*crtend.o *crtend?.o) .ctors)
 *(SORT(.ctors.*))
 *(.ctors)
 *crtbegin.o(.dtors)
 *crtbegin?.o(.dtors)
 *(EXCLUDE_FILE(*crtend.o *crtend?.o) .dtors)
 *(SORT(.dtors.*))
 *(.dtors)
 *(.rodata*)
 .rodata        0x0002b010        0x6 ./main.o
 *fill*         0x0002b016        0x2 
 .rodata.config
                0x0002b018       0x38 ./main.o
 .rodata.str1.4
                0x0002b050      0x1a8 ./main.o
                                0x1ac (size before relaxing)
 .rodata.CSWTCH.45
                0x0002b1f8        0xc ./emlib/em_cmu.o
 .rodata.CSWTCH.46
                0x0002b204       0x10 ./emlib/em_cmu.o
 .rodata.CSWTCH.47
                0x0002b214       0x10 ./emlib/em_cmu.o
 .rodata.CSWTCH.48
                0x0002b224       0x10 ./emlib/em_cmu.o
 .rodata        0x0002b234       0x78 ./src/InitDevice.o
 .rodata        0x0002b2ac       0x28 D:/SiliconLabs/SimplicityStudio/v4/developer/sdks/gecko_sdk_suite/v1.1//protocol/bluetooth_2.4/lib/EFR32MG1P/GCC/bgapi.a(gecko_bgapi_hardware.c.obj)
 .rodata        0x0002b2d4       0x30 D:/SiliconLabs/SimplicityStudio/v4/developer/sdks/gecko_sdk_suite/v1.1//protocol/bluetooth_2.4/lib/EFR32MG1P/GCC/bgapi.a(gecko_bgapi_test.c.obj)
 .rodata        0x0002b304       0x28 D:/SiliconLabs/SimplicityStudio/v4/developer/sdks/gecko_sdk_suite/v1.1//protocol/bluetooth_2.4/lib/EFR32MG1P/GCC/bgapi.a(gecko_bgapi_dfu.c.obj)
 .rodata        0x0002b32c       0x78 D:/SiliconLabs/SimplicityStudio/v4/developer/sdks/gecko_sdk_suite/v1.1//protocol/bluetooth_2.4/lib/EFR32MG1P/GCC/bgapi.a(gecko_bgapi_gap.c.obj)
 .rodata        0x0002b3a4       0xa8 D:/SiliconLabs/SimplicityStudio/v4/developer/sdks/gecko_sdk_suite/v1.1//protocol/bluetooth_2.4/lib/EFR32MG1P/GCC/bgapi.a(gecko_bgapi_gatt.c.obj)
 .rodata        0x0002b44c       0x50 D:/SiliconLabs/SimplicityStudio/v4/developer/sdks/gecko_sdk_suite/v1.1//protocol/bluetooth_2.4/lib/EFR32MG1P/GCC/bgapi.a(gecko_bgapi_gatt_server.c.obj)
 .rodata        0x0002b49c       0x30 D:/SiliconLabs/SimplicityStudio/v4/developer/sdks/gecko_sdk_suite/v1.1//protocol/bluetooth_2.4/lib/EFR32MG1P/GCC/bgapi.a(gecko_bgapi_flash.c.obj)
 .rodata        0x0002b4cc       0x80 D:/SiliconLabs/SimplicityStudio/v4/developer/sdks/gecko_sdk_suite/v1.1//protocol/bluetooth_2.4/lib/EFR32MG1P/GCC/bgapi.a(gecko_bgapi_sm.c.obj)
 .rodata        0x0002b54c       0x48 D:/SiliconLabs/SimplicityStudio/v4/developer/sdks/gecko_sdk_suite/v1.1//protocol/bluetooth_2.4/lib/EFR32MG1P/GCC/bgapi.a(gecko_bgapi_system.c.obj)
 .rodata        0x0002b594       0x38 D:/SiliconLabs/SimplicityStudio/v4/developer/sdks/gecko_sdk_suite/v1.1//protocol/bluetooth_2.4/lib/EFR32MG1P/GCC/bgapi.a(gecko_bgapi_endpoint.c.obj)
 .rodata        0x0002b5cc       0x28 D:/SiliconLabs/SimplicityStudio/v4/developer/sdks/gecko_sdk_suite/v1.1//protocol/bluetooth_2.4/lib/EFR32MG1P/GCC/bgapi.a(gecko_bgapi_le_connection.c.obj)
 .rodata        0x0002b5f4       0x18 D:/SiliconLabs/SimplicityStudio/v4/developer/sdks/gecko_sdk_suite/v1.1//protocol/bluetooth_2.4/lib/EFR32MG1P/GCC/bgapi.a(bgapi_sm.c.obj)
 .rodata        0x0002b60c        0x4 D:/SiliconLabs/SimplicityStudio/v4/developer/sdks/gecko_sdk_suite/v1.1//protocol/bluetooth_2.4/lib/EFR32MG1P/GCC/bgapi.a(gatt_client.c.obj)
 .rodata.str1.4
                0x0002b610        0x2 d:/siliconlabs/simplicitystudio/v4/developer/toolchains/gnu_arm/4.9_2015q3/bin/../lib/gcc/arm-none-eabi/4.9.3/../../../../arm-none-eabi/lib/armv7e-m/fpu\libc.a(lib_a-impure.o)
 *fill*         0x0002b612        0x2 
 .rodata._global_impure_ptr
                0x0002b614        0x4 d:/siliconlabs/simplicitystudio/v4/developer/toolchains/gnu_arm/4.9_2015q3/bin/../lib/gcc/arm-none-eabi/4.9.3/../../../../arm-none-eabi/lib/armv7e-m/fpu\libc.a(lib_a-impure.o)
                0x0002b614                _global_impure_ptr
 .rodata.str1.4
                0x0002b618        0x2 d:/siliconlabs/simplicitystudio/v4/developer/toolchains/gnu_arm/4.9_2015q3/bin/../lib/gcc/arm-none-eabi/4.9.3/../../../../arm-none-eabi/lib/armv7e-m/fpu\libc.a(lib_a-puts.o)
 *fill*         0x0002b61a        0x2 
 .rodata.zeroes.6926
                0x0002b61c       0x10 d:/siliconlabs/simplicitystudio/v4/developer/toolchains/gnu_arm/4.9_2015q3/bin/../lib/gcc/arm-none-eabi/4.9.3/../../../../arm-none-eabi/lib/armv7e-m/fpu\libc.a(lib_a-vfprintf.o)
 .rodata.str1.4
                0x0002b62c       0x42 d:/siliconlabs/simplicitystudio/v4/developer/toolchains/gnu_arm/4.9_2015q3/bin/../lib/gcc/arm-none-eabi/4.9.3/../../../../arm-none-eabi/lib/armv7e-m/fpu\libc.a(lib_a-vfprintf.o)
 *fill*         0x0002b66e        0x2 
 .rodata.blanks.6925
                0x0002b670       0x10 d:/siliconlabs/simplicitystudio/v4/developer/toolchains/gnu_arm/4.9_2015q3/bin/../lib/gcc/arm-none-eabi/4.9.3/../../../../arm-none-eabi/lib/armv7e-m/fpu\libc.a(lib_a-vfprintf.o)
 .rodata.str1.4
                0x0002b680       0x10 d:/siliconlabs/simplicitystudio/v4/developer/toolchains/gnu_arm/4.9_2015q3/bin/../lib/gcc/arm-none-eabi/4.9.3/../../../../arm-none-eabi/lib/armv7e-m/fpu\libc.a(lib_a-dtoa.o)
                                 0x12 (size before relaxing)
 .rodata.str1.4
                0x0002b690        0xc d:/siliconlabs/simplicitystudio/v4/developer/toolchains/gnu_arm/4.9_2015q3/bin/../lib/gcc/arm-none-eabi/4.9.3/../../../../arm-none-eabi/lib/armv7e-m/fpu\libc.a(lib_a-locale.o)
                                 0x12 (size before relaxing)
 *fill*         0x0002b69c        0x4 
 .rodata.__mprec_tens
                0x0002b6a0       0xc8 d:/siliconlabs/simplicitystudio/v4/developer/toolchains/gnu_arm/4.9_2015q3/bin/../lib/gcc/arm-none-eabi/4.9.3/../../../../arm-none-eabi/lib/armv7e-m/fpu\libc.a(lib_a-mprec.o)
                0x0002b6a0                __mprec_tens
 .rodata.p05.5302
                0x0002b768        0xc d:/siliconlabs/simplicitystudio/v4/developer/toolchains/gnu_arm/4.9_2015q3/bin/../lib/gcc/arm-none-eabi/4.9.3/../../../../arm-none-eabi/lib/armv7e-m/fpu\libc.a(lib_a-mprec.o)
 *fill*         0x0002b774        0x4 
 .rodata.__mprec_bigtens
                0x0002b778       0x28 d:/siliconlabs/simplicitystudio/v4/developer/toolchains/gnu_arm/4.9_2015q3/bin/../lib/gcc/arm-none-eabi/4.9.3/../../../../arm-none-eabi/lib/armv7e-m/fpu\libc.a(lib_a-mprec.o)
                0x0002b778                __mprec_bigtens
 *(.eh_frame*)
 .eh_frame      0x0002b7a0        0x0 d:/siliconlabs/simplicitystudio/v4/developer/toolchains/gnu_arm/4.9_2015q3/bin/../lib/gcc/arm-none-eabi/4.9.3/armv7e-m/fpu/crtbegin.o
 .eh_frame      0x0002b7a0        0x0 d:/siliconlabs/simplicitystudio/v4/developer/toolchains/gnu_arm/4.9_2015q3/bin/../lib/gcc/arm-none-eabi/4.9.3/../../../../arm-none-eabi/lib/armv7e-m/fpu\libc.a(lib_a-strcmp.o)
                                 0x70 (size before relaxing)
 .eh_frame      0x0002b7a0        0x4 d:/siliconlabs/simplicitystudio/v4/developer/toolchains/gnu_arm/4.9_2015q3/bin/../lib/gcc/arm-none-eabi/4.9.3/armv7e-m/fpu/crtend.o
                0x0002b7a4                . = ALIGN (0x4)

.glue_7         0x0002b7a4        0x0
 .glue_7        0x00000000        0x0 linker stubs

.glue_7t        0x0002b7a4        0x0
 .glue_7t       0x00000000        0x0 linker stubs

.vfp11_veneer   0x0002b7a4        0x0
 .vfp11_veneer  0x00000000        0x0 linker stubs

.v4_bx          0x0002b7a4        0x0
 .v4_bx         0x00000000        0x0 linker stubs

.iplt           0x0002b7a4        0x0
 .iplt          0x00000000        0x0 d:/siliconlabs/simplicitystudio/v4/developer/toolchains/gnu_arm/4.9_2015q3/bin/../lib/gcc/arm-none-eabi/4.9.3/armv7e-m/fpu/crtbegin.o

.igot.plt       0x0002b7a4        0x0
 .igot.plt      0x00000000        0x0 d:/siliconlabs/simplicitystudio/v4/developer/toolchains/gnu_arm/4.9_2015q3/bin/../lib/gcc/arm-none-eabi/4.9.3/armv7e-m/fpu/crtbegin.o

.text_app_ARM.extab
 *(.ARM.extab* .gnu.linkonce.armextab.*)
                0x0002b7a4                __exidx_start = .

.text_app_ARM.exidx
                0x0002b7a4        0x8
 *(.ARM.exidx* .gnu.linkonce.armexidx.*)
 .ARM.exidx     0x0002b7a4        0x8 d:/siliconlabs/simplicitystudio/v4/developer/toolchains/gnu_arm/4.9_2015q3/bin/../lib/gcc/arm-none-eabi/4.9.3/../../../../arm-none-eabi/lib/armv7e-m/fpu/crt0.o
 .ARM.exidx     0x0002b7ac        0x0 d:/siliconlabs/simplicitystudio/v4/developer/toolchains/gnu_arm/4.9_2015q3/bin/../lib/gcc/arm-none-eabi/4.9.3/armv7e-m/fpu\libgcc.a(_divdi3.o)
                                  0x8 (size before relaxing)
 .ARM.exidx     0x0002b7ac        0x0 d:/siliconlabs/simplicitystudio/v4/developer/toolchains/gnu_arm/4.9_2015q3/bin/../lib/gcc/arm-none-eabi/4.9.3/armv7e-m/fpu\libgcc.a(_udivdi3.o)
                                  0x8 (size before relaxing)
                0x0002b7ac                __exidx_end = .
                0x0002b7ac                __etext = .

.rel.dyn        0x0002b7ac        0x0
 .rel.iplt      0x00000000        0x0 d:/siliconlabs/simplicitystudio/v4/developer/toolchains/gnu_arm/4.9_2015q3/bin/../lib/gcc/arm-none-eabi/4.9.3/armv7e-m/fpu/crtbegin.o

.text_app_data  0x20003000      0x8c4 load address 0x0002b7ac
                0x20003000                __data_start__ = .
 *(vtable)
 *(.data*)
 .data.bg_gattdb_data_attribute_field_6_data
                0x20003000        0xd ./gatt_db.o
                0x20003000                bg_gattdb_data_attribute_field_6_data
 *fill*         0x2000300d        0x3 
 .data.auxHfrcoFreq
                0x20003010        0x4 ./emlib/em_cmu.o
 *fill*         0x20003014        0x4 
 .data.impure_data
                0x20003018      0x428 d:/siliconlabs/simplicitystudio/v4/developer/toolchains/gnu_arm/4.9_2015q3/bin/../lib/gcc/arm-none-eabi/4.9.3/../../../../arm-none-eabi/lib/armv7e-m/fpu\libc.a(lib_a-impure.o)
 .data._impure_ptr
                0x20003440        0x4 d:/siliconlabs/simplicitystudio/v4/developer/toolchains/gnu_arm/4.9_2015q3/bin/../lib/gcc/arm-none-eabi/4.9.3/../../../../arm-none-eabi/lib/armv7e-m/fpu\libc.a(lib_a-impure.o)
                0x20003440                _impure_ptr
 .data.lconv    0x20003444       0x38 d:/siliconlabs/simplicitystudio/v4/developer/toolchains/gnu_arm/4.9_2015q3/bin/../lib/gcc/arm-none-eabi/4.9.3/../../../../arm-none-eabi/lib/armv7e-m/fpu\libc.a(lib_a-locale.o)
 .data.lc_ctype_charset
                0x2000347c       0x20 d:/siliconlabs/simplicitystudio/v4/developer/toolchains/gnu_arm/4.9_2015q3/bin/../lib/gcc/arm-none-eabi/4.9.3/../../../../arm-none-eabi/lib/armv7e-m/fpu\libc.a(lib_a-locale.o)
 .data.__mb_cur_max
                0x2000349c        0x4 d:/siliconlabs/simplicitystudio/v4/developer/toolchains/gnu_arm/4.9_2015q3/bin/../lib/gcc/arm-none-eabi/4.9.3/../../../../arm-none-eabi/lib/armv7e-m/fpu\libc.a(lib_a-locale.o)
                0x2000349c                __mb_cur_max
 .data.__malloc_av_
                0x200034a0      0x408 d:/siliconlabs/simplicitystudio/v4/developer/toolchains/gnu_arm/4.9_2015q3/bin/../lib/gcc/arm-none-eabi/4.9.3/../../../../arm-none-eabi/lib/armv7e-m/fpu\libc.a(lib_a-mallocr.o)
                0x200034a0                __malloc_av_
 .data.__malloc_trim_threshold
                0x200038a8        0x4 d:/siliconlabs/simplicitystudio/v4/developer/toolchains/gnu_arm/4.9_2015q3/bin/../lib/gcc/arm-none-eabi/4.9.3/../../../../arm-none-eabi/lib/armv7e-m/fpu\libc.a(lib_a-mallocr.o)
                0x200038a8                __malloc_trim_threshold
 .data.__malloc_sbrk_base
                0x200038ac        0x4 d:/siliconlabs/simplicitystudio/v4/developer/toolchains/gnu_arm/4.9_2015q3/bin/../lib/gcc/arm-none-eabi/4.9.3/../../../../arm-none-eabi/lib/armv7e-m/fpu\libc.a(lib_a-mallocr.o)
                0x200038ac                __malloc_sbrk_base
 .data.__wctomb
                0x200038b0        0x4 d:/siliconlabs/simplicitystudio/v4/developer/toolchains/gnu_arm/4.9_2015q3/bin/../lib/gcc/arm-none-eabi/4.9.3/../../../../arm-none-eabi/lib/armv7e-m/fpu\libc.a(lib_a-wctomb_r.o)
                0x200038b0                __wctomb
                0x200038b4                . = ALIGN (0x4)
 *(.ram)
                0x200038b4                . = ALIGN (0x4)
                0x200038b4                PROVIDE (__preinit_array_start, .)
 *(.preinit_array)
                0x200038b4                PROVIDE (__preinit_array_end, .)
                0x200038b4                . = ALIGN (0x4)
                0x200038b4                PROVIDE (__init_array_start, .)
 *(SORT(.init_array.*))
 .init_array.00000
                0x200038b4        0x4 d:/siliconlabs/simplicitystudio/v4/developer/toolchains/gnu_arm/4.9_2015q3/bin/../lib/gcc/arm-none-eabi/4.9.3/../../../../arm-none-eabi/lib/armv7e-m/fpu\libc.a(lib_a-__call_atexit.o)
 *(.init_array)
 .init_array    0x200038b8        0x4 d:/siliconlabs/simplicitystudio/v4/developer/toolchains/gnu_arm/4.9_2015q3/bin/../lib/gcc/arm-none-eabi/4.9.3/armv7e-m/fpu/crtbegin.o
                0x200038bc                PROVIDE (__init_array_end, .)
                0x200038bc                . = ALIGN (0x4)
                0x200038bc                PROVIDE (__fini_array_start, .)
 *(SORT(.fini_array.*))
 *(.fini_array)
 .fini_array    0x200038bc        0x4 d:/siliconlabs/simplicitystudio/v4/developer/toolchains/gnu_arm/4.9_2015q3/bin/../lib/gcc/arm-none-eabi/4.9.3/armv7e-m/fpu/crtbegin.o
                0x200038c0                PROVIDE (__fini_array_end, .)
 *(.jcr*)
 .jcr           0x200038c0        0x0 d:/siliconlabs/simplicitystudio/v4/developer/toolchains/gnu_arm/4.9_2015q3/bin/../lib/gcc/arm-none-eabi/4.9.3/armv7e-m/fpu/crtbegin.o
 .jcr           0x200038c0        0x4 d:/siliconlabs/simplicitystudio/v4/developer/toolchains/gnu_arm/4.9_2015q3/bin/../lib/gcc/arm-none-eabi/4.9.3/armv7e-m/fpu/crtend.o
                0x200038c4                . = ALIGN (0x4)
                0x200038c4                __data_end__ = .

.bss            0x200038c4     0x1b38 load address 0x0002c070
                0x200038c4                . = ALIGN (0x4)
                0x200038c4                __bss_start__ = .
 *(.bss*)
 .bss           0x200038c4       0x1c d:/siliconlabs/simplicitystudio/v4/developer/toolchains/gnu_arm/4.9_2015q3/bin/../lib/gcc/arm-none-eabi/4.9.3/armv7e-m/fpu/crtbegin.o
 .bss.bg_gattdb_data_attribute_field_2_data
                0x200038e0        0x4 ./gatt_db.o
                0x200038e0                bg_gattdb_data_attribute_field_2_data
 .bss.bg_gattdb_data_attribute_field_21_data
                0x200038e4        0x1 ./gatt_db.o
                0x200038e4                bg_gattdb_data_attribute_field_21_data
 *fill*         0x200038e5        0x3 
 .bss.bg_gattdb_data_attribute_field_23_data
                0x200038e8        0x4 ./gatt_db.o
                0x200038e8                bg_gattdb_data_attribute_field_23_data
 .bss.i_data    0x200038ec        0x4 ./main.o
 .bss.boot_to_dfu
                0x200038f0        0x1 ./main.o
                0x200038f0                boot_to_dfu
 *fill*         0x200038f1        0x3 
 .bss.chTable   0x200038f4       0xa0 ./emdrv/BRD4160A/dmadrv.o
 .bss.dmaXfer   0x20003994      0x100 ./emdrv/BRD4160A/dmadrv.o
 .bss.gpioCallbacks
                0x20003a94       0x40 ./emdrv/BRD4160A/gpiointerrupt.o
 .bss           0x20003ad4        0x4 D:/SiliconLabs/SimplicityStudio/v4/developer/sdks/gecko_sdk_suite/v1.1//protocol/bluetooth_2.4/lib/EFR32MG1P/GCC/bgapi.a(bgapi_hardware.c.obj)
 .bss           0x20003ad8        0x4 D:/SiliconLabs/SimplicityStudio/v4/developer/sdks/gecko_sdk_suite/v1.1//protocol/bluetooth_2.4/lib/EFR32MG1P/GCC/bgapi.a(bgapi_test_lib.c.obj)
 .bss           0x20003adc        0x2 D:/SiliconLabs/SimplicityStudio/v4/developer/sdks/gecko_sdk_suite/v1.1//protocol/bluetooth_2.4/lib/EFR32MG1P/GCC/bgapi.a(bgapi_gap.c.obj)
                0x20003adc                legacy_maxadv_events
 *fill*         0x20003ade        0x2 
 .bss           0x20003ae0        0x4 D:/SiliconLabs/SimplicityStudio/v4/developer/sdks/gecko_sdk_suite/v1.1//protocol/bluetooth_2.4/lib/EFR32MG1P/GCC/bgapi.a(bgapi_ps.c.obj)
 .bss           0x20003ae4        0x4 D:/SiliconLabs/SimplicityStudio/v4/developer/sdks/gecko_sdk_suite/v1.1//protocol/bluetooth_2.4/lib/EFR32MG1P/GCC/bgapi.a(bgapi_sm.c.obj)
 .bss           0x20003ae8        0x4 D:/SiliconLabs/SimplicityStudio/v4/developer/sdks/gecko_sdk_suite/v1.1//protocol/bluetooth_2.4/lib/EFR32MG1P/GCC/bgapi.a(bgapi_system.c.obj)
 .bss.__malloc_max_total_mem
                0x20003aec        0x4 d:/siliconlabs/simplicitystudio/v4/developer/toolchains/gnu_arm/4.9_2015q3/bin/../lib/gcc/arm-none-eabi/4.9.3/../../../../arm-none-eabi/lib/armv7e-m/fpu\libc.a(lib_a-mallocr.o)
                0x20003aec                __malloc_max_total_mem
 .bss.__malloc_max_sbrked_mem
                0x20003af0        0x4 d:/siliconlabs/simplicitystudio/v4/developer/toolchains/gnu_arm/4.9_2015q3/bin/../lib/gcc/arm-none-eabi/4.9.3/../../../../arm-none-eabi/lib/armv7e-m/fpu\libc.a(lib_a-mallocr.o)
                0x20003af0                __malloc_max_sbrked_mem
 .bss.__malloc_top_pad
                0x20003af4        0x4 d:/siliconlabs/simplicitystudio/v4/developer/toolchains/gnu_arm/4.9_2015q3/bin/../lib/gcc/arm-none-eabi/4.9.3/../../../../arm-none-eabi/lib/armv7e-m/fpu\libc.a(lib_a-mallocr.o)
                0x20003af4                __malloc_top_pad
 .bss.__malloc_current_mallinfo
                0x20003af8       0x28 d:/siliconlabs/simplicitystudio/v4/developer/toolchains/gnu_arm/4.9_2015q3/bin/../lib/gcc/arm-none-eabi/4.9.3/../../../../arm-none-eabi/lib/armv7e-m/fpu\libc.a(lib_a-mallocr.o)
                0x20003af8                __malloc_current_mallinfo
 .bss.heap_end.4079
                0x20003b20        0x4 d:/siliconlabs/simplicitystudio/v4/developer/toolchains/gnu_arm/4.9_2015q3/bin/../lib/gcc/arm-none-eabi/4.9.3/../../../../arm-none-eabi/lib/armv7e-m/fpu\libnosys.a(sbrk.o)
 *(COMMON)
 COMMON         0x20003b24     0x18d0 ./main.o
                0x20003b24                bluetooth_stack_heap
 COMMON         0x200053f4        0x4 D:/SiliconLabs/SimplicityStudio/v4/developer/sdks/gecko_sdk_suite/v1.1//protocol/bluetooth_2.4/lib/EFR32MG1P/GCC/bgapi.a(bgapi_test_lib.c.obj)
                0x200053f4                msg_sender
 COMMON         0x200053f8        0x4 d:/siliconlabs/simplicitystudio/v4/developer/toolchains/gnu_arm/4.9_2015q3/bin/../lib/gcc/arm-none-eabi/4.9.3/../../../../arm-none-eabi/lib/armv7e-m/fpu\libc.a(lib_a-reent.o)
                0x200053f8                errno
                0x200053fc                . = ALIGN (0x4)
                0x200053fc                __bss_end__ = .

.heap           0x20005400      0xc00
                0x20005400                __HeapBase = .
                0x20005400                __end__ = .
                0x20005400                end = __end__
                0x20005400                _end = __end__
 *(.heap*)
 .heap          0x20005400      0xc00 ./device/EFR32_M_1_1_P/gcc/startup_efr32mg1p.o
                0x20006000                __HeapLimit = .

.stack_dummy    0x20006000      0x400
 *(.stack*)
 .stack         0x20006000      0x400 ./device/EFR32_M_1_1_P/gcc/startup_efr32mg1p.o
                0x20007bfc                __StackTop = (ORIGIN (RAM) + 0x4bfc)
                0x200077fc                __StackLimit = (__StackTop - SIZEOF (.stack_dummy))
                0x20007bfc                PROVIDE (__stack, __StackTop)
                0x00000001                ASSERT ((__StackLimit >= __HeapLimit), region RAM overflowed with stack)
OUTPUT(base_station_code.axf elf32-littlearm)

.ARM.attributes
                0x00000000       0x30
 .ARM.attributes
                0x00000000       0x22 d:/siliconlabs/simplicitystudio/v4/developer/toolchains/gnu_arm/4.9_2015q3/bin/../lib/gcc/arm-none-eabi/4.9.3/armv7e-m/fpu/crti.o
 .ARM.attributes
                0x00000022       0x34 d:/siliconlabs/simplicitystudio/v4/developer/toolchains/gnu_arm/4.9_2015q3/bin/../lib/gcc/arm-none-eabi/4.9.3/armv7e-m/fpu/crtbegin.o
 .ARM.attributes
                0x00000056       0x20 d:/siliconlabs/simplicitystudio/v4/developer/toolchains/gnu_arm/4.9_2015q3/bin/../lib/gcc/arm-none-eabi/4.9.3/../../../../arm-none-eabi/lib/armv7e-m/fpu/crt0.o
 .ARM.attributes
                0x00000076       0x39 ./application_properties.o
 .ARM.attributes
                0x000000af       0x39 ./gatt_db.o
 .ARM.attributes
                0x000000e8       0x39 ./main.o
 .ARM.attributes
                0x00000121       0x39 ./device/EFR32_M_1_1_P/gcc/startup_efr32mg1p.o
 .ARM.attributes
                0x0000015a       0x39 ./emdrv/BRD4160A/dmadrv.o
 .ARM.attributes
                0x00000193       0x39 ./emdrv/BRD4160A/gpiointerrupt.o
 .ARM.attributes
                0x000001cc       0x39 ./emlib/em_cmu.o
 .ARM.attributes
                0x00000205       0x39 ./emlib/em_gpio.o
 .ARM.attributes
                0x0000023e       0x39 ./emlib/em_rtcc.o
 .ARM.attributes
                0x00000277       0x39 ./emlib/em_system.o
 .ARM.attributes
                0x000002b0       0x39 ./emlib/em_usart.o
 .ARM.attributes
                0x000002e9       0x39 ./src/InitDevice.o
 .ARM.attributes
                0x00000322       0x39 D:/SiliconLabs/SimplicityStudio/v4/developer/sdks/gecko_sdk_suite/v1.1//protocol/bluetooth_2.4/lib/EFR32MG1P/GCC/bgapi.a(gecko_bgapi_hardware.c.obj)
 .ARM.attributes
                0x0000035b       0x39 D:/SiliconLabs/SimplicityStudio/v4/developer/sdks/gecko_sdk_suite/v1.1//protocol/bluetooth_2.4/lib/EFR32MG1P/GCC/bgapi.a(gecko_bgapi_test.c.obj)
 .ARM.attributes
                0x00000394       0x39 D:/SiliconLabs/SimplicityStudio/v4/developer/sdks/gecko_sdk_suite/v1.1//protocol/bluetooth_2.4/lib/EFR32MG1P/GCC/bgapi.a(gecko_bgapi_dfu.c.obj)
 .ARM.attributes
                0x000003cd       0x39 D:/SiliconLabs/SimplicityStudio/v4/developer/sdks/gecko_sdk_suite/v1.1//protocol/bluetooth_2.4/lib/EFR32MG1P/GCC/bgapi.a(gecko_bgapi_gap.c.obj)
 .ARM.attributes
                0x00000406       0x39 D:/SiliconLabs/SimplicityStudio/v4/developer/sdks/gecko_sdk_suite/v1.1//protocol/bluetooth_2.4/lib/EFR32MG1P/GCC/bgapi.a(gecko_bgapi_gatt.c.obj)
 .ARM.attributes
                0x0000043f       0x39 D:/SiliconLabs/SimplicityStudio/v4/developer/sdks/gecko_sdk_suite/v1.1//protocol/bluetooth_2.4/lib/EFR32MG1P/GCC/bgapi.a(gecko_bgapi_gatt_server.c.obj)
 .ARM.attributes
                0x00000478       0x39 D:/SiliconLabs/SimplicityStudio/v4/developer/sdks/gecko_sdk_suite/v1.1//protocol/bluetooth_2.4/lib/EFR32MG1P/GCC/bgapi.a(gecko_bgapi_flash.c.obj)
 .ARM.attributes
                0x000004b1       0x39 D:/SiliconLabs/SimplicityStudio/v4/developer/sdks/gecko_sdk_suite/v1.1//protocol/bluetooth_2.4/lib/EFR32MG1P/GCC/bgapi.a(gecko_bgapi_sm.c.obj)
 .ARM.attributes
                0x000004ea       0x39 D:/SiliconLabs/SimplicityStudio/v4/developer/sdks/gecko_sdk_suite/v1.1//protocol/bluetooth_2.4/lib/EFR32MG1P/GCC/bgapi.a(gecko_bgapi_system.c.obj)
 .ARM.attributes
                0x00000523       0x39 D:/SiliconLabs/SimplicityStudio/v4/developer/sdks/gecko_sdk_suite/v1.1//protocol/bluetooth_2.4/lib/EFR32MG1P/GCC/bgapi.a(gecko_bgapi_endpoint.c.obj)
 .ARM.attributes
                0x0000055c       0x39 D:/SiliconLabs/SimplicityStudio/v4/developer/sdks/gecko_sdk_suite/v1.1//protocol/bluetooth_2.4/lib/EFR32MG1P/GCC/bgapi.a(gecko_bgapi_le_connection.c.obj)
 .ARM.attributes
                0x00000595       0x39 D:/SiliconLabs/SimplicityStudio/v4/developer/sdks/gecko_sdk_suite/v1.1//protocol/bluetooth_2.4/lib/EFR32MG1P/GCC/bgapi.a(bgapi_hardware.c.obj)
 .ARM.attributes
                0x000005ce       0x39 D:/SiliconLabs/SimplicityStudio/v4/developer/sdks/gecko_sdk_suite/v1.1//protocol/bluetooth_2.4/lib/EFR32MG1P/GCC/bgapi.a(bgapi_test_lib.c.obj)
 .ARM.attributes
                0x00000607       0x39 D:/SiliconLabs/SimplicityStudio/v4/developer/sdks/gecko_sdk_suite/v1.1//protocol/bluetooth_2.4/lib/EFR32MG1P/GCC/bgapi.a(bgapi_dfu.c.obj)
 .ARM.attributes
                0x00000640       0x39 D:/SiliconLabs/SimplicityStudio/v4/developer/sdks/gecko_sdk_suite/v1.1//protocol/bluetooth_2.4/lib/EFR32MG1P/GCC/bgapi.a(bgapi_gap.c.obj)
 .ARM.attributes
                0x00000679       0x39 D:/SiliconLabs/SimplicityStudio/v4/developer/sdks/gecko_sdk_suite/v1.1//protocol/bluetooth_2.4/lib/EFR32MG1P/GCC/bgapi.a(bgapi_gatt_lib.c.obj)
 .ARM.attributes
                0x000006b2       0x39 D:/SiliconLabs/SimplicityStudio/v4/developer/sdks/gecko_sdk_suite/v1.1//protocol/bluetooth_2.4/lib/EFR32MG1P/GCC/bgapi.a(bgapi_ps.c.obj)
 .ARM.attributes
                0x000006eb       0x39 D:/SiliconLabs/SimplicityStudio/v4/developer/sdks/gecko_sdk_suite/v1.1//protocol/bluetooth_2.4/lib/EFR32MG1P/GCC/bgapi.a(bgapi_sm.c.obj)
 .ARM.attributes
                0x00000724       0x39 D:/SiliconLabs/SimplicityStudio/v4/developer/sdks/gecko_sdk_suite/v1.1//protocol/bluetooth_2.4/lib/EFR32MG1P/GCC/bgapi.a(bgapi_system.c.obj)
 .ARM.attributes
                0x0000075d       0x39 D:/SiliconLabs/SimplicityStudio/v4/developer/sdks/gecko_sdk_suite/v1.1//protocol/bluetooth_2.4/lib/EFR32MG1P/GCC/bgapi.a(bgapi_endpoint.c.obj)
 .ARM.attributes
                0x00000796       0x39 D:/SiliconLabs/SimplicityStudio/v4/developer/sdks/gecko_sdk_suite/v1.1//protocol/bluetooth_2.4/lib/EFR32MG1P/GCC/bgapi.a(bgapi_le_connection.c.obj)
 .ARM.attributes
                0x000007cf       0x39 D:/SiliconLabs/SimplicityStudio/v4/developer/sdks/gecko_sdk_suite/v1.1//protocol/bluetooth_2.4/lib/EFR32MG1P/GCC/bgapi.a(gatt_client.c.obj)
 .ARM.attributes
                0x00000808       0x39 D:/SiliconLabs/SimplicityStudio/v4/developer/sdks/gecko_sdk_suite/v1.1//protocol/bluetooth_2.4/lib/EFR32MG1P/GCC/bgapi.a(ubt_gatt_client.c.obj)
 .ARM.attributes
                0x00000841       0x39 D:/SiliconLabs/SimplicityStudio/v4/developer/sdks/gecko_sdk_suite/v1.1//protocol/bluetooth_2.4/lib/EFR32MG1P/GCC/bgapi.a(att_client.c.obj)
 .ARM.attributes
                0x0000087a       0x1c D:/SiliconLabs/SimplicityStudio/v4/developer/sdks/gecko_sdk_suite/v1.1//protocol/bluetooth_2.4/lib/EFR32MG1P/EABI/binstack.o
 .ARM.attributes
                0x00000896       0x1c D:/SiliconLabs/SimplicityStudio/v4/developer/sdks/gecko_sdk_suite/v1.1//protocol/bluetooth_2.4/lib/EFR32MG1P/EABI/binbootloader.o
 .ARM.attributes
                0x000008b2       0x22 d:/siliconlabs/simplicitystudio/v4/developer/toolchains/gnu_arm/4.9_2015q3/bin/../lib/gcc/arm-none-eabi/4.9.3/armv7e-m/fpu\libgcc.a(_aeabi_uldivmod.o)
 .ARM.attributes
                0x000008d4       0x34 d:/siliconlabs/simplicitystudio/v4/developer/toolchains/gnu_arm/4.9_2015q3/bin/../lib/gcc/arm-none-eabi/4.9.3/armv7e-m/fpu\libgcc.a(bpabi.o)
 .ARM.attributes
                0x00000908       0x22 d:/siliconlabs/simplicitystudio/v4/developer/toolchains/gnu_arm/4.9_2015q3/bin/../lib/gcc/arm-none-eabi/4.9.3/armv7e-m/fpu\libgcc.a(_dvmd_tls.o)
 .ARM.attributes
                0x0000092a       0x34 d:/siliconlabs/simplicitystudio/v4/developer/toolchains/gnu_arm/4.9_2015q3/bin/../lib/gcc/arm-none-eabi/4.9.3/armv7e-m/fpu\libgcc.a(_divdi3.o)
 .ARM.attributes
                0x0000095e       0x34 d:/siliconlabs/simplicitystudio/v4/developer/toolchains/gnu_arm/4.9_2015q3/bin/../lib/gcc/arm-none-eabi/4.9.3/armv7e-m/fpu\libgcc.a(_udivdi3.o)
 .ARM.attributes
                0x00000992       0x34 d:/siliconlabs/simplicitystudio/v4/developer/toolchains/gnu_arm/4.9_2015q3/bin/../lib/gcc/arm-none-eabi/4.9.3/../../../../arm-none-eabi/lib/armv7e-m/fpu\libc.a(lib_a-exit.o)
 .ARM.attributes
                0x000009c6       0x34 d:/siliconlabs/simplicitystudio/v4/developer/toolchains/gnu_arm/4.9_2015q3/bin/../lib/gcc/arm-none-eabi/4.9.3/../../../../arm-none-eabi/lib/armv7e-m/fpu\libc.a(lib_a-impure.o)
 .ARM.attributes
                0x000009fa       0x34 d:/siliconlabs/simplicitystudio/v4/developer/toolchains/gnu_arm/4.9_2015q3/bin/../lib/gcc/arm-none-eabi/4.9.3/../../../../arm-none-eabi/lib/armv7e-m/fpu\libc.a(lib_a-init.o)
 .ARM.attributes
                0x00000a2e       0x34 d:/siliconlabs/simplicitystudio/v4/developer/toolchains/gnu_arm/4.9_2015q3/bin/../lib/gcc/arm-none-eabi/4.9.3/../../../../arm-none-eabi/lib/armv7e-m/fpu\libc.a(lib_a-memcmp.o)
 .ARM.attributes
                0x00000a62       0x20 d:/siliconlabs/simplicitystudio/v4/developer/toolchains/gnu_arm/4.9_2015q3/bin/../lib/gcc/arm-none-eabi/4.9.3/../../../../arm-none-eabi/lib/armv7e-m/fpu\libc.a(lib_a-memcpy.o)
 .ARM.attributes
                0x00000a82       0x34 d:/siliconlabs/simplicitystudio/v4/developer/toolchains/gnu_arm/4.9_2015q3/bin/../lib/gcc/arm-none-eabi/4.9.3/../../../../arm-none-eabi/lib/armv7e-m/fpu\libc.a(lib_a-memset.o)
 .ARM.attributes
                0x00000ab6       0x34 d:/siliconlabs/simplicitystudio/v4/developer/toolchains/gnu_arm/4.9_2015q3/bin/../lib/gcc/arm-none-eabi/4.9.3/../../../../arm-none-eabi/lib/armv7e-m/fpu\libc.a(lib_a-printf.o)
 .ARM.attributes
                0x00000aea       0x34 d:/siliconlabs/simplicitystudio/v4/developer/toolchains/gnu_arm/4.9_2015q3/bin/../lib/gcc/arm-none-eabi/4.9.3/../../../../arm-none-eabi/lib/armv7e-m/fpu\libc.a(lib_a-puts.o)
 .ARM.attributes
                0x00000b1e       0x34 d:/siliconlabs/simplicitystudio/v4/developer/toolchains/gnu_arm/4.9_2015q3/bin/../lib/gcc/arm-none-eabi/4.9.3/../../../../arm-none-eabi/lib/armv7e-m/fpu\libc.a(lib_a-strlen.o)
 .ARM.attributes
                0x00000b52       0x34 d:/siliconlabs/simplicitystudio/v4/developer/toolchains/gnu_arm/4.9_2015q3/bin/../lib/gcc/arm-none-eabi/4.9.3/../../../../arm-none-eabi/lib/armv7e-m/fpu\libc.a(lib_a-vfprintf.o)
 .ARM.attributes
                0x00000b86       0x34 d:/siliconlabs/simplicitystudio/v4/developer/toolchains/gnu_arm/4.9_2015q3/bin/../lib/gcc/arm-none-eabi/4.9.3/../../../../arm-none-eabi/lib/armv7e-m/fpu\libc.a(lib_a-wsetup.o)
 .ARM.attributes
                0x00000bba       0x34 d:/siliconlabs/simplicitystudio/v4/developer/toolchains/gnu_arm/4.9_2015q3/bin/../lib/gcc/arm-none-eabi/4.9.3/../../../../arm-none-eabi/lib/armv7e-m/fpu\libc.a(lib_a-__call_atexit.o)
 .ARM.attributes
                0x00000bee       0x34 d:/siliconlabs/simplicitystudio/v4/developer/toolchains/gnu_arm/4.9_2015q3/bin/../lib/gcc/arm-none-eabi/4.9.3/../../../../arm-none-eabi/lib/armv7e-m/fpu\libc.a(lib_a-atexit.o)
 .ARM.attributes
                0x00000c22       0x34 d:/siliconlabs/simplicitystudio/v4/developer/toolchains/gnu_arm/4.9_2015q3/bin/../lib/gcc/arm-none-eabi/4.9.3/../../../../arm-none-eabi/lib/armv7e-m/fpu\libc.a(lib_a-dtoa.o)
 .ARM.attributes
                0x00000c56       0x34 d:/siliconlabs/simplicitystudio/v4/developer/toolchains/gnu_arm/4.9_2015q3/bin/../lib/gcc/arm-none-eabi/4.9.3/../../../../arm-none-eabi/lib/armv7e-m/fpu\libc.a(lib_a-fflush.o)
 .ARM.attributes
                0x00000c8a       0x34 d:/siliconlabs/simplicitystudio/v4/developer/toolchains/gnu_arm/4.9_2015q3/bin/../lib/gcc/arm-none-eabi/4.9.3/../../../../arm-none-eabi/lib/armv7e-m/fpu\libc.a(lib_a-findfp.o)
 .ARM.attributes
                0x00000cbe       0x34 d:/siliconlabs/simplicitystudio/v4/developer/toolchains/gnu_arm/4.9_2015q3/bin/../lib/gcc/arm-none-eabi/4.9.3/../../../../arm-none-eabi/lib/armv7e-m/fpu\libc.a(lib_a-fini.o)
 .ARM.attributes
                0x00000cf2       0x34 d:/siliconlabs/simplicitystudio/v4/developer/toolchains/gnu_arm/4.9_2015q3/bin/../lib/gcc/arm-none-eabi/4.9.3/../../../../arm-none-eabi/lib/armv7e-m/fpu\libc.a(lib_a-freer.o)
 .ARM.attributes
                0x00000d26       0x34 d:/siliconlabs/simplicitystudio/v4/developer/toolchains/gnu_arm/4.9_2015q3/bin/../lib/gcc/arm-none-eabi/4.9.3/../../../../arm-none-eabi/lib/armv7e-m/fpu\libc.a(lib_a-fvwrite.o)
 .ARM.attributes
                0x00000d5a       0x34 d:/siliconlabs/simplicitystudio/v4/developer/toolchains/gnu_arm/4.9_2015q3/bin/../lib/gcc/arm-none-eabi/4.9.3/../../../../arm-none-eabi/lib/armv7e-m/fpu\libc.a(lib_a-fwalk.o)
 .ARM.attributes
                0x00000d8e       0x34 d:/siliconlabs/simplicitystudio/v4/developer/toolchains/gnu_arm/4.9_2015q3/bin/../lib/gcc/arm-none-eabi/4.9.3/../../../../arm-none-eabi/lib/armv7e-m/fpu\libc.a(lib_a-locale.o)
 .ARM.attributes
                0x00000dc2       0x34 d:/siliconlabs/simplicitystudio/v4/developer/toolchains/gnu_arm/4.9_2015q3/bin/../lib/gcc/arm-none-eabi/4.9.3/../../../../arm-none-eabi/lib/armv7e-m/fpu\libc.a(lib_a-makebuf.o)
 .ARM.attributes
                0x00000df6       0x34 d:/siliconlabs/simplicitystudio/v4/developer/toolchains/gnu_arm/4.9_2015q3/bin/../lib/gcc/arm-none-eabi/4.9.3/../../../../arm-none-eabi/lib/armv7e-m/fpu\libc.a(lib_a-mallocr.o)
 .ARM.attributes
                0x00000e2a       0x34 d:/siliconlabs/simplicitystudio/v4/developer/toolchains/gnu_arm/4.9_2015q3/bin/../lib/gcc/arm-none-eabi/4.9.3/../../../../arm-none-eabi/lib/armv7e-m/fpu\libc.a(lib_a-memchr.o)
 .ARM.attributes
                0x00000e5e       0x34 d:/siliconlabs/simplicitystudio/v4/developer/toolchains/gnu_arm/4.9_2015q3/bin/../lib/gcc/arm-none-eabi/4.9.3/../../../../arm-none-eabi/lib/armv7e-m/fpu\libc.a(lib_a-memmove.o)
 .ARM.attributes
                0x00000e92       0x34 d:/siliconlabs/simplicitystudio/v4/developer/toolchains/gnu_arm/4.9_2015q3/bin/../lib/gcc/arm-none-eabi/4.9.3/../../../../arm-none-eabi/lib/armv7e-m/fpu\libc.a(lib_a-mlock.o)
 .ARM.attributes
                0x00000ec6       0x34 d:/siliconlabs/simplicitystudio/v4/developer/toolchains/gnu_arm/4.9_2015q3/bin/../lib/gcc/arm-none-eabi/4.9.3/../../../../arm-none-eabi/lib/armv7e-m/fpu\libc.a(lib_a-mprec.o)
 .ARM.attributes
                0x00000efa       0x34 d:/siliconlabs/simplicitystudio/v4/developer/toolchains/gnu_arm/4.9_2015q3/bin/../lib/gcc/arm-none-eabi/4.9.3/../../../../arm-none-eabi/lib/armv7e-m/fpu\libc.a(lib_a-reallocr.o)
 .ARM.attributes
                0x00000f2e       0x34 d:/siliconlabs/simplicitystudio/v4/developer/toolchains/gnu_arm/4.9_2015q3/bin/../lib/gcc/arm-none-eabi/4.9.3/../../../../arm-none-eabi/lib/armv7e-m/fpu\libc.a(lib_a-s_fpclassify.o)
 .ARM.attributes
                0x00000f62       0x34 d:/siliconlabs/simplicitystudio/v4/developer/toolchains/gnu_arm/4.9_2015q3/bin/../lib/gcc/arm-none-eabi/4.9.3/../../../../arm-none-eabi/lib/armv7e-m/fpu\libc.a(lib_a-sbrkr.o)
 .ARM.attributes
                0x00000f96       0x34 d:/siliconlabs/simplicitystudio/v4/developer/toolchains/gnu_arm/4.9_2015q3/bin/../lib/gcc/arm-none-eabi/4.9.3/../../../../arm-none-eabi/lib/armv7e-m/fpu\libc.a(lib_a-stdio.o)
 .ARM.attributes
                0x00000fca       0x20 d:/siliconlabs/simplicitystudio/v4/developer/toolchains/gnu_arm/4.9_2015q3/bin/../lib/gcc/arm-none-eabi/4.9.3/../../../../arm-none-eabi/lib/armv7e-m/fpu\libc.a(lib_a-strcmp.o)
 .ARM.attributes
                0x00000fea       0x34 d:/siliconlabs/simplicitystudio/v4/developer/toolchains/gnu_arm/4.9_2015q3/bin/../lib/gcc/arm-none-eabi/4.9.3/../../../../arm-none-eabi/lib/armv7e-m/fpu\libc.a(lib_a-vfiprintf.o)
 .ARM.attributes
                0x0000101e       0x34 d:/siliconlabs/simplicitystudio/v4/developer/toolchains/gnu_arm/4.9_2015q3/bin/../lib/gcc/arm-none-eabi/4.9.3/../../../../arm-none-eabi/lib/armv7e-m/fpu\libc.a(lib_a-__atexit.o)
 .ARM.attributes