Archive member included because of file (symbol)

E:/workSoftWare/SiliconLabs/SimplicityStudio/v4/developer/sdks/gecko_sdk_suite/v1.1//protocol/bluetooth_2.4/lib/EFR32MG1P/GCC/bgapi.a(gecko_bgapi_hardware.c.obj)
                              ./main.o (gecko_bgapi_class_hardware_init)
E:/workSoftWare/SiliconLabs/SimplicityStudio/v4/developer/sdks/gecko_sdk_suite/v1.1//protocol/bluetooth_2.4/lib/EFR32MG1P/GCC/bgapi.a(gecko_bgapi_test.c.obj)
                              ./main.o (gecko_bgapi_class_test_init)
E:/workSoftWare/SiliconLabs/SimplicityStudio/v4/developer/sdks/gecko_sdk_suite/v1.1//protocol/bluetooth_2.4/lib/EFR32MG1P/GCC/bgapi.a(gecko_bgapi_dfu.c.obj)
                              ./main.o (gecko_bgapi_class_dfu_init)
E:/workSoftWare/SiliconLabs/SimplicityStudio/v4/developer/sdks/gecko_sdk_suite/v1.1//protocol/bluetooth_2.4/lib/EFR32MG1P/GCC/bgapi.a(gecko_bgapi_gap.c.obj)
                              ./main.o (gecko_bgapi_class_le_gap_init)
E:/workSoftWare/SiliconLabs/SimplicityStudio/v4/developer/sdks/gecko_sdk_suite/v1.1//protocol/bluetooth_2.4/lib/EFR32MG1P/GCC/bgapi.a(gecko_bgapi_gatt.c.obj)
                              ./main.o (gecko_bgapi_class_gatt_init)
E:/workSoftWare/SiliconLabs/SimplicityStudio/v4/developer/sdks/gecko_sdk_suite/v1.1//protocol/bluetooth_2.4/lib/EFR32MG1P/GCC/bgapi.a(gecko_bgapi_gatt_server.c.obj)
                              ./main.o (gecko_bgapi_class_gatt_server_init)
E:/workSoftWare/SiliconLabs/SimplicityStudio/v4/developer/sdks/gecko_sdk_suite/v1.1//protocol/bluetooth_2.4/lib/EFR32MG1P/GCC/bgapi.a(gecko_bgapi_flash.c.obj)
                              ./main.o (gecko_bgapi_class_flash_init)
E:/workSoftWare/SiliconLabs/SimplicityStudio/v4/developer/sdks/gecko_sdk_suite/v1.1//protocol/bluetooth_2.4/lib/EFR32MG1P/GCC/bgapi.a(gecko_bgapi_sm.c.obj)
                              ./main.o (gecko_bgapi_class_sm_init)
E:/workSoftWare/SiliconLabs/SimplicityStudio/v4/developer/sdks/gecko_sdk_suite/v1.1//protocol/bluetooth_2.4/lib/EFR32MG1P/GCC/bgapi.a(gecko_bgapi_system.c.obj)
                              ./main.o (gecko_bgapi_class_system_init)
E:/workSoftWare/SiliconLabs/SimplicityStudio/v4/developer/sdks/gecko_sdk_suite/v1.1//protocol/bluetooth_2.4/lib/EFR32MG1P/GCC/bgapi.a(gecko_bgapi_endpoint.c.obj)
                              ./main.o (gecko_bgapi_class_endpoint_init)
E:/workSoftWare/SiliconLabs/SimplicityStudio/v4/developer/sdks/gecko_sdk_suite/v1.1//protocol/bluetooth_2.4/lib/EFR32MG1P/GCC/bgapi.a(gecko_bgapi_le_connection.c.obj)
                              ./main.o (gecko_bgapi_class_le_connection_init)
E:/workSoftWare/SiliconLabs/SimplicityStudio/v4/developer/sdks/gecko_sdk_suite/v1.1//protocol/bluetooth_2.4/lib/EFR32MG1P/GCC/bgapi.a(bgapi_hardware.c.obj)
                              E:/workSoftWare/SiliconLabs/SimplicityStudio/v4/developer/sdks/gecko_sdk_suite/v1.1//protocol/bluetooth_2.4/lib/EFR32MG1P/GCC/bgapi.a(gecko_bgapi_hardware.c.obj) (lib_hardware_handler_init)
E:/workSoftWare/SiliconLabs/SimplicityStudio/v4/developer/sdks/gecko_sdk_suite/v1.1//protocol/bluetooth_2.4/lib/EFR32MG1P/GCC/bgapi.a(bgapi_test_lib.c.obj)
                              E:/workSoftWare/SiliconLabs/SimplicityStudio/v4/developer/sdks/gecko_sdk_suite/v1.1//protocol/bluetooth_2.4/lib/EFR32MG1P/GCC/bgapi.a(gecko_bgapi_test.c.obj) (lib_test_handler_init)
E:/workSoftWare/SiliconLabs/SimplicityStudio/v4/developer/sdks/gecko_sdk_suite/v1.1//protocol/bluetooth_2.4/lib/EFR32MG1P/GCC/bgapi.a(bgapi_dfu.c.obj)
                              E:/workSoftWare/SiliconLabs/SimplicityStudio/v4/developer/sdks/gecko_sdk_suite/v1.1//protocol/bluetooth_2.4/lib/EFR32MG1P/GCC/bgapi.a(gecko_bgapi_dfu.c.obj) (lib_dfu_handler_init)
E:/workSoftWare/SiliconLabs/SimplicityStudio/v4/developer/sdks/gecko_sdk_suite/v1.1//protocol/bluetooth_2.4/lib/EFR32MG1P/GCC/bgapi.a(bgapi_gap.c.obj)
                              E:/workSoftWare/SiliconLabs/SimplicityStudio/v4/developer/sdks/gecko_sdk_suite/v1.1//protocol/bluetooth_2.4/lib/EFR32MG1P/GCC/bgapi.a(gecko_bgapi_gap.c.obj) (lib_le_gap_handler_init)
E:/workSoftWare/SiliconLabs/SimplicityStudio/v4/developer/sdks/gecko_sdk_suite/v1.1//protocol/bluetooth_2.4/lib/EFR32MG1P/GCC/bgapi.a(bgapi_gatt_lib.c.obj)
                              E:/workSoftWare/SiliconLabs/SimplicityStudio/v4/developer/sdks/gecko_sdk_suite/v1.1//protocol/bluetooth_2.4/lib/EFR32MG1P/GCC/bgapi.a(gecko_bgapi_gatt.c.obj) (lib_gatt_handler_init)
E:/workSoftWare/SiliconLabs/SimplicityStudio/v4/developer/sdks/gecko_sdk_suite/v1.1//protocol/bluetooth_2.4/lib/EFR32MG1P/GCC/bgapi.a(bgapi_ps.c.obj)
                              E:/workSoftWare/SiliconLabs/SimplicityStudio/v4/developer/sdks/gecko_sdk_suite/v1.1//protocol/bluetooth_2.4/lib/EFR32MG1P/GCC/bgapi.a(gecko_bgapi_flash.c.obj) (lib_flash_handler_init)
E:/workSoftWare/SiliconLabs/SimplicityStudio/v4/developer/sdks/gecko_sdk_suite/v1.1//protocol/bluetooth_2.4/lib/EFR32MG1P/GCC/bgapi.a(bgapi_sm.c.obj)
[...]
Memory Configuration

Name             Origin             Length             Attributes
FLASH_BOOTLOADER 0x00000000         0x00004000         xr
FLASH            0x00004000         0x0003b000         xr
RAM              0x20003000         0x00004bfc         xrw
*default*        0x00000000         0xffffffff

Linker script and memory map

LOAD e:/worksoftware/siliconlabs/simplicitystudio/v4/developer/toolchains/gnu_arm/4.9_2015q3/bin/../lib/gcc/arm-none-eabi/4.9.3/armv7e-m/fpu/crti.o
LOAD e:/worksoftware/siliconlabs/simplicitystudio/v4/developer/toolchains/gnu_arm/4.9_2015q3/bin/../lib/gcc/arm-none-eabi/4.9.3/armv7e-m/fpu/crtbegin.o
LOAD e:/worksoftware/siliconlabs/simplicitystudio/v4/developer/toolchains/gnu_arm/4.9_2015q3/bin/../lib/gcc/arm-none-eabi/4.9.3/../../../../arm-none-eabi/lib/armv7e-m/fpu/crt0.o
LOAD ./.metadata/.plugins/org.eclipse.cdt.make.core/specs.o
LOAD ./application_properties.o
LOAD ./gatt_db.o
LOAD ./main.o
LOAD ./bgapi/em_leuart.o
LOAD ./device/EFR32_M_1_1_P/gcc/startup_efr32mg1p.o
LOAD ./emdrv/BRD4160A/dmadrv.o
LOAD ./emdrv/BRD4160A/gpiointerrupt.o
LOAD ./emlib/em_cmu.o
LOAD ./emlib/em_cryotimer.o
LOAD ./emlib/em_gpio.o
LOAD ./emlib/em_i2c.o
LOAD ./emlib/em_msc.o
LOAD ./emlib/em_rtcc.o
LOAD ./emlib/em_system.o
LOAD ./emlib/em_usart.o
LOAD ./src/InitDevice.o
LOAD E:/workSoftWare/SiliconLabs/SimplicityStudio/v4/developer/sdks/gecko_sdk_suite/v1.1//protocol/bluetooth_2.4/lib/EFR32MG1P/GCC/bgapi.a
LOAD E:/workSoftWare/SiliconLabs/SimplicityStudio/v4/developer/sdks/gecko_sdk_suite/v1.1//protocol/bluetooth_2.4/lib/EFR32MG1P/EABI/stack.a
LOAD E:/workSoftWare/SiliconLabs/SimplicityStudio/v4/developer/sdks/gecko_sdk_suite/v1.1//protocol/bluetooth_2.4/lib/EFR32MG1P/EABI/binstack.o
LOAD E:/workSoftWare/SiliconLabs/SimplicityStudio/v4/developer/sdks/gecko_sdk_suite/v1.1//protocol/bluetooth_2.4/lib/EFR32MG1P/EABI/binbootloader.o
LOAD e:/worksoftware/siliconlabs/simplicitystudio/v4/developer/toolchains/gnu_arm/4.9_2015q3/bin/../lib/gcc/arm-none-eabi/4.9.3/../../../../arm-none-eabi/lib/armv7e-m/fpu\libm.a
START GROUP
LOAD e:/worksoftware/siliconlabs/simplicitystudio/v4/developer/toolchains/gnu_arm/4.9_2015q3/bin/../lib/gcc/arm-none-eabi/4.9.3/armv7e-m/fpu\libgcc.a
LOAD e:/worksoftware/siliconlabs/simplicitystudio/v4/developer/toolchains/gnu_arm/4.9_2015q3/bin/../lib/gcc/arm-none-eabi/4.9.3/../../../../arm-none-eabi/lib/armv7e-m/fpu\libc.a
LOAD e:/worksoftware/siliconlabs/simplicitystudio/v4/developer/toolchains/gnu_arm/4.9_2015q3/bin/../lib/gcc/arm-none-eabi/4.9.3/../../../../arm-none-eabi/lib/armv7e-m/fpu\libnosys.a
END GROUP
START GROUP
LOAD e:/worksoftware/siliconlabs/simplicitystudio/v4/developer/toolchains/gnu_arm/4.9_2015q3/bin/../lib/gcc/arm-none-eabi/4.9.3/armv7e-m/fpu\libgcc.a
LOAD e:/worksoftware/siliconlabs/simplicitystudio/v4/developer/toolchains/gnu_arm/4.9_2015q3/bin/../lib/gcc/arm-none-eabi/4.9.3/../../../../arm-none-eabi/lib/armv7e-m/fpu\libg.a
LOAD e:/worksoftware/siliconlabs/simplicitystudio/v4/developer/toolchains/gnu_arm/4.9_2015q3/bin/../lib/gcc/arm-none-eabi/4.9.3/../../../../arm-none-eabi/lib/armv7e-m/fpu\libc.a
END GROUP
LOAD e:/worksoftware/siliconlabs/simplicitystudio/v4/developer/toolchains/gnu_arm/4.9_2015q3/bin/../lib/gcc/arm-none-eabi/4.9.3/armv7e-m/fpu/crtend.o
LOAD e:/worksoftware/siliconlabs/simplicitystudio/v4/developer/toolchains/gnu_arm/4.9_2015q3/bin/../lib/gcc/arm-none-eabi/4.9.3/armv7e-m/fpu/crtn.o

.text_bootloader
                0x00000000     0x4000
 *(.binbootloader*)
 .binbootloader
                0x00000000      0x31c E:/workSoftWare/SiliconLabs/SimplicityStudio/v4/developer/sdks/gecko_sdk_suite/v1.1//protocol/bluetooth_2.4/lib/EFR32MG1P/EABI/binbootloader.o
                0x00004000                . = ALIGN (0x4000)
 *fill*         0x0000031c     0x3ce4 

.text_stack_bin
                0x00004000    0x1cee3
 *(.binstack*)
 .binstack      0x00004000    0x1cee3 E:/workSoftWare/SiliconLabs/SimplicityStudio/v4/developer/sdks/gecko_sdk_suite/v1.1//protocol/bluetooth_2.4/lib/EFR32MG1P/EABI/binstack.o

.text_signature
                0x00020ee3      0x11d
                0x00020f23                . = (. + 0x40)
 *fill*         0x00020ee3       0x40 
                0x00021000                . = ALIGN (0x800)
 *fill*         0x00020f23       0xdd 
                0x00021000                __text_start__ = .

.text_app       0x00021000     0xa614
 *(.AAT)
 .AAT           0x00021000       0x80 ./main.o
                0x00021000                AppAddressTable
 *(.vectors)
 .vectors       0x00021080       0xc8 ./device/EFR32_M_1_1_P/gcc/startup_efr32mg1p.o
                0x00021080                __Vectors
                0x00021148                __Vectors_End = .
                0x000000c8                __Vectors_Size = (__Vectors_End - __Vectors)
                0x00021148                __end__ = .
 *(.gecko_configuration)
 *(.xo_configuration)
 *(.gatt_header)
 .gatt_header   0x00021148       0x34 ./gatt_db.o
                0x00021148                bg_gattdb_data
 *(.gatt_data)
 .gatt_data     0x0002117c      0x26a ./gatt_db.o
                0x0002117c                bg_gattdb_data_adv_uuid128_map
                0x0002118c                bg_gattdb_data_adv_uuid16_map
                0x00021190                bg_gattdb_data_attributes_dynamic_mapping_map
                0x0002119c                bg_gattdb_data_attributes_map
                0x000212bc                bg_gattdb_data_attribute_field_0
                0x000212c0                bg_gattdb_data_attribute_field_1
                0x000212c8                bg_gattdb_data_attribute_field_2
                0x000212d0                bg_gattdb_data_attribute_field_4
                0x000212d4                bg_gattdb_data_attribute_field_5
                0x000212dc                bg_gattdb_data_attribute_field_6
                0x000212e4                bg_gattdb_data_attribute_field_7
                0x000212ec                bg_gattdb_data_attribute_field_8
                0x000212f0                bg_gattdb_data_attribute_field_9
                0x000212f4                bg_gattdb_data_attribute_field_10
                0x000212fc                bg_gattdb_data_attribute_field_11
                0x0002130c                bg_gattdb_data_attribute_field_12
                0x00021314                bg_gattdb_data_attribute_field_13
                0x00021320                bg_gattdb_data_attribute_field_14
                0x00021328                bg_gattdb_data_attribute_field_15
                0x00021330                bg_gattdb_data_attribute_field_16
                0x00021344                bg_gattdb_data_attribute_field_17
                0x0002135c                bg_gattdb_data_attribute_field_18
                0x00021364                bg_gattdb_data_attribute_field_19
                0x00021378                bg_gattdb_data_attribute_field_20
                0x00021380                bg_gattdb_data_attribute_field_21
                0x00021388                bg_gattdb_data_attribute_field_22
                0x00021390                bg_gattdb_data_attribute_field_23
                0x00021398                bg_gattdb_data_uuidtable_128_map
                0x000213c8                bg_gattdb_data_uuidtable_16_map
 *(.application_properties)
 *fill*         0x000213e6        0x2 
 .application_properties
                0x000213e8       0x38 ./application_properties.o
                0x000213e8                applicationProperties
 *(.text*)
 .text          0x00021420       0x5c e:/worksoftware/siliconlabs/simplicitystudio/v4/developer/toolchains/gnu_arm/4.9_2015q3/bin/../lib/gcc/arm-none-eabi/4.9.3/armv7e-m/fpu/crtbegin.o
 .text          0x0002147c       0x74 e:/worksoftware/siliconlabs/simplicitystudio/v4/developer/toolchains/gnu_arm/4.9_2015q3/bin/../lib/gcc/arm-none-eabi/4.9.3/../../../../arm-none-eabi/lib/armv7e-m/fpu/crt0.o
                0x0002147c                _start
                0x0002147c                _mainCRTStartup
 .text._write_r
                0x000214f0       0x20 ./main.o
                0x000214f0                _write_r
 .text.startup.main
                0x00021510      0x35c ./main.o
                0x00021510                main
 .text.Default_Handler
                0x0002186c        0x4 ./device/EFR32_M_1_1_P/gcc/startup_efr32mg1p.o
                0x0002186c                DebugMon_Handler
                0x0002186c                USART0_TX_IRQHandler
                0x0002186c                I2C0_IRQHandler
                0x0002186c                HardFault_Handler
                0x0002186c                SysTick_Handler
                0x0002186c                USART1_RX_IRQHandler
                0x0002186c                PendSV_Handler
                0x0002186c                NMI_Handler
                0x0002186c                SYNTH_IRQHandler
                0x0002186c                WDOG0_IRQHandler
                0x0002186c                USART1_TX_IRQHandler
                0x0002186c                MSC_IRQHandler
                0x0002186c                ADC0_IRQHandler
                0x0002186c                UsageFault_Handler
                0x0002186c                LEUART0_IRQHandler
                0x0002186c                FPUEH_IRQHandler
                0x0002186c                TIMER0_IRQHandler
                0x0002186c                LETIMER0_IRQHandler
                0x0002186c                TIMER1_IRQHandler
                0x0002186c                RFSENSE_IRQHandler
                0x0002186c                BUFC_IRQHandler
                0x0002186c                MODEM_IRQHandler
                0x0002186c                Default_Handler
                0x0002186c                RAC_SEQ_IRQHandler
                0x0002186c                FRC_PRI_IRQHandler
                0x0002186c                FRC_IRQHandler
                0x0002186c                CRYOTIMER_IRQHandler
                0x0002186c                PCNT0_IRQHandler
                0x0002186c                AGC_IRQHandler
                0x0002186c                ACMP0_IRQHandler
                0x0002186c                USART0_RX_IRQHandler
                0x0002186c                MemManage_Handler
                0x0002186c                SVC_Handler
                0x0002186c                RTCC_IRQHandler
                0x0002186c                CRYPTO_IRQHandler
                0x0002186c                CMU_IRQHandler
                0x0002186c                RAC_RSM_IRQHandler
                0x0002186c                PROTIMER_IRQHandler
                0x0002186c                BusFault_Handler
                0x0002186c                IDAC0_IRQHandler
 .text.Reset_Handler
                0x00021870       0x34 ./device/EFR32_M_1_1_P/gcc/startup_efr32mg1p.o
                0x00021870                Reset_Handler
 .text.LDMA_IRQHandler
                0x000218a4       0x7c ./emdrv/BRD4160A/dmadrv.o
                0x000218a4                LDMA_IRQHandler
 .text.GPIOINT_IRQDispatcher
                0x00021920       0x2c ./emdrv/BRD4160A/gpiointerrupt.o
 .text.GPIO_EVEN_IRQHandler
                0x0002194c       0x20 ./emdrv/BRD4160A/gpiointerrupt.o
                0x0002194c                GPIO_EVEN_IRQHandler
 .text.GPIO_ODD_IRQHandler
                0x0002196c       0x20 ./emdrv/BRD4160A/gpiointerrupt.o
                0x0002196c                GPIO_ODD_IRQHandler
 .text.flashWaitStateControl.isra.0
                0x0002198c       0x48 ./emlib/em_cmu.o
 .text.CMU_OscillatorTuningSet.part.3
                0x000219d4       0x3c ./emlib/em_cmu.o
 .text.CMU_ClockEnable
                0x00021a10       0x8c ./emlib/em_cmu.o
                0x00021a10                CMU_ClockEnable
 .text.CMU_ClockSelectGet
                0x00021a9c       0xcc ./emlib/em_cmu.o
                0x00021a9c                CMU_ClockSelectGet
 .text.lfClkGet
                0x00021b68       0x94 ./emlib/em_cmu.o
 .text.CMU_ClockFreqGet
                0x00021bfc      0x160 ./emlib/em_cmu.o
                0x00021bfc                CMU_ClockFreqGet
 .text.CMU_HFXOAutostartEnable
                0x00021d5c       0x74 ./emlib/em_cmu.o
                0x00021d5c                CMU_HFXOAutostartEnable
 .text.CMU_OscillatorTuningWait
                0x00021dd0       0x5c ./emlib/em_cmu.o
                0x00021dd0                CMU_OscillatorTuningWait
 .text.CMU_OscillatorEnable
                0x00021e2c      0x110 ./emlib/em_cmu.o
                0x00021e2c                CMU_OscillatorEnable
 .text.CMU_ClockSelectSet
                0x00021f3c      0x200 ./emlib/em_cmu.o
                0x00021f3c                CMU_ClockSelectSet
 .text.CMU_HFXOInit
                0x0002213c       0x88 ./emlib/em_cmu.o
                0x0002213c                CMU_HFXOInit
 .text.CMU_LFXOInit
                0x000221c4       0x40 ./emlib/em_cmu.o
                0x000221c4                CMU_LFXOInit
 .text.GPIO_PinModeSet
                0x00022204       0x84 ./emlib/em_gpio.o
                0x00022204                GPIO_PinModeSet
 .text.RTCC_Init
                0x00022288       0x48 ./emlib/em_rtcc.o
                0x00022288                RTCC_Init
 .text.SYSTEM_ChipRevisionGet
                0x000222d0       0x34 ./emlib/em_system.o
                0x000222d0                SYSTEM_ChipRevisionGet
 .text.USART_BaudrateAsyncSet
                0x00022304       0x68 ./emlib/em_usart.o
                0x00022304                USART_BaudrateAsyncSet
 .text.USART_Enable
                0x0002236c       0x10 ./emlib/em_usart.o
                0x0002236c                USART_Enable
 .text.USART_InitAsync
                0x0002237c       0xa4 ./emlib/em_usart.o
                0x0002237c                USART_InitAsync
 .text.USART_InitPrsTrigger
                0x00022420       0x2c ./emlib/em_usart.o
                0x00022420                USART_InitPrsTrigger
 .text.USART_Tx
                0x0002244c        0xc ./emlib/em_usart.o
                0x0002244c                USART_Tx
 .text.EMU_enter_DefaultMode_from_RESET
                0x00022458       0x74 ./src/InitDevice.o
                0x00022458                EMU_enter_DefaultMode_from_RESET
 .text.CMU_enter_DefaultMode_from_RESET
                0x000224cc      0x128 ./src/InitDevice.o
                0x000224cc                CMU_enter_DefaultMode_from_RESET
 .text.RTCC_enter_DefaultMode_from_RESET
                0x000225f4       0x44 ./src/InitDevice.o
                0x000225f4                RTCC_enter_DefaultMode_from_RESET
 .text.USART0_enter_DefaultMode_from_RESET
                0x00022638      0x100 ./src/InitDevice.o
                0x00022638                USART0_enter_DefaultMode_from_RESET
 .text.PORTIO_enter_DefaultMode_from_RESET
                0x00022738       0x2c ./src/InitDevice.o
                0x00022738                PORTIO_enter_DefaultMode_from_RESET
 .text.enter_DefaultMode_from_RESET
                0x00022764       0xa8 ./src/InitDevice.o
                0x00022764                enter_DefaultMode_from_RESET
 .text          0x0002280c       0x18 E:/workSoftWare/SiliconLabs/SimplicityStudio/v4/developer/sdks/gecko_sdk_suite/v1.1//protocol/bluetooth_2.4/lib/EFR32MG1P/GCC/bgapi.a(gecko_bgapi_hardware.c.obj)
                0x0002280c                gecko_bgapi_class_hardware_init
 .text          0x00022824       0x18 E:/workSoftWare/SiliconLabs/SimplicityStudio/v4/developer/sdks/gecko_sdk_suite/v1.1//protocol/bluetooth_2.4/lib/EFR32MG1P/GCC/bgapi.a(gecko_bgapi_test.c.obj)
                0x00022824                gecko_bgapi_class_test_init
 .text          0x0002283c       0x18 E:/workSoftWare/SiliconLabs/SimplicityStudio/v4/developer/sdks/gecko_sdk_suite/v1.1//protocol/bluetooth_2.4/lib/EFR32MG1P/GCC/bgapi.a(gecko_bgapi_dfu.c.obj)
                0x0002283c                gecko_bgapi_class_dfu_init
 .text          0x00022854       0x18 E:/workSoftWare/SiliconLabs/SimplicityStudio/v4/developer/sdks/gecko_sdk_suite/v1.1//protocol/bluetooth_2.4/lib/EFR32MG1P/GCC/bgapi.a(gecko_bgapi_gap.c.obj)
                0x00022854                gecko_bgapi_class_le_gap_init
 .text          0x0002286c       0x18 E:/workSoftWare/SiliconLabs/SimplicityStudio/v4/developer/sdks/gecko_sdk_suite/v1.1//protocol/bluetooth_2.4/lib/EFR32MG1P/GCC/bgapi.a(gecko_bgapi_gatt.c.obj)
                0x0002286c                gecko_bgapi_class_gatt_init
 .text          0x00022884       0x18 E:/workSoftWare/SiliconLabs/SimplicityStudio/v4/developer/sdks/gecko_sdk_suite/v1.1//protocol/bluetooth_2.4/lib/EFR32MG1P/GCC/bgapi.a(gecko_bgapi_gatt_server.c.obj)
                0x00022884                gecko_bgapi_class_gatt_server_init
 .text          0x0002289c       0x18 E:/workSoftWare/SiliconLabs/SimplicityStudio/v4/developer/sdks/gecko_sdk_suite/v1.1//protocol/bluetooth_2.4/lib/EFR32MG1P/GCC/bgapi.a(gecko_bgapi_flash.c.obj)
                0x0002289c                gecko_bgapi_class_flash_init
 .text          0x000228b4       0x18 E:/workSoftWare/SiliconLabs/SimplicityStudio/v4/developer/sdks/gecko_sdk_suite/v1.1//protocol/bluetooth_2.4/lib/EFR32MG1P/GCC/bgapi.a(gecko_bgapi_sm.c.obj)
                0x000228b4                gecko_bgapi_class_sm_init
 .text          0x000228cc       0x18 E:/workSoftWare/SiliconLabs/SimplicityStudio/v4/developer/sdks/gecko_sdk_suite/v1.1//protocol/bluetooth_2.4/lib/EFR32MG1P/GCC/bgapi.a(gecko_bgapi_system.c.obj)
                0x000228cc                gecko_bgapi_class_system_init
 .text          0x000228e4       0x18 E:/workSoftWare/SiliconLabs/SimplicityStudio/v4/developer/sdks/gecko_sdk_suite/v1.1//protocol/bluetooth_2.4/lib/EFR32MG1P/GCC/bgapi.a(gecko_bgapi_endpoint.c.obj)
                0x000228e4                gecko_bgapi_class_endpoint_init
 .text          0x000228fc       0x18 E:/workSoftWare/SiliconLabs/SimplicityStudio/v4/developer/sdks/gecko_sdk_suite/v1.1//protocol/bluetooth_2.4/lib/EFR32MG1P/GCC/bgapi.a(gecko_bgapi_le_connection.c.obj)
                0x000228fc                gecko_bgapi_class_le_connection_init
 .text          0x00022914      0x1d0 E:/workSoftWare/SiliconLabs/SimplicityStudio/v4/developer/sdks/gecko_sdk_suite/v1.1//protocol/bluetooth_2.4/lib/EFR32MG1P/GCC/bgapi.a(bgapi_hardware.c.obj)
                0x00022914                soft_timer_comparison
                0x000229a8                bgapi_hardware_soft_timer_listener
                0x000229e8                lib_hardware_handler_init
                0x000229fc                gecko_cmd_hardware_set_soft_timer
                0x00022a3c                gecko_cmd_hardware_set_lazy_soft_timer
                0x00022a7c                gecko_cmd_hardware_get_time
                0x00022ab0                gecko_cmd_hardware_enable_dcdc
 .text          0x00022ae4      0x330 E:/workSoftWare/SiliconLabs/SimplicityStudio/v4/developer/sdks/gecko_sdk_suite/v1.1//protocol/bluetooth_2.4/lib/EFR32MG1P/GCC/bgapi.a(bgapi_test_lib.c.obj)
                0x00022ae4                bgapi_test_lib_msg_handler
                0x00022b3c                lib_test_handler_init
                0x00022b5c                disable_interrupts
                0x00022b80                gecko_cmd_test_dtm_tx
                0x00022c14                gecko_cmd_test_dtm_rx
                0x00022c60                gecko_cmd_test_dtm_end
                0x00022cc8                gecko_cmd_test_debug_command
                0x00022d98                gecko_cmd_test_debug_counter
 .text          0x00022e14       0x8c E:/workSoftWare/SiliconLabs/SimplicityStudio/v4/developer/sdks/gecko_sdk_suite/v1.1//protocol/bluetooth_2.4/lib/EFR32MG1P/GCC/bgapi.a(bgapi_dfu.c.obj)
                0x00022e14                lib_dfu_handler_init
                0x00022e16                gecko_cmd_dfu_reset
                0x00022e1c                gecko_cmd_dfu_flash_set_address
                0x00022e48                gecko_cmd_dfu_flash_upload
                0x00022e74                gecko_cmd_dfu_flash_upload_finish
 .text          0x00022ea0      0x34c E:/workSoftWare/SiliconLabs/SimplicityStudio/v4/developer/sdks/gecko_sdk_suite/v1.1//protocol/bluetooth_2.4/lib/EFR32MG1P/GCC/bgapi.a(bgapi_gap.c.obj)
                0x00022ea0                lib_le_gap_handler_init
                0x00022ea2                gecko_cmd_le_gap_set_mode
                0x00022ee8                gecko_cmd_le_gap_bt5_set_mode
                0x00022f2c                gecko_cmd_le_gap_set_adv_data
                0x00022f74                gecko_cmd_le_gap_bt5_set_adv_data
                0x00022fa8                gecko_cmd_le_gap_set_adv_timeout
                0x00022ffc                gecko_cmd_le_gap_open
                0x00023060                gecko_cmd_le_gap_discover
                0x0002308c                gecko_cmd_le_gap_end_procedure
                0x000230b8                gecko_cmd_le_gap_set_adv_parameters
                0x000230ec                gecko_cmd_le_gap_bt5_set_adv_parameters
                0x00023128                gecko_cmd_le_gap_set_scan_parameters
                0x00023158                gecko_cmd_le_gap_set_conn_parameters
                0x00023190                gecko_cmd_le_gap_set_phy
                0x000231bc                gecko_cmd_le_gap_set_privacy_mode
 .text          0x000231ec      0x6c4 E:/workSoftWare/SiliconLabs/SimplicityStudio/v4/developer/sdks/gecko_sdk_suite/v1.1//protocol/bluetooth_2.4/lib/EFR32MG1P/GCC/bgapi.a(bgapi_gatt_lib.c.obj)
                0x000231ec                lib_gatt_handler_init
                0x000231f0                lib_gatt_server_handler_init
                0x000231f2                gecko_cmd_gatt_set_max_mtu
                0x0002322c                gecko_cmd_gatt_discover_primary_services
                0x0002325c                gecko_cmd_gatt_discover_primary_services_by_uuid
                0x00023298                gecko_cmd_gatt_find_included_services
                0x000232cc                gecko_cmd_gatt_discover_characteristics
                0x00023300                gecko_cmd_gatt_discover_characteristics_by_uuid
                0x00023340                gecko_cmd_gatt_read_characteristic_value
                0x00023378                gecko_cmd_gatt_read_characteristic_value_from_offset
                0x000233b4                gecko_cmd_gatt_read_characteristic_value_by_uuid
                0x000233f4                gecko_cmd_gatt_read_multiple_characteristic_values
                0x00023428                gecko_cmd_gatt_write_characteristic_value
                0x00023460                gecko_cmd_gatt_write_characteristic_value_without_response
                0x000234a4                gecko_cmd_gatt_prepare_characteristic_value_write
                0x000234f4                gecko_cmd_gatt_execute_characteristic_value_write
                0x00023528                gecko_cmd_gatt_set_characteristic_notification
                0x00023560                gecko_cmd_gatt_discover_descriptors
                0x00023594                gecko_cmd_gatt_read_descriptor_value
                0x000235c8                gecko_cmd_gatt_write_descriptor_value
                0x00023600                gecko_cmd_gatt_server_read_attribute_value
                0x00023648                gecko_cmd_gatt_server_read_attribute_type
                0x0002368c                gecko_cmd_gatt_server_find_attribute
                0x000236c8                gecko_cmd_gatt_server_write_attribute_value
                0x000236fc                gecko_cmd_gatt_server_send_user_read_response
                0x0002374c                gecko_cmd_gatt_server_send_user_write_response
                0x00023784                gecko_cmd_gatt_server_send_characteristic_notification
                0x000237d0                gecko_cmd_gatt_send_characteristic_confirmation
                0x00023800                gecko_cmd_gatt_server_set_database
                0x00023830                gecko_cmd_gatt_server_set_capabilities
                0x00023860                gecko_cmd_gatt_prepare_characteristic_value_reliable_write
 .text          0x000238b0      0x1d0 E:/workSoftWare/SiliconLabs/SimplicityStudio/v4/developer/sdks/gecko_sdk_suite/v1.1//protocol/bluetooth_2.4/lib/EFR32MG1P/GCC/bgapi.a(bgapi_ps.c.obj)
                0x000238b0                bgapi_ps_dump_listener
                0x000238f0                lib_flash_handler_init
                0x00023904                gecko_cmd_flash_ps_dump
                0x0002399c                gecko_cmd_flash_ps_erase_all
                0x000239cc                gecko_cmd_flash_ps_save
                0x00023a08                gecko_cmd_flash_ps_load
                0x00023a4c                gecko_cmd_flash_ps_erase
 .text          0x00023a80      0x3cc E:/workSoftWare/SiliconLabs/SimplicityStudio/v4/developer/sdks/gecko_sdk_suite/v1.1//protocol/bluetooth_2.4/lib/EFR32MG1P/GCC/bgapi.a(bgapi_sm.c.obj)
                0x00023b48                lib_sm_handler_init
                0x00023b5c                gecko_cmd_sm_list_all_bondings
                0x00023b94                gecko_cmd_sm_increase_security
                0x00023bc4                gecko_cmd_sm_set_bondable_mode
                0x00023bf0                gecko_cmd_sm_delete_bonding
                0x00023c20                gecko_cmd_sm_delete_bondings
                0x00023c50                gecko_cmd_sm_configure
                0x00023c80                gecko_cmd_sm_enter_passkey
                0x00023cb4                gecko_cmd_sm_set_passkey
                0x00023ce0                gecko_cmd_sm_passkey_confirm
                0x00023d14                gecko_cmd_sm_set_oob_data
                0x00023d44                gecko_cmd_sm_set_sc_remote_oob_data
                0x00023d74                gecko_cmd_sm_use_sc_oob
                0x00023db4                gecko_cmd_sm_store_bonding_configuration
                0x00023de8                gecko_cmd_sm_bonding_confirm
                0x00023e1c                gecko_cmd_sm_set_debug_mode
 .text          0x00023e4c      0x1d8 E:/workSoftWare/SiliconLabs/SimplicityStudio/v4/developer/sdks/gecko_sdk_suite/v1.1//protocol/bluetooth_2.4/lib/EFR32MG1P/GCC/bgapi.a(bgapi_system.c.obj)
                0x00023e4c                bgapi_system_listener
                0x00023e7c                lib_system_handler_init
                0x00023e90                gecko_cmd_system_get_bt_address
                0x00023ec8                gecko_cmd_system_set_bt_address
                0x00023efc                gecko_cmd_system_set_device_name
                0x00023f38                gecko_cmd_system_get_random_data
                0x00023f80                gecko_cmd_system_halt
                0x00023fb4                gecko_cmd_system_set_tx_power
                0x00023fe4                gecko_cmd_system_hello
                0x0002400c                gecko_cmd_system_reset
                0x00024012                gecko_send_system_awake
 .text          0x00024024      0x1ac E:/workSoftWare/SiliconLabs/SimplicityStudio/v4/developer/sdks/gecko_sdk_suite/v1.1//protocol/bluetooth_2.4/lib/EFR32MG1P/GCC/bgapi.a(bgapi_endpoint.c.obj)
                0x00024024                lib_endpoint_handler_init
                0x00024026                gecko_cmd_endpoint_send
                0x000240d0                gecko_cmd_endpoint_set_streaming_destination
                0x00024128                gecko_cmd_endpoint_close
                0x00024184                gecko_cmd_endpoint_set_flags
                0x00024186                gecko_cmd_endpoint_clr_flags
                0x00024188                gecko_cmd_endpoint_read_counters
 .text          0x000241d0      0x104 E:/workSoftWare/SiliconLabs/SimplicityStudio/v4/developer/sdks/gecko_sdk_suite/v1.1//protocol/bluetooth_2.4/lib/EFR32MG1P/GCC/bgapi.a(bgapi_le_connection.c.obj)
                0x000241d0                lib_le_connection_handler_init
                0x000241d2                gecko_cmd_le_connection_set_parameters
                0x00024220                gecko_cmd_le_connection_get_rssi
                0x00024250                gecko_cmd_le_connection_disable_slave_latency
                0x00024298                gecko_cmd_le_connection_set_phy
 .text          0x000242d4      0xdf0 E:/workSoftWare/SiliconLabs/SimplicityStudio/v4/developer/sdks/gecko_sdk_suite/v1.1//protocol/bluetooth_2.4/lib/EFR32MG1P/GCC/bgapi.a(gatt_client.c.obj)
                0x0002453c                gatt_discover_primary_services
                0x0002457a                gatt_discover_primary_services_by_uuid
                0x000245d0                gatt_find_included_services
                0x00024620                gatt_find_included_services_handler
                0x000246d0                gatt_discover_characteristics
                0x000246f2                gatt_discover_characteristics_by_uuid
                0x00024734                gatt_discover_descriptors
                0x00024770                gatt_read_characteristic_value
                0x000247a8                gatt_read_characteristic_value_by_uuid
                0x000247e2                gatt_read_multiple_characteristic_values
                0x00024806                gatt_write_characteristic_value
                0x0002482c                gatt_write_characteristic_value_without_response
                0x00024846                gatt_prepare_characteristic_value_write
                0x000248bc                gatt_execute_characteristic_value_write
                0x000248de                gatt_set_characteristic_notification
                0x0002491e                gatt_read_descriptor_value
                0x00024946                gatt_write_descriptor_value
                0x0002496c                gatt_handle_exchange_mtu_rsp
                0x00024988                gatt_handle_find_information_response
                0x00024ada                gatt_handle_find_by_type_value_response
                0x00024b76                gatt_handle_read_response
                0x00024cd4                gatt_handle_read_blob_response
                0x00024d0a                gatt_handle_read_multiple_response
                0x00024d46                gatt_handle_read_by_type_response
                0x00024e90                gatt_handle_read_by_group_type_response
                0x00024f38                gatt_handle_write_response
                0x00024f4c                gatt_handle_prepare_write_response
                0x0002503e                gatt_handle_execute_write_response
                0x00025076                gatt_client_handle_value_notification
                0x00025088                gatt_client_handle_value_indication
                0x0002509c                gatt_send_characteristic_confirmation
                0x000250ba                gatt_client_init
 .text          0x000250c4      0x250 E:/workSoftWare/SiliconLabs/SimplicityStudio/v4/developer/sdks/gecko_sdk_suite/v1.1//protocol/bluetooth_2.4/lib/EFR32MG1P/GCC/bgapi.a(ubt_gatt_client.c.obj)
                0x000250c4                ubt_gatt_discover_primary_services
                0x000250da                ubt_gatt_discover_primary_services_by_uuid
                0x00025106                ubt_gatt_find_included_services
                0x00025120                ubt_gatt_discover_characteristics
                0x0002513a                ubt_gatt_discover_characteristics_by_uuid
                0x0002516a                ubt_gatt_discover_descriptors
                0x00025184                ubt_gatt_read_characteristic_value
                0x000251a6                ubt_gatt_read_characteristic_value_by_uuid
                0x000251d6                ubt_gatt_read_multiple_characteristic_values
                0x000251f4                ubt_gatt_write_characteristic_value
                0x00025216                ubt_gatt_write_characteristic_value_without_response
                0x00025250                ubt_gatt_prepare_characteristic_value_write
                0x0002528a                ubt_gatt_execute_characteristic_value_write
                0x000252a4                ubt_gatt_send_characteristic_confirmation
                0x000252ba                ubt_gatt_read_descriptor_value
                0x000252d4                ubt_gatt_write_descriptor_value
                0x000252f6                ubt_gatt_set_characteristic_notification
 .text          0x00025314      0x4ec E:/workSoftWare/SiliconLabs/SimplicityStudio/v4/developer/sdks/gecko_sdk_suite/v1.1//protocol/bluetooth_2.4/lib/EFR32MG1P/GCC/bgapi.a(att_client.c.obj)
                0x00025314                att_send_find_information_request
                0x0002533a                att_send_find_by_type_value_request
                0x0002536c                att_send_read_by_type_request
                0x00025398                att_send_read_request
                0x000253b8                att_send_read_blob_request
                0x000253de                att_send_read_multiple_request
                0x0002540a                att_send_read_by_group_type_request
                0x00025436                att_send_write_request
                0x00025462                att_send_write_command
                0x0002548e                att_send_signed_write_command
                0x000254c8                att_send_prepare_write_request
                0x00025504                att_send_execute_write_request
                0x00025522                att_send_handle_value_confirmation
                0x0002553a                validate_gatt_client_pdu_len
                0x000255f4                att_gatt_client_handler
 .text          0x00025800       0x30 e:/worksoftware/siliconlabs/simplicitystudio/v4/developer/toolchains/gnu_arm/4.9_2015q3/bin/../lib/gcc/arm-none-eabi/4.9.3/armv7e-m/fpu\libgcc.a(_aeabi_uldivmod.o)
                0x00025800                __aeabi_uldivmod
 .text          0x00025830       0x60 e:/worksoftware/siliconlabs/simplicitystudio/v4/developer/toolchains/gnu_arm/4.9_2015q3/bin/../lib/gcc/arm-none-eabi/4.9.3/armv7e-m/fpu\libgcc.a(bpabi.o)
                0x00025830                __gnu_ldivmod_helper
                0x00025860                __gnu_uldivmod_helper
 .text          0x00025890        0x4 e:/worksoftware/siliconlabs/simplicitystudio/v4/developer/toolchains/gnu_arm/4.9_2015q3/bin/../lib/gcc/arm-none-eabi/4.9.3/armv7e-m/fpu\libgcc.a(_dvmd_tls.o)
                0x00025890                __aeabi_idiv0
                0x00025890                __aeabi_ldiv0
 .text          0x00025894      0x29c e:/worksoftware/siliconlabs/simplicitystudio/v4/developer/toolchains/gnu_arm/4.9_2015q3/bin/../lib/gcc/arm-none-eabi/4.9.3/armv7e-m/fpu\libgcc.a(_divdi3.o)
                0x00025894                __divdi3
 .text          0x00025b30      0x26c e:/worksoftware/siliconlabs/simplicitystudio/v4/developer/toolchains/gnu_arm/4.9_2015q3/bin/../lib/gcc/arm-none-eabi/4.9.3/armv7e-m/fpu\libgcc.a(_udivdi3.o)
                0x00025b30                __udivdi3
 .text.exit     0x00025d9c       0x20 e:/worksoftware/siliconlabs/simplicitystudio/v4/developer/toolchains/gnu_arm/4.9_2015q3/bin/../lib/gcc/arm-none-eabi/4.9.3/../../../../arm-none-eabi/lib/armv7e-m/fpu\libc.a(lib_a-exit.o)
                0x00025d9c                exit
 .text.__libc_init_array
                0x00025dbc       0x50 e:/worksoftware/siliconlabs/simplicitystudio/v4/developer/toolchains/gnu_arm/4.9_2015q3/bin/../lib/gcc/arm-none-eabi/4.9.3/../../../../arm-none-eabi/lib/armv7e-m/fpu\libc.a(lib_a-init.o)
                0x00025dbc                __libc_init_array
 .text.memcmp   0x00025e0c       0x64 e:/worksoftware/siliconlabs/simplicitystudio/v4/developer/toolchains/gnu_arm/4.9_2015q3/bin/../lib/gcc/arm-none-eabi/4.9.3/../../../../arm-none-eabi/lib/armv7e-m/fpu\libc.a(lib_a-memcmp.o)
                0x00025e0c                memcmp
 .text          0x00025e70      0x134 e:/worksoftware/siliconlabs/simplicitystudio/v4/developer/toolchains/gnu_arm/4.9_2015q3/bin/../lib/gcc/arm-none-eabi/4.9.3/../../../../arm-none-eabi/lib/armv7e-m/fpu\libc.a(lib_a-memcpy.o)
                0x00025e70                memcpy
 .text.memset   0x00025fa4       0x9c e:/worksoftware/siliconlabs/simplicitystudio/v4/developer/toolchains/gnu_arm/4.9_2015q3/bin/../lib/gcc/arm-none-eabi/4.9.3/../../../../arm-none-eabi/lib/armv7e-m/fpu\libc.a(lib_a-memset.o)
                0x00025fa4                memset
 .text.printf   0x00026040       0x28 e:/worksoftware/siliconlabs/simplicitystudio/v4/developer/toolchains/gnu_arm/4.9_2015q3/bin/../lib/gcc/arm-none-eabi/4.9.3/../../../../arm-none-eabi/lib/armv7e-m/fpu\libc.a(lib_a-printf.o)
                0x00026040                printf
 .text._vfprintf_r
                0x00026068     0x1424 e:/worksoftware/siliconlabs/simplicitystudio/v4/developer/toolchains/gnu_arm/4.9_2015q3/bin/../lib/gcc/arm-none-eabi/4.9.3/../../../../arm-none-eabi/lib/armv7e-m/fpu\libc.a(lib_a-vfprintf.o)
                0x00026068                _vfprintf_r
 .text.__sbprintf
                0x0002748c       0x78 e:/worksoftware/siliconlabs/simplicitystudio/v4/developer/toolchains/gnu_arm/4.9_2015q3/bin/../lib/gcc/arm-none-eabi/4.9.3/../../../../arm-none-eabi/lib/armv7e-m/fpu\libc.a(lib_a-vfprintf.o)
 .text.__swsetup_r
                0x00027504       0xc4 e:/worksoftware/siliconlabs/simplicitystudio/v4/developer/toolchains/gnu_arm/4.9_2015q3/bin/../lib/gcc/arm-none-eabi/4.9.3/../../../../arm-none-eabi/lib/armv7e-m/fpu\libc.a(lib_a-wsetup.o)
                0x00027504                __swsetup_r
 .text.startup.register_fini
                0x000275c8       0x14 e:/worksoftware/siliconlabs/simplicitystudio/v4/developer/toolchains/gnu_arm/4.9_2015q3/bin/../lib/gcc/arm-none-eabi/4.9.3/../../../../arm-none-eabi/lib/armv7e-m/fpu\libc.a(lib_a-__call_atexit.o)
 .text.__call_exitprocs
                0x000275dc       0xd4 e:/worksoftware/siliconlabs/simplicitystudio/v4/developer/toolchains/gnu_arm/4.9_2015q3/bin/../lib/gcc/arm-none-eabi/4.9.3/../../../../arm-none-eabi/lib/armv7e-m/fpu\libc.a(lib_a-__call_atexit.o)
                0x000275dc                __call_exitprocs
 .text.atexit   0x000276b0        0xc e:/worksoftware/siliconlabs/simplicitystudio/v4/developer/toolchains/gnu_arm/4.9_2015q3/bin/../lib/gcc/arm-none-eabi/4.9.3/../../../../arm-none-eabi/lib/armv7e-m/fpu\libc.a(lib_a-atexit.o)
                0x000276b0                atexit
 .text.quorem   0x000276bc      0x12c e:/worksoftware/siliconlabs/simplicitystudio/v4/developer/toolchains/gnu_arm/4.9_2015q3/bin/../lib/gcc/arm-none-eabi/4.9.3/../../../../arm-none-eabi/lib/armv7e-m/fpu\libc.a(lib_a-dtoa.o)
 .text._dtoa_r  0x000277e8      0xea4 e:/worksoftware/siliconlabs/simplicitystudio/v4/developer/toolchains/gnu_arm/4.9_2015q3/bin/../lib/gcc/arm-none-eabi/4.9.3/../../../../arm-none-eabi/lib/armv7e-m/fpu\libc.a(lib_a-dtoa.o)
                0x000277e8                _dtoa_r
 .text.__sflush_r
                0x0002868c      0x154 e:/worksoftware/siliconlabs/simplicitystudio/v4/developer/toolchains/gnu_arm/4.9_2015q3/bin/../lib/gcc/arm-none-eabi/4.9.3/../../../../arm-none-eabi/lib/armv7e-m/fpu\libc.a(lib_a-fflush.o)
                0x0002868c                __sflush_r
 .text._fflush_r
                0x000287e0       0x2c e:/worksoftware/siliconlabs/simplicitystudio/v4/developer/toolchains/gnu_arm/4.9_2015q3/bin/../lib/gcc/arm-none-eabi/4.9.3/../../../../arm-none-eabi/lib/armv7e-m/fpu\libc.a(lib_a-fflush.o)
                0x000287e0                _fflush_r
 .text._cleanup_r
                0x0002880c        0xc e:/worksoftware/siliconlabs/simplicitystudio/v4/developer/toolchains/gnu_arm/4.9_2015q3/bin/../lib/gcc/arm-none-eabi/4.9.3/../../../../arm-none-eabi/lib/armv7e-m/fpu\libc.a(lib_a-findfp.o)
                0x0002880c                _cleanup_r
 .text.__sinit.part.1
                0x00028818       0xf0 e:/worksoftware/siliconlabs/simplicitystudio/v4/developer/toolchains/gnu_arm/4.9_2015q3/bin/../lib/gcc/arm-none-eabi/4.9.3/../../../../arm-none-eabi/lib/armv7e-m/fpu\libc.a(lib_a-findfp.o)
 .text.__sinit  0x00028908        0xc e:/worksoftware/siliconlabs/simplicitystudio/v4/developer/toolchains/gnu_arm/4.9_2015q3/bin/../lib/gcc/arm-none-eabi/4.9.3/../../../../arm-none-eabi/lib/armv7e-m/fpu\libc.a(lib_a-findfp.o)
                0x00028908                __sinit
 .text.__sfp_lock_acquire
                0x00028914        0x4 e:/worksoftware/siliconlabs/simplicitystudio/v4/developer/toolchains/gnu_arm/4.9_2015q3/bin/../lib/gcc/arm-none-eabi/4.9.3/../../../../arm-none-eabi/lib/armv7e-m/fpu\libc.a(lib_a-findfp.o)
                0x00028914                __sfp_lock_acquire
 .text.__sfp_lock_release
                0x00028918        0x4 e:/worksoftware/siliconlabs/simplicitystudio/v4/developer/toolchains/gnu_arm/4.9_2015q3/bin/../lib/gcc/arm-none-eabi/4.9.3/../../../../arm-none-eabi/lib/armv7e-m/fpu\libc.a(lib_a-findfp.o)
                0x00028918                __sfp_lock_release
 .text.__libc_fini_array
                0x0002891c       0x2c e:/worksoftware/siliconlabs/simplicitystudio/v4/developer/toolchains/gnu_arm/4.9_2015q3/bin/../lib/gcc/arm-none-eabi/4.9.3/../../../../arm-none-eabi/lib/armv7e-m/fpu\libc.a(lib_a-fini.o)
                0x0002891c                __libc_fini_array
 .text._malloc_trim_r
                0x00028948       0x9c e:/worksoftware/siliconlabs/simplicitystudio/v4/developer/toolchains/gnu_arm/4.9_2015q3/bin/../lib/gcc/arm-none-eabi/4.9.3/../../../../arm-none-eabi/lib/armv7e-m/fpu\libc.a(lib_a-freer.o)
                0x00028948                _malloc_trim_r
 .text._free_r  0x000289e4      0x1b0 e:/worksoftware/siliconlabs/simplicitystudio/v4/developer/toolchains/gnu_arm/4.9_2015q3/bin/../lib/gcc/arm-none-eabi/4.9.3/../../../../arm-none-eabi/lib/armv7e-m/fpu\libc.a(lib_a-freer.o)
                0x000289e4                _free_r
 .text._fwalk_reent
                0x00028b94       0x54 e:/worksoftware/siliconlabs/simplicitystudio/v4/developer/toolchains/gnu_arm/4.9_2015q3/bin/../lib/gcc/arm-none-eabi/4.9.3/../../../../arm-none-eabi/lib/armv7e-m/fpu\libc.a(lib_a-fwalk.o)
                0x00028b94                _fwalk_reent
 .text.__locale_charset
                0x00028be8        0x8 e:/worksoftware/siliconlabs/simplicitystudio/v4/developer/toolchains/gnu_arm/4.9_2015q3/bin/../lib/gcc/arm-none-eabi/4.9.3/../../../../arm-none-eabi/lib/armv7e-m/fpu\libc.a(lib_a-locale.o)
                0x00028be8                __locale_charset
 .text.__locale_mb_cur_max
                0x00028bf0        0xc e:/worksoftware/siliconlabs/simplicitystudio/v4/developer/toolchains/gnu_arm/4.9_2015q3/bin/../lib/gcc/arm-none-eabi/4.9.3/../../../../arm-none-eabi/lib/armv7e-m/fpu\libc.a(lib_a-locale.o)
                0x00028bf0                __locale_mb_cur_max
 .text._localeconv_r
                0x00028bfc        0x8 e:/worksoftware/siliconlabs/simplicitystudio/v4/developer/toolchains/gnu_arm/4.9_2015q3/bin/../lib/gcc/arm-none-eabi/4.9.3/../../../../arm-none-eabi/lib/armv7e-m/fpu\libc.a(lib_a-locale.o)
                0x00028bfc                _localeconv_r
 .text.__smakebuf_r
                0x00028c04       0xe0 e:/worksoftware/siliconlabs/simplicitystudio/v4/developer/toolchains/gnu_arm/4.9_2015q3/bin/../lib/gcc/arm-none-eabi/4.9.3/../../../../arm-none-eabi/lib/armv7e-m/fpu\libc.a(lib_a-makebuf.o)
                0x00028c04                __smakebuf_r
 .text._malloc_r
                0x00028ce4      0x524 e:/worksoftware/siliconlabs/simplicitystudio/v4/developer/toolchains/gnu_arm/4.9_2015q3/bin/../lib/gcc/arm-none-eabi/4.9.3/../../../../arm-none-eabi/lib/armv7e-m/fpu\libc.a(lib_a-mallocr.o)
                0x00028ce4                _malloc_r
 .text.memchr   0x00029208       0x94 e:/worksoftware/siliconlabs/simplicitystudio/v4/developer/toolchains/gnu_arm/4.9_2015q3/bin/../lib/gcc/arm-none-eabi/4.9.3/../../../../arm-none-eabi/lib/armv7e-m/fpu\libc.a(lib_a-memchr.o)
                0x00029208                memchr
 .text.__malloc_lock
                0x0002929c        0x4 e:/worksoftware/siliconlabs/simplicitystudio/v4/developer/toolchains/gnu_arm/4.9_2015q3/bin/../lib/gcc/arm-none-eabi/4.9.3/../../../../arm-none-eabi/lib/armv7e-m/fpu\libc.a(lib_a-mlock.o)
                0x0002929c                __malloc_lock
 .text.__malloc_unlock
                0x000292a0        0x4 e:/worksoftware/siliconlabs/simplicitystudio/v4/developer/toolchains/gnu_arm/4.9_2015q3/bin/../lib/gcc/arm-none-eabi/4.9.3/../../../../arm-none-eabi/lib/armv7e-m/fpu\libc.a(lib_a-mlock.o)
                0x000292a0                __malloc_unlock
 .text._Balloc  0x000292a4       0x4c e:/worksoftware/siliconlabs/simplicitystudio/v4/developer/toolchains/gnu_arm/4.9_2015q3/bin/../lib/gcc/arm-none-eabi/4.9.3/../../../../arm-none-eabi/lib/armv7e-m/fpu\libc.a(lib_a-mprec.o)
                0x000292a4                _Balloc
 .text._Bfree   0x000292f0       0x14 e:/worksoftware/siliconlabs/simplicitystudio/v4/developer/toolchains/gnu_arm/4.9_2015q3/bin/../lib/gcc/arm-none-eabi/4.9.3/../../../../arm-none-eabi/lib/armv7e-m/fpu\libc.a(lib_a-mprec.o)
                0x000292f0                _Bfree
 .text.__multadd
                0x00029304       0x84 e:/worksoftware/siliconlabs/simplicitystudio/v4/developer/toolchains/gnu_arm/4.9_2015q3/bin/../lib/gcc/arm-none-eabi/4.9.3/../../../../arm-none-eabi/lib/armv7e-m/fpu\libc.a(lib_a-mprec.o)
                0x00029304                __multadd
 .text.__hi0bits
                0x00029388       0x40 e:/worksoftware/siliconlabs/simplicitystudio/v4/developer/toolchains/gnu_arm/4.9_2015q3/bin/../lib/gcc/arm-none-eabi/4.9.3/../../../../arm-none-eabi/lib/armv7e-m/fpu\libc.a(lib_a-mprec.o)
                0x00029388                __hi0bits
 .text.__lo0bits
                0x000293c8       0x5c e:/worksoftware/siliconlabs/simplicitystudio/v4/developer/toolchains/gnu_arm/4.9_2015q3/bin/../lib/gcc/arm-none-eabi/4.9.3/../../../../arm-none-eabi/lib/armv7e-m/fpu\libc.a(lib_a-mprec.o)
                0x000293c8                __lo0bits
 .text.__i2b    0x00029424       0x14 e:/worksoftware/siliconlabs/simplicitystudio/v4/developer/toolchains/gnu_arm/4.9_2015q3/bin/../lib/gcc/arm-none-eabi/4.9.3/../../../../arm-none-eabi/lib/armv7e-m/fpu\libc.a(lib_a-mprec.o)
                0x00029424                __i2b
 .text.__multiply
                0x00029438      0x134 e:/worksoftware/siliconlabs/simplicitystudio/v4/developer/toolchains/gnu_arm/4.9_2015q3/bin/../lib/gcc/arm-none-eabi/4.9.3/../../../../arm-none-eabi/lib/armv7e-m/fpu\libc.a(lib_a-mprec.o)
                0x00029438                __multiply
 .text.__pow5mult
                0x0002956c       0xa0 e:/worksoftware/siliconlabs/simplicitystudio/v4/developer/toolchains/gnu_arm/4.9_2015q3/bin/../lib/gcc/arm-none-eabi/4.9.3/../../../../arm-none-eabi/lib/armv7e-m/fpu\libc.a(lib_a-mprec.o)
                0x0002956c                __pow5mult
 .text.__lshift
                0x0002960c       0xac e:/worksoftware/siliconlabs/simplicitystudio/v4/developer/toolchains/gnu_arm/4.9_2015q3/bin/../lib/gcc/arm-none-eabi/4.9.3/../../../../arm-none-eabi/lib/armv7e-m/fpu\libc.a(lib_a-mprec.o)
                0x0002960c                __lshift
 .text.__mcmp   0x000296b8       0x48 e:/worksoftware/siliconlabs/simplicitystudio/v4/developer/toolchains/gnu_arm/4.9_2015q3/bin/../lib/gcc/arm-none-eabi/4.9.3/../../../../arm-none-eabi/lib/armv7e-m/fpu\libc.a(lib_a-mprec.o)
                0x000296b8                __mcmp
 .text.__mdiff  0x00029700       0xd4 e:/worksoftware/siliconlabs/simplicitystudio/v4/developer/toolchains/gnu_arm/4.9_2015q3/bin/../lib/gcc/arm-none-eabi/4.9.3/../../../../arm-none-eabi/lib/armv7e-m/fpu\libc.a(lib_a-mprec.o)
                0x00029700                __mdiff
 .text.__d2b    0x000297d4       0xbc e:/worksoftware/siliconlabs/simplicitystudio/v4/developer/toolchains/gnu_arm/4.9_2015q3/bin/../lib/gcc/arm-none-eabi/4.9.3/../../../../arm-none-eabi/lib/armv7e-m/fpu\libc.a(lib_a-mprec.o)
                0x000297d4                __d2b
 .text.__fpclassifyd
                0x00029890       0x5c e:/worksoftware/siliconlabs/simplicitystudio/v4/developer/toolchains/gnu_arm/4.9_2015q3/bin/../lib/gcc/arm-none-eabi/4.9.3/../../../../arm-none-eabi/lib/armv7e-m/fpu\libc.a(lib_a-s_fpclassify.o)
                0x00029890                __fpclassifyd
 .text._sbrk_r  0x000298ec       0x24 e:/worksoftware/siliconlabs/simplicitystudio/v4/developer/toolchains/gnu_arm/4.9_2015q3/bin/../lib/gcc/arm-none-eabi/4.9.3/../../../../arm-none-eabi/lib/armv7e-m/fpu\libc.a(lib_a-sbrkr.o)
                0x000298ec                _sbrk_r
 .text.__sread  0x00029910       0x24 e:/worksoftware/siliconlabs/simplicitystudio/v4/developer/toolchains/gnu_arm/4.9_2015q3/bin/../lib/gcc/arm-none-eabi/4.9.3/../../../../arm-none-eabi/lib/armv7e-m/fpu\libc.a(lib_a-stdio.o)
                0x00029910                __sread
 .text.__swrite
                0x00029934       0x38 e:/worksoftware/siliconlabs/simplicitystudio/v4/developer/toolchains/gnu_arm/4.9_2015q3/bin/../lib/gcc/arm-none-eabi/4.9.3/../../../../arm-none-eabi/lib/armv7e-m/fpu\libc.a(lib_a-stdio.o)
                0x00029934                __swrite
 .text.__sseek  0x0002996c       0x20 e:/worksoftware/siliconlabs/simplicitystudio/v4/developer/toolchains/gnu_arm/4.9_2015q3/bin/../lib/gcc/arm-none-eabi/4.9.3/../../../../arm-none-eabi/lib/armv7e-m/fpu\libc.a(lib_a-stdio.o)
                0x0002996c                __sseek
 .text.__sclose
                0x0002998c        0x8 e:/worksoftware/siliconlabs/simplicitystudio/v4/developer/toolchains/gnu_arm/4.9_2015q3/bin/../lib/gcc/arm-none-eabi/4.9.3/../../../../arm-none-eabi/lib/armv7e-m/fpu\libc.a(lib_a-stdio.o)
                0x0002998c                __sclose
 .text.strlen   0x00029994       0x5c e:/worksoftware/siliconlabs/simplicitystudio/v4/developer/toolchains/gnu_arm/4.9_2015q3/bin/../lib/gcc/arm-none-eabi/4.9.3/../../../../arm-none-eabi/lib/armv7e-m/fpu\libc.a(lib_a-strlen.o)
                0x00029994                strlen
 .text.__sprint_r.part.0
                0x000299f0       0x78 e:/worksoftware/siliconlabs/simplicitystudio/v4/developer/toolchains/gnu_arm/4.9_2015q3/bin/../lib/gcc/arm-none-eabi/4.9.3/../../../../arm-none-eabi/lib/armv7e-m/fpu\libc.a(lib_a-vfiprintf.o)
 .text.__sprint_r
                0x00029a68       0x18 e:/worksoftware/siliconlabs/simplicitystudio/v4/developer/toolchains/gnu_arm/4.9_2015q3/bin/../lib/gcc/arm-none-eabi/4.9.3/../../../../arm-none-eabi/lib/armv7e-m/fpu\libc.a(lib_a-vfiprintf.o)
                0x00029a68                __sprint_r
 .text.__register_exitproc
                0x00029a80       0xa4 e:/worksoftware/siliconlabs/simplicitystudio/v4/developer/toolchains/gnu_arm/4.9_2015q3/bin/../lib/gcc/arm-none-eabi/4.9.3/../../../../arm-none-eabi/lib/armv7e-m/fpu\libc.a(lib_a-__atexit.o)
                0x00029a80                __register_exitproc
 .text._calloc_r
                0x00029b24       0x60 e:/worksoftware/siliconlabs/simplicitystudio/v4/developer/toolchains/gnu_arm/4.9_2015q3/bin/../lib/gcc/arm-none-eabi/4.9.3/../../../../arm-none-eabi/lib/armv7e-m/fpu\libc.a(lib_a-callocr.o)
                0x00029b24                _calloc_r
 .text._close_r
                0x00029b84       0x24 e:/worksoftware/siliconlabs/simplicitystudio/v4/developer/toolchains/gnu_arm/4.9_2015q3/bin/../lib/gcc/arm-none-eabi/4.9.3/../../../../arm-none-eabi/lib/armv7e-m/fpu\libc.a(lib_a-closer.o)
                0x00029b84                _close_r
 .text._fclose_r
                0x00029ba8       0x84 e:/worksoftware/siliconlabs/simplicitystudio/v4/developer/toolchains/gnu_arm/4.9_2015q3/bin/../lib/gcc/arm-none-eabi/4.9.3/../../../../arm-none-eabi/lib/armv7e-m/fpu\libc.a(lib_a-fclose.o)
                0x00029ba8                _fclose_r
 .text.__fputwc
                0x00029c2c       0xb0 e:/worksoftware/siliconlabs/simplicitystudio/v4/developer/toolchains/gnu_arm/4.9_2015q3/bin/../lib/gcc/arm-none-eabi/4.9.3/../../../../arm-none-eabi/lib/armv7e-m/fpu\libc.a(lib_a-fputwc.o)
                0x00029c2c                __fputwc
 .text._fputwc_r
                0x00029cdc       0x24 e:/worksoftware/siliconlabs/simplicitystudio/v4/developer/toolchains/gnu_arm/4.9_2015q3/bin/../lib/gcc/arm-none-eabi/4.9.3/../../../../arm-none-eabi/lib/armv7e-m/fpu\libc.a(lib_a-fputwc.o)
                0x00029cdc                _fputwc_r
 .text._fstat_r
                0x00029d00       0x28 e:/worksoftware/siliconlabs/simplicitystudio/v4/developer/toolchains/gnu_arm/4.9_2015q3/bin/../lib/gcc/arm-none-eabi/4.9.3/../../../../arm-none-eabi/lib/armv7e-m/fpu\libc.a(lib_a-fstatr.o)
                0x00029d00                _fstat_r
 .text.__sfvwrite_r
                0x00029d28      0x318 e:/worksoftware/siliconlabs/simplicitystudio/v4/developer/toolchains/gnu_arm/4.9_2015q3/bin/../lib/gcc/arm-none-eabi/4.9.3/../../../../arm-none-eabi/lib/armv7e-m/fpu\libc.a(lib_a-fvwrite.o)
                0x00029d28                __sfvwrite_r
 .text._isatty_r
                0x0002a040       0x24 e:/worksoftware/siliconlabs/simplicitystudio/v4/developer/toolchains/gnu_arm/4.9_2015q3/bin/../lib/gcc/arm-none-eabi/4.9.3/../../../../arm-none-eabi/lib/armv7e-m/fpu\libc.a(lib_a-isattyr.o)
                0x0002a040                _isatty_r
 .text._lseek_r
                0x0002a064       0x28 e:/worksoftware/siliconlabs/simplicitystudio/v4/developer/toolchains/gnu_arm/4.9_2015q3/bin/../lib/gcc/arm-none-eabi/4.9.3/../../../../arm-none-eabi/lib/armv7e-m/fpu\libc.a(lib_a-lseekr.o)
                0x0002a064                _lseek_r
 .text.memmove  0x0002a08c       0xc8 e:/worksoftware/siliconlabs/simplicitystudio/v4/developer/toolchains/gnu_arm/4.9_2015q3/bin/../lib/gcc/arm-none-eabi/4.9.3/../../../../arm-none-eabi/lib/armv7e-m/fpu\libc.a(lib_a-memmove.o)
                0x0002a08c                memmove
 .text._read_r  0x0002a154       0x28 e:/worksoftware/siliconlabs/simplicitystudio/v4/developer/toolchains/gnu_arm/4.9_2015q3/bin/../lib/gcc/arm-none-eabi/4.9.3/../../../../arm-none-eabi/lib/armv7e-m/fpu\libc.a(lib_a-readr.o)
                0x0002a154                _read_r
 .text._realloc_r
                0x0002a17c      0x3ec e:/worksoftware/siliconlabs/simplicitystudio/v4/developer/toolchains/gnu_arm/4.9_2015q3/bin/../lib/gcc/arm-none-eabi/4.9.3/../../../../arm-none-eabi/lib/armv7e-m/fpu\libc.a(lib_a-reallocr.o)
                0x0002a17c                _realloc_r
 .text.__swbuf_r
                0x0002a568       0xa8 e:/worksoftware/siliconlabs/simplicitystudio/v4/developer/toolchains/gnu_arm/4.9_2015q3/bin/../lib/gcc/arm-none-eabi/4.9.3/../../../../arm-none-eabi/lib/armv7e-m/fpu\libc.a(lib_a-wbuf.o)
                0x0002a568                __swbuf_r
 .text._wcrtomb_r
                0x0002a610       0x54 e:/worksoftware/siliconlabs/simplicitystudio/v4/developer/toolchains/gnu_arm/4.9_2015q3/bin/../lib/gcc/arm-none-eabi/4.9.3/../../../../arm-none-eabi/lib/armv7e-m/fpu\libc.a(lib_a-wcrtomb.o)
                0x0002a610                _wcrtomb_r
 .text.__ascii_wctomb
                0x0002a664       0x1c e:/worksoftware/siliconlabs/simplicitystudio/v4/developer/toolchains/gnu_arm/4.9_2015q3/bin/../lib/gcc/arm-none-eabi/4.9.3/../../../../arm-none-eabi/lib/armv7e-m/fpu\libc.a(lib_a-wctomb_r.o)
                0x0002a664                __ascii_wctomb
 .text._close   0x0002a680       0x10 e:/worksoftware/siliconlabs/simplicitystudio/v4/developer/toolchains/gnu_arm/4.9_2015q3/bin/../lib/gcc/arm-none-eabi/4.9.3/../../../../arm-none-eabi/lib/armv7e-m/fpu\libnosys.a(close.o)
                0x0002a680                _close
 .text._fstat   0x0002a690       0x10 e:/worksoftware/siliconlabs/simplicitystudio/v4/developer/toolchains/gnu_arm/4.9_2015q3/bin/../lib/gcc/arm-none-eabi/4.9.3/../../../../arm-none-eabi/lib/armv7e-m/fpu\libnosys.a(fstat.o)
                0x0002a690                _fstat
 .text._isatty  0x0002a6a0       0x10 e:/worksoftware/siliconlabs/simplicitystudio/v4/developer/toolchains/gnu_arm/4.9_2015q3/bin/../lib/gcc/arm-none-eabi/4.9.3/../../../../arm-none-eabi/lib/armv7e-m/fpu\libnosys.a(isatty.o)
                0x0002a6a0                _isatty
 .text._lseek   0x0002a6b0       0x10 e:/worksoftware/siliconlabs/simplicitystudio/v4/developer/toolchains/gnu_arm/4.9_2015q3/bin/../lib/gcc/arm-none-eabi/4.9.3/../../../../arm-none-eabi/lib/armv7e-m/fpu\libnosys.a(lseek.o)
                0x0002a6b0                _lseek
 .text._read    0x0002a6c0       0x10 e:/worksoftware/siliconlabs/simplicitystudio/v4/developer/toolchains/gnu_arm/4.9_2015q3/bin/../lib/gcc/arm-none-eabi/4.9.3/../../../../arm-none-eabi/lib/armv7e-m/fpu\libnosys.a(read.o)
                0x0002a6c0                _read
 .text._sbrk    0x0002a6d0       0x1c e:/worksoftware/siliconlabs/simplicitystudio/v4/developer/toolchains/gnu_arm/4.9_2015q3/bin/../lib/gcc/arm-none-eabi/4.9.3/../../../../arm-none-eabi/lib/armv7e-m/fpu\libnosys.a(sbrk.o)
                0x0002a6d0                _sbrk
 .text._exit    0x0002a6ec        0x4 e:/worksoftware/siliconlabs/simplicitystudio/v4/developer/toolchains/gnu_arm/4.9_2015q3/bin/../lib/gcc/arm-none-eabi/4.9.3/../../../../arm-none-eabi/lib/armv7e-m/fpu\libnosys.a(_exit.o)
                0x0002a6ec                _exit
 .text          0x0002a6f0      0x370 e:/worksoftware/siliconlabs/simplicitystudio/v4/developer/toolchains/gnu_arm/4.9_2015q3/bin/../lib/gcc/arm-none-eabi/4.9.3/armv7e-m/fpu\libgcc.a(_arm_addsubdf3.o)
                0x0002a6f0                __aeabi_drsub
                0x0002a6f8                __aeabi_dsub
                0x0002a6f8                __subdf3
                0x0002a6fc                __aeabi_dadd
                0x0002a6fc                __adddf3
                0x0002a974                __floatunsidf
                0x0002a974                __aeabi_ui2d
                0x0002a994                __floatsidf
                0x0002a994                __aeabi_i2d
                0x0002a9b8                __aeabi_f2d
                0x0002a9b8                __extendsfdf2
                0x0002a9f4                __floatundidf
                0x0002a9f4                __aeabi_ul2d
                0x0002aa04                __floatdidf
                0x0002aa04                __aeabi_l2d
 .text          0x0002aa60      0x424 e:/worksoftware/siliconlabs/simplicitystudio/v4/developer/toolchains/gnu_arm/4.9_2015q3/bin/../lib/gcc/arm-none-eabi/4.9.3/armv7e-m/fpu\libgcc.a(_arm_muldivdf3.o)
                0x0002aa60                __aeabi_dmul
                0x0002aa60                __muldf3
                0x0002acb4                __divdf3
                0x0002acb4                __aeabi_ddiv
 .text          0x0002ae84      0x110 e:/worksoftware/siliconlabs/simplicitystudio/v4/developer/toolchains/gnu_arm/4.9_2015q3/bin/../lib/gcc/arm-none-eabi/4.9.3/armv7e-m/fpu\libgcc.a(_arm_cmpdf2.o)
                0x0002ae84                __gtdf2
                0x0002ae84                __gedf2
                0x0002ae8c                __ltdf2
                0x0002ae8c                __ledf2
                0x0002ae94                __nedf2
                0x0002ae94                __eqdf2
                0x0002ae94                __cmpdf2
                0x0002af10                __aeabi_cdrcmple
                0x0002af20                __aeabi_cdcmpeq
                0x0002af20                __aeabi_cdcmple
                0x0002af30                __aeabi_dcmpeq
                0x0002af44                __aeabi_dcmplt
                0x0002af58                __aeabi_dcmple
                0x0002af6c                __aeabi_dcmpge
                0x0002af80                __aeabi_dcmpgt
 .text          0x0002af94       0x50 e:/worksoftware/siliconlabs/simplicitystudio/v4/developer/toolchains/gnu_arm/4.9_2015q3/bin/../lib/gcc/arm-none-eabi/4.9.3/armv7e-m/fpu\libgcc.a(_arm_fixdfsi.o)
                0x0002af94                __aeabi_d2iz
                0x0002af94                __fixdfsi
 *(.init)
 .init          0x0002afe4        0x4 e:/worksoftware/siliconlabs/simplicitystudio/v4/developer/toolchains/gnu_arm/4.9_2015q3/bin/../lib/gcc/arm-none-eabi/4.9.3/armv7e-m/fpu/crti.o
                0x0002afe4                _init
 .init          0x0002afe8        0x8 e:/worksoftware/siliconlabs/simplicitystudio/v4/developer/toolchains/gnu_arm/4.9_2015q3/bin/../lib/gcc/arm-none-eabi/4.9.3/armv7e-m/fpu/crtn.o
 *(.fini)
 .fini          0x0002aff0        0x4 e:/worksoftware/siliconlabs/simplicitystudio/v4/developer/toolchains/gnu_arm/4.9_2015q3/bin/../lib/gcc/arm-none-eabi/4.9.3/armv7e-m/fpu/crti.o
                0x0002aff0                _fini
 .fini          0x0002aff4        0x8 e:/worksoftware/siliconlabs/simplicitystudio/v4/developer/toolchains/gnu_arm/4.9_2015q3/bin/../lib/gcc/arm-none-eabi/4.9.3/armv7e-m/fpu/crtn.o
 *crtbegin.o(.ctors)
 *crtbegin?.o(.ctors)
 *(EXCLUDE_FILE(*crtend.o *crtend?.o) .ctors)
 *(SORT(.ctors.*))
 *(.ctors)
 *crtbegin.o(.dtors)
 *crtbegin?.o(.dtors)
 *(EXCLUDE_FILE(*crtend.o *crtend?.o) .dtors)
 *(SORT(.dtors.*))
 *(.dtors)
 *(.rodata*)
 .rodata        0x0002affc        0x6 ./main.o
 *fill*         0x0002b002        0x2 
 .rodata.config
                0x0002b004       0x38 ./main.o
 .rodata.str1.4
                0x0002b03c       0x30 ./main.o
 .rodata.CSWTCH.45
                0x0002b06c        0xc ./emlib/em_cmu.o
 .rodata.CSWTCH.46
                0x0002b078       0x10 ./emlib/em_cmu.o
 .rodata.CSWTCH.47
                0x0002b088       0x10 ./emlib/em_cmu.o
 .rodata.CSWTCH.48
                0x0002b098       0x10 ./emlib/em_cmu.o
 .rodata        0x0002b0a8       0x78 ./src/InitDevice.o
 .rodata        0x0002b120       0x28 E:/workSoftWare/SiliconLabs/SimplicityStudio/v4/developer/sdks/gecko_sdk_suite/v1.1//protocol/bluetooth_2.4/lib/EFR32MG1P/GCC/bgapi.a(gecko_bgapi_hardware.c.obj)
 .rodata        0x0002b148       0x30 E:/workSoftWare/SiliconLabs/SimplicityStudio/v4/developer/sdks/gecko_sdk_suite/v1.1//protocol/bluetooth_2.4/lib/EFR32MG1P/GCC/bgapi.a(gecko_bgapi_test.c.obj)
 .rodata        0x0002b178       0x28 E:/workSoftWare/SiliconLabs/SimplicityStudio/v4/developer/sdks/gecko_sdk_suite/v1.1//protocol/bluetooth_2.4/lib/EFR32MG1P/GCC/bgapi.a(gecko_bgapi_dfu.c.obj)
 .rodata        0x0002b1a0       0x78 E:/workSoftWare/SiliconLabs/SimplicityStudio/v4/developer/sdks/gecko_sdk_suite/v1.1//protocol/bluetooth_2.4/lib/EFR32MG1P/GCC/bgapi.a(gecko_bgapi_gap.c.obj)
 .rodata        0x0002b218       0xa8 E:/workSoftWare/SiliconLabs/SimplicityStudio/v4/developer/sdks/gecko_sdk_suite/v1.1//protocol/bluetooth_2.4/lib/EFR32MG1P/GCC/bgapi.a(gecko_bgapi_gatt.c.obj)
 .rodata        0x0002b2c0       0x50 E:/workSoftWare/SiliconLabs/SimplicityStudio/v4/developer/sdks/gecko_sdk_suite/v1.1//protocol/bluetooth_2.4/lib/EFR32MG1P/GCC/bgapi.a(gecko_bgapi_gatt_server.c.obj)
 .rodata        0x0002b310       0x30 E:/workSoftWare/SiliconLabs/SimplicityStudio/v4/developer/sdks/gecko_sdk_suite/v1.1//protocol/bluetooth_2.4/lib/EFR32MG1P/GCC/bgapi.a(gecko_bgapi_flash.c.obj)
 .rodata        0x0002b340       0x80 E:/workSoftWare/SiliconLabs/SimplicityStudio/v4/developer/sdks/gecko_sdk_suite/v1.1//protocol/bluetooth_2.4/lib/EFR32MG1P/GCC/bgapi.a(gecko_bgapi_sm.c.obj)
 .rodata        0x0002b3c0       0x48 E:/workSoftWare/SiliconLabs/SimplicityStudio/v4/developer/sdks/gecko_sdk_suite/v1.1//protocol/bluetooth_2.4/lib/EFR32MG1P/GCC/bgapi.a(gecko_bgapi_system.c.obj)
 .rodata        0x0002b408       0x38 E:/workSoftWare/SiliconLabs/SimplicityStudio/v4/developer/sdks/gecko_sdk_suite/v1.1//protocol/bluetooth_2.4/lib/EFR32MG1P/GCC/bgapi.a(gecko_bgapi_endpoint.c.obj)
 .rodata        0x0002b440       0x28 E:/workSoftWare/SiliconLabs/SimplicityStudio/v4/developer/sdks/gecko_sdk_suite/v1.1//protocol/bluetooth_2.4/lib/EFR32MG1P/GCC/bgapi.a(gecko_bgapi_le_connection.c.obj)
 .rodata        0x0002b468       0x18 E:/workSoftWare/SiliconLabs/SimplicityStudio/v4/developer/sdks/gecko_sdk_suite/v1.1//protocol/bluetooth_2.4/lib/EFR32MG1P/GCC/bgapi.a(bgapi_sm.c.obj)
 .rodata        0x0002b480        0x4 E:/workSoftWare/SiliconLabs/SimplicityStudio/v4/developer/sdks/gecko_sdk_suite/v1.1//protocol/bluetooth_2.4/lib/EFR32MG1P/GCC/bgapi.a(gatt_client.c.obj)
 .rodata.str1.4
                0x0002b484        0x2 e:/worksoftware/siliconlabs/simplicitystudio/v4/developer/toolchains/gnu_arm/4.9_2015q3/bin/../lib/gcc/arm-none-eabi/4.9.3/../../../../arm-none-eabi/lib/armv7e-m/fpu\libc.a(lib_a-impure.o)
 *fill*         0x0002b486        0x2 
 .rodata._global_impure_ptr
                0x0002b488        0x4 e:/worksoftware/siliconlabs/simplicitystudio/v4/developer/toolchains/gnu_arm/4.9_2015q3/bin/../lib/gcc/arm-none-eabi/4.9.3/../../../../arm-none-eabi/lib/armv7e-m/fpu\libc.a(lib_a-impure.o)
                0x0002b488                _global_impure_ptr
 .rodata.zeroes.6926
                0x0002b48c       0x10 e:/worksoftware/siliconlabs/simplicitystudio/v4/developer/toolchains/gnu_arm/4.9_2015q3/bin/../lib/gcc/arm-none-eabi/4.9.3/../../../../arm-none-eabi/lib/armv7e-m/fpu\libc.a(lib_a-vfprintf.o)
 .rodata.str1.4
                0x0002b49c       0x42 e:/worksoftware/siliconlabs/simplicitystudio/v4/developer/toolchains/gnu_arm/4.9_2015q3/bin/../lib/gcc/arm-none-eabi/4.9.3/../../../../arm-none-eabi/lib/armv7e-m/fpu\libc.a(lib_a-vfprintf.o)
 *fill*         0x0002b4de        0x2 
 .rodata.blanks.6925
                0x0002b4e0       0x10 e:/worksoftware/siliconlabs/simplicitystudio/v4/developer/toolchains/gnu_arm/4.9_2015q3/bin/../lib/gcc/arm-none-eabi/4.9.3/../../../../arm-none-eabi/lib/armv7e-m/fpu\libc.a(lib_a-vfprintf.o)
 .rodata.str1.4
                0x0002b4f0       0x10 e:/worksoftware/siliconlabs/simplicitystudio/v4/developer/toolchains/gnu_arm/4.9_2015q3/bin/../lib/gcc/arm-none-eabi/4.9.3/../../../../arm-none-eabi/lib/armv7e-m/fpu\libc.a(lib_a-dtoa.o)
                                 0x12 (size before relaxing)
 .rodata.str1.4
                0x0002b500        0xc e:/worksoftware/siliconlabs/simplicitystudio/v4/developer/toolchains/gnu_arm/4.9_2015q3/bin/../lib/gcc/arm-none-eabi/4.9.3/../../../../arm-none-eabi/lib/armv7e-m/fpu\libc.a(lib_a-locale.o)
                                 0x12 (size before relaxing)
 *fill*         0x0002b50c        0x4 
 .rodata.__mprec_tens
                0x0002b510       0xc8 e:/worksoftware/siliconlabs/simplicitystudio/v4/developer/toolchains/gnu_arm/4.9_2015q3/bin/../lib/gcc/arm-none-eabi/4.9.3/../../../../arm-none-eabi/lib/armv7e-m/fpu\libc.a(lib_a-mprec.o)
                0x0002b510                __mprec_tens
 .rodata.p05.5302
                0x0002b5d8        0xc e:/worksoftware/siliconlabs/simplicitystudio/v4/developer/toolchains/gnu_arm/4.9_2015q3/bin/../lib/gcc/arm-none-eabi/4.9.3/../../../../arm-none-eabi/lib/armv7e-m/fpu\libc.a(lib_a-mprec.o)
 *fill*         0x0002b5e4        0x4 
 .rodata.__mprec_bigtens
                0x0002b5e8       0x28 e:/worksoftware/siliconlabs/simplicitystudio/v4/developer/toolchains/gnu_arm/4.9_2015q3/bin/../lib/gcc/arm-none-eabi/4.9.3/../../../../arm-none-eabi/lib/armv7e-m/fpu\libc.a(lib_a-mprec.o)
                0x0002b5e8                __mprec_bigtens
 *(.eh_frame*)
 .eh_frame      0x0002b610        0x0 e:/worksoftware/siliconlabs/simplicitystudio/v4/developer/toolchains/gnu_arm/4.9_2015q3/bin/../lib/gcc/arm-none-eabi/4.9.3/armv7e-m/fpu/crtbegin.o
 .eh_frame      0x0002b610        0x0 e:/worksoftware/siliconlabs/simplicitystudio/v4/developer/toolchains/gnu_arm/4.9_2015q3/bin/../lib/gcc/arm-none-eabi/4.9.3/../../../../arm-none-eabi/lib/armv7e-m/fpu\libc.a(lib_a-strcmp.o)
                                 0x70 (size before relaxing)
 .eh_frame      0x0002b610        0x4 e:/worksoftware/siliconlabs/simplicitystudio/v4/developer/toolchains/gnu_arm/4.9_2015q3/bin/../lib/gcc/arm-none-eabi/4.9.3/armv7e-m/fpu/crtend.o
                0x0002b614                . = ALIGN (0x4)

.glue_7         0x0002b614        0x0
 .glue_7        0x00000000        0x0 linker stubs

.glue_7t        0x0002b614        0x0
 .glue_7t       0x00000000        0x0 linker stubs

.vfp11_veneer   0x0002b614        0x0
 .vfp11_veneer  0x00000000        0x0 linker stubs

.v4_bx          0x0002b614        0x0
 .v4_bx         0x00000000        0x0 linker stubs

.iplt           0x0002b614        0x0
 .iplt          0x00000000        0x0 e:/worksoftware/siliconlabs/simplicitystudio/v4/developer/toolchains/gnu_arm/4.9_2015q3/bin/../lib/gcc/arm-none-eabi/4.9.3/armv7e-m/fpu/crtbegin.o

.igot.plt       0x0002b614        0x0
 .igot.plt      0x00000000        0x0 e:/worksoftware/siliconlabs/simplicitystudio/v4/developer/toolchains/gnu_arm/4.9_2015q3/bin/../lib/gcc/arm-none-eabi/4.9.3/armv7e-m/fpu/crtbegin.o

.text_app_ARM.extab
 *(.ARM.extab* .gnu.linkonce.armextab.*)
                0x0002b614                __exidx_start = .

.text_app_ARM.exidx
                0x0002b614        0x8
 *(.ARM.exidx* .gnu.linkonce.armexidx.*)
 .ARM.exidx     0x0002b614        0x8 e:/worksoftware/siliconlabs/simplicitystudio/v4/developer/toolchains/gnu_arm/4.9_2015q3/bin/../lib/gcc/arm-none-eabi/4.9.3/../../../../arm-none-eabi/lib/armv7e-m/fpu/crt0.o
 .ARM.exidx     0x0002b61c        0x0 e:/worksoftware/siliconlabs/simplicitystudio/v4/developer/toolchains/gnu_arm/4.9_2015q3/bin/../lib/gcc/arm-none-eabi/4.9.3/armv7e-m/fpu\libgcc.a(_divdi3.o)
                                  0x8 (size before relaxing)
 .ARM.exidx     0x0002b61c        0x0 e:/worksoftware/siliconlabs/simplicitystudio/v4/developer/toolchains/gnu_arm/4.9_2015q3/bin/../lib/gcc/arm-none-eabi/4.9.3/armv7e-m/fpu\libgcc.a(_udivdi3.o)
                                  0x8 (size before relaxing)
                0x0002b61c                __exidx_end = .
                0x0002b61c                __etext = .

.rel.dyn        0x0002b61c        0x0
 .rel.iplt      0x00000000        0x0 e:/worksoftware/siliconlabs/simplicitystudio/v4/developer/toolchains/gnu_arm/4.9_2015q3/bin/../lib/gcc/arm-none-eabi/4.9.3/armv7e-m/fpu/crtbegin.o

.text_app_data  0x20003000      0x8c4 load address 0x0002b61c
                0x20003000                __data_start__ = .
 *(vtable)
 *(.data*)
 .data.bg_gattdb_data_attribute_field_6_data
                0x20003000        0xd ./gatt_db.o
                0x20003000                bg_gattdb_data_attribute_field_6_data
 *fill*         0x2000300d        0x3 
 .data.auxHfrcoFreq
                0x20003010        0x4 ./emlib/em_cmu.o
 *fill*         0x20003014        0x4 
 .data.impure_data
                0x20003018      0x428 e:/worksoftware/siliconlabs/simplicitystudio/v4/developer/toolchains/gnu_arm/4.9_2015q3/bin/../lib/gcc/arm-none-eabi/4.9.3/../../../../arm-none-eabi/lib/armv7e-m/fpu\libc.a(lib_a-impure.o)
 .data._impure_ptr
                0x20003440        0x4 e:/worksoftware/siliconlabs/simplicitystudio/v4/developer/toolchains/gnu_arm/4.9_2015q3/bin/../lib/gcc/arm-none-eabi/4.9.3/../../../../arm-none-eabi/lib/armv7e-m/fpu\libc.a(lib_a-impure.o)
                0x20003440                _impure_ptr
 .data.lconv    0x20003444       0x38 e:/worksoftware/siliconlabs/simplicitystudio/v4/developer/toolchains/gnu_arm/4.9_2015q3/bin/../lib/gcc/arm-none-eabi/4.9.3/../../../../arm-none-eabi/lib/armv7e-m/fpu\libc.a(lib_a-locale.o)
 .data.lc_ctype_charset
                0x2000347c       0x20 e:/worksoftware/siliconlabs/simplicitystudio/v4/developer/toolchains/gnu_arm/4.9_2015q3/bin/../lib/gcc/arm-none-eabi/4.9.3/../../../../arm-none-eabi/lib/armv7e-m/fpu\libc.a(lib_a-locale.o)
 .data.__mb_cur_max
                0x2000349c        0x4 e:/worksoftware/siliconlabs/simplicitystudio/v4/developer/toolchains/gnu_arm/4.9_2015q3/bin/../lib/gcc/arm-none-eabi/4.9.3/../../../../arm-none-eabi/lib/armv7e-m/fpu\libc.a(lib_a-locale.o)
                0x2000349c                __mb_cur_max
 .data.__malloc_av_
                0x200034a0      0x408 e:/worksoftware/siliconlabs/simplicitystudio/v4/developer/toolchains/gnu_arm/4.9_2015q3/bin/../lib/gcc/arm-none-eabi/4.9.3/../../../../arm-none-eabi/lib/armv7e-m/fpu\libc.a(lib_a-mallocr.o)
                0x200034a0                __malloc_av_
 .data.__malloc_trim_threshold
                0x200038a8        0x4 e:/worksoftware/siliconlabs/simplicitystudio/v4/developer/toolchains/gnu_arm/4.9_2015q3/bin/../lib/gcc/arm-none-eabi/4.9.3/../../../../arm-none-eabi/lib/armv7e-m/fpu\libc.a(lib_a-mallocr.o)
                0x200038a8                __malloc_trim_threshold
 .data.__malloc_sbrk_base
                0x200038ac        0x4 e:/worksoftware/siliconlabs/simplicitystudio/v4/developer/toolchains/gnu_arm/4.9_2015q3/bin/../lib/gcc/arm-none-eabi/4.9.3/../../../../arm-none-eabi/lib/armv7e-m/fpu\libc.a(lib_a-mallocr.o)
                0x200038ac                __malloc_sbrk_base
 .data.__wctomb
                0x200038b0        0x4 e:/worksoftware/siliconlabs/simplicitystudio/v4/developer/toolchains/gnu_arm/4.9_2015q3/bin/../lib/gcc/arm-none-eabi/4.9.3/../../../../arm-none-eabi/lib/armv7e-m/fpu\libc.a(lib_a-wctomb_r.o)
                0x200038b0                __wctomb
                0x200038b4                . = ALIGN (0x4)
 *(.ram)
                0x200038b4                . = ALIGN (0x4)
                0x200038b4                PROVIDE (__preinit_array_start, .)
 *(.preinit_array)
                0x200038b4                PROVIDE (__preinit_array_end, .)
                0x200038b4                . = ALIGN (0x4)
                0x200038b4                PROVIDE (__init_array_start, .)
 *(SORT(.init_array.*))
 .init_array.00000
                0x200038b4        0x4 e:/worksoftware/siliconlabs/simplicitystudio/v4/developer/toolchains/gnu_arm/4.9_2015q3/bin/../lib/gcc/arm-none-eabi/4.9.3/../../../../arm-none-eabi/lib/armv7e-m/fpu\libc.a(lib_a-__call_atexit.o)
 *(.init_array)
 .init_array    0x200038b8        0x4 e:/worksoftware/siliconlabs/simplicitystudio/v4/developer/toolchains/gnu_arm/4.9_2015q3/bin/../lib/gcc/arm-none-eabi/4.9.3/armv7e-m/fpu/crtbegin.o
                0x200038bc                PROVIDE (__init_array_end, .)
                0x200038bc                . = ALIGN (0x4)
                0x200038bc                PROVIDE (__fini_array_start, .)
 *(SORT(.fini_array.*))
 *(.fini_array)
 .fini_array    0x200038bc        0x4 e:/worksoftware/siliconlabs/simplicitystudio/v4/developer/toolchains/gnu_arm/4.9_2015q3/bin/../lib/gcc/arm-none-eabi/4.9.3/armv7e-m/fpu/crtbegin.o
                0x200038c0                PROVIDE (__fini_array_end, .)
 *(.jcr*)
 .jcr           0x200038c0        0x0 e:/worksoftware/siliconlabs/simplicitystudio/v4/developer/toolchains/gnu_arm/4.9_2015q3/bin/../lib/gcc/arm-none-eabi/4.9.3/armv7e-m/fpu/crtbegin.o
 .jcr           0x200038c0        0x4 e:/worksoftware/siliconlabs/simplicitystudio/v4/developer/toolchains/gnu_arm/4.9_2015q3/bin/../lib/gcc/arm-none-eabi/4.9.3/armv7e-m/fpu/crtend.o
                0x200038c4                . = ALIGN (0x4)
                0x200038c4                __data_end__ = .

.bss            0x200038c4     0x1b34 load address 0x0002bee0
                0x200038c4                . = ALIGN (0x4)
                0x200038c4                __bss_start__ = .
 *(.bss*)
 .bss           0x200038c4       0x1c e:/worksoftware/siliconlabs/simplicitystudio/v4/developer/toolchains/gnu_arm/4.9_2015q3/bin/../lib/gcc/arm-none-eabi/4.9.3/armv7e-m/fpu/crtbegin.o
 .bss.bg_gattdb_data_attribute_field_2_data
                0x200038e0        0x4 ./gatt_db.o
                0x200038e0                bg_gattdb_data_attribute_field_2_data
 .bss.bg_gattdb_data_attribute_field_21_data
                0x200038e4        0x1 ./gatt_db.o
                0x200038e4                bg_gattdb_data_attribute_field_21_data
 *fill*         0x200038e5        0x3 
 .bss.bg_gattdb_data_attribute_field_23_data
                0x200038e8        0x4 ./gatt_db.o
                0x200038e8                bg_gattdb_data_attribute_field_23_data
 .bss.boot_to_dfu
                0x200038ec        0x1 ./main.o
                0x200038ec                boot_to_dfu
 *fill*         0x200038ed        0x3 
 .bss.chTable   0x200038f0       0xa0 ./emdrv/BRD4160A/dmadrv.o
 .bss.dmaXfer   0x20003990      0x100 ./emdrv/BRD4160A/dmadrv.o
 .bss.gpioCallbacks
                0x20003a90       0x40 ./emdrv/BRD4160A/gpiointerrupt.o
 .bss           0x20003ad0        0x4 E:/workSoftWare/SiliconLabs/SimplicityStudio/v4/developer/sdks/gecko_sdk_suite/v1.1//protocol/bluetooth_2.4/lib/EFR32MG1P/GCC/bgapi.a(bgapi_hardware.c.obj)
 .bss           0x20003ad4        0x4 E:/workSoftWare/SiliconLabs/SimplicityStudio/v4/developer/sdks/gecko_sdk_suite/v1.1//protocol/bluetooth_2.4/lib/EFR32MG1P/GCC/bgapi.a(bgapi_test_lib.c.obj)
 .bss           0x20003ad8        0x2 E:/workSoftWare/SiliconLabs/SimplicityStudio/v4/developer/sdks/gecko_sdk_suite/v1.1//protocol/bluetooth_2.4/lib/EFR32MG1P/GCC/bgapi.a(bgapi_gap.c.obj)
                0x20003ad8                legacy_maxadv_events
 *fill*         0x20003ada        0x2 
 .bss           0x20003adc        0x4 E:/workSoftWare/SiliconLabs/SimplicityStudio/v4/developer/sdks/gecko_sdk_suite/v1.1//protocol/bluetooth_2.4/lib/EFR32MG1P/GCC/bgapi.a(bgapi_ps.c.obj)
 .bss           0x20003ae0        0x4 E:/workSoftWare/SiliconLabs/SimplicityStudio/v4/developer/sdks/gecko_sdk_suite/v1.1//protocol/bluetooth_2.4/lib/EFR32MG1P/GCC/bgapi.a(bgapi_sm.c.obj)
 .bss           0x20003ae4        0x4 E:/workSoftWare/SiliconLabs/SimplicityStudio/v4/developer/sdks/gecko_sdk_suite/v1.1//protocol/bluetooth_2.4/lib/EFR32MG1P/GCC/bgapi.a(bgapi_system.c.obj)
 .bss.__malloc_max_total_mem
                0x20003ae8        0x4 e:/worksoftware/siliconlabs/simplicitystudio/v4/developer/toolchains/gnu_arm/4.9_2015q3/bin/../lib/gcc/arm-none-eabi/4.9.3/../../../../arm-none-eabi/lib/armv7e-m/fpu\libc.a(lib_a-mallocr.o)
                0x20003ae8                __malloc_max_total_mem
 .bss.__malloc_max_sbrked_mem
                0x20003aec        0x4 e:/worksoftware/siliconlabs/simplicitystudio/v4/developer/toolchains/gnu_arm/4.9_2015q3/bin/../lib/gcc/arm-none-eabi/4.9.3/../../../../arm-none-eabi/lib/armv7e-m/fpu\libc.a(lib_a-mallocr.o)
                0x20003aec                __malloc_max_sbrked_mem
 .bss.__malloc_top_pad
                0x20003af0        0x4 e:/worksoftware/siliconlabs/simplicitystudio/v4/developer/toolchains/gnu_arm/4.9_2015q3/bin/../lib/gcc/arm-none-eabi/4.9.3/../../../../arm-none-eabi/lib/armv7e-m/fpu\libc.a(lib_a-mallocr.o)
                0x20003af0                __malloc_top_pad
 .bss.__malloc_current_mallinfo
                0x20003af4       0x28 e:/worksoftware/siliconlabs/simplicitystudio/v4/developer/toolchains/gnu_arm/4.9_2015q3/bin/../lib/gcc/arm-none-eabi/4.9.3/../../../../arm-none-eabi/lib/armv7e-m/fpu\libc.a(lib_a-mallocr.o)
                0x20003af4                __malloc_current_mallinfo
 .bss.heap_end.4079
                0x20003b1c        0x4 e:/worksoftware/siliconlabs/simplicitystudio/v4/developer/toolchains/gnu_arm/4.9_2015q3/bin/../lib/gcc/arm-none-eabi/4.9.3/../../../../arm-none-eabi/lib/armv7e-m/fpu\libnosys.a(sbrk.o)
 *(COMMON)
 COMMON         0x20003b20     0x18d0 ./main.o
                0x20003b20                bluetooth_stack_heap
 COMMON         0x200053f0        0x4 E:/workSoftWare/SiliconLabs/SimplicityStudio/v4/developer/sdks/gecko_sdk_suite/v1.1//protocol/bluetooth_2.4/lib/EFR32MG1P/GCC/bgapi.a(bgapi_test_lib.c.obj)
                0x200053f0                msg_sender
 COMMON         0x200053f4        0x4 e:/worksoftware/siliconlabs/simplicitystudio/v4/developer/toolchains/gnu_arm/4.9_2015q3/bin/../lib/gcc/arm-none-eabi/4.9.3/../../../../arm-none-eabi/lib/armv7e-m/fpu\libc.a(lib_a-reent.o)
                0x200053f4                errno
                0x200053f8                . = ALIGN (0x4)
                0x200053f8                __bss_end__ = .

.heap           0x200053f8      0xc00
                0x200053f8                __HeapBase = .
                0x200053f8                __end__ = .
                0x200053f8                end = __end__
                0x200053f8                _end = __end__
 *(.heap*)
 .heap          0x200053f8      0xc00 ./device/EFR32_M_1_1_P/gcc/startup_efr32mg1p.o
                0x20005ff8                __HeapLimit = .

.stack_dummy    0x20005ff8      0x400
 *(.stack*)
 .stack         0x20005ff8      0x400 ./device/EFR32_M_1_1_P/gcc/startup_efr32mg1p.o
                0x20007bfc                __StackTop = (ORIGIN (RAM) + 0x4bfc)
                0x200077fc                __StackLimit = (__StackTop - SIZEOF (.stack_dummy))
                0x20007bfc                PROVIDE (__stack, __StackTop)
                0x00000001                ASSERT ((__StackLimit >= __HeapLimit), region RAM overflowed with stack)
OUTPUT(base_station_code.axf elf32-littlearm)

.ARM.attributes
                0x00000000       0x30
 .ARM.attributes
                0x00000000       0x22 e:/worksoftware/siliconlabs/simplicitystudio/v4/developer/toolchains/gnu_arm/4.9_2015q3/bin/../lib/gcc/arm-none-eabi/4.9.3/armv7e-m/fpu/crti.o
 .ARM.attributes
                0x00000022       0x34 e:/worksoftware/siliconlabs/simplicitystudio/v4/developer/toolchains/gnu_arm/4.9_2015q3/bin/../lib/gcc/arm-none-eabi/4.9.3/armv7e-m/fpu/crtbegin.o
 .ARM.attributes
                0x00000056       0x20 e:/worksoftware/siliconlabs/simplicitystudio/v4/developer/toolchains/gnu_arm/4.9_2015q3/bin/../lib/gcc/arm-none-eabi/4.9.3/../../../../arm-none-eabi/lib/armv7e-m/fpu/crt0.o
 .ARM.attributes
                0x00000076       0x39 ./application_properties.o
 .ARM.attributes
                0x000000af       0x39 ./gatt_db.o
 .ARM.attributes
                0x000000e8       0x39 ./main.o
 .ARM.attributes
                0x00000121       0x39 ./device/EFR32_M_1_1_P/gcc/startup_efr32mg1p.o
 .ARM.attributes
                0x0000015a       0x39 ./emdrv/BRD4160A/dmadrv.o
 .ARM.attributes
                0x00000193       0x39 ./emdrv/BRD4160A/gpiointerrupt.o
 .ARM.attributes
                0x000001cc       0x39 ./emlib/em_cmu.o
 .ARM.attributes
                0x00000205       0x39 ./emlib/em_gpio.o
 .ARM.attributes
                0x0000023e       0x39 ./emlib/em_rtcc.o
 .ARM.attributes
                0x00000277       0x39 ./emlib/em_system.o
 .ARM.attributes
                0x000002b0       0x39 ./emlib/em_usart.o
 .ARM.attributes
                0x000002e9       0x39 ./src/InitDevice.o
 .ARM.attributes
                0x00000322       0x39 E:/workSoftWare/SiliconLabs/SimplicityStudio/v4/developer/sdks/gecko_sdk_suite/v1.1//protocol/bluetooth_2.4/lib/EFR32MG1P/GCC/bgapi.a(gecko_bgapi_hardware.c.obj)
 .ARM.attributes
                0x0000035b       0x39 E:/workSoftWare/SiliconLabs/SimplicityStudio/v4/developer/sdks/gecko_sdk_suite/v1.1//protocol/bluetooth_2.4/lib/EFR32MG1P/GCC/bgapi.a(gecko_bgapi_test.c.obj)
 .ARM.attributes
                0x00000394       0x39 E:/workSoftWare/SiliconLabs/SimplicityStudio/v4/developer/sdks/gecko_sdk_suite/v1.1//protocol/bluetooth_2.4/lib/EFR32MG1P/GCC/bgapi.a(gecko_bgapi_dfu.c.obj)
 .ARM.attributes
                0x000003cd       0x39 E:/workSoftWare/SiliconLabs/SimplicityStudio/v4/developer/sdks/gecko_sdk_suite/v1.1//protocol/bluetooth_2.4/lib/EFR32MG1P/GCC/bgapi.a(gecko_bgapi_gap.c.obj)
 .ARM.attributes
                0x00000406       0x39 E:/workSoftWare/SiliconLabs/SimplicityStudio/v4/developer/sdks/gecko_sdk_suite/v1.1//protocol/bluetooth_2.4/lib/EFR32MG1P/GCC/bgapi.a(gecko_bgapi_gatt.c.obj)
 .ARM.attributes
                0x0000043f       0x39 E:/workSoftWare/SiliconLabs/SimplicityStudio/v4/developer/sdks/gecko_sdk_suite/v1.1//protocol/bluetooth_2.4/lib/EFR32MG1P/GCC/bgapi.a(gecko_bgapi_gatt_server.c.obj)
 .ARM.attributes
                0x00000478       0x39 E:/workSoftWare/SiliconLabs/SimplicityStudio/v4/developer/sdks/gecko_sdk_suite/v1.1//protocol/bluetooth_2.4/lib/EFR32MG1P/GCC/bgapi.a(gecko_bgapi_flash.c.obj)
 .ARM.attributes
                0x000004b1       0x39 E:/workSoftWare/SiliconLabs/SimplicityStudio/v4/developer/sdks/gecko_sdk_suite/v1.1//protocol/bluetooth_2.4/lib/EFR32MG1P/GCC/bgapi.a(gecko_bgapi_sm.c.obj)
 .ARM.attributes
                0x000004ea       0x39 E:/workSoftWare/SiliconLabs/SimplicityStudio/v4/developer/sdks/gecko_sdk_suite/v1.1//protocol/bluetooth_2.4/lib/EFR32MG1P/GCC/bgapi.a(gecko_bgapi_system.c.obj)
 .ARM.attributes
                0x00000523       0x39 E:/workSoftWare/SiliconLabs/SimplicityStudio/v4/developer/sdks/gecko_sdk_suite/v1.1//protocol/bluetooth_2.4/lib/EFR32MG1P/GCC/bgapi.a(gecko_bgapi_endpoint.c.obj)
 .ARM.attributes
                0x0000055c       0x39 E:/workSoftWare/SiliconLabs/SimplicityStudio/v4/developer/sdks/gecko_sdk_suite/v1.1//protocol/bluetooth_2.4/lib/EFR32MG1P/GCC/bgapi.a(gecko_bgapi_le_connection.c.obj)
 .ARM.attributes
                0x00000595       0x39 E:/workSoftWare/SiliconLabs/SimplicityStudio/v4/developer/sdks/gecko_sdk_suite/v1.1//protocol/bluetooth_2.4/lib/EFR32MG1P/GCC/bgapi.a(bgapi_hardware.c.obj)
 .ARM.attributes
                0x000005ce       0x39 E:/workSoftWare/SiliconLabs/SimplicityStudio/v4/developer/sdks/gecko_sdk_suite/v1.1//protocol/bluetooth_2.4/lib/EFR32MG1P/GCC/bgapi.a(bgapi_test_lib.c.obj)
 .ARM.attributes
                0x00000607       0x39 E:/workSoftWare/SiliconLabs/SimplicityStudio/v4/developer/sdks/gecko_sdk_suite/v1.1//protocol/bluetooth_2.4/lib/EFR32MG1P/GCC/bgapi.a(bgapi_dfu.c.obj)
 .ARM.attributes
                0x00000640       0x39 E:/workSoftWare/SiliconLabs/SimplicityStudio/v4/developer/sdks/gecko_sdk_suite/v1.1//protocol/bluetooth_2.4/lib/EFR32MG1P/GCC/bgapi.a(bgapi_gap.c.obj)
 .ARM.attributes
                0x00000679       0x39 E:/workSoftWare/SiliconLabs/SimplicityStudio/v4/developer/sdks/gecko_sdk_suite/v1.1//protocol/bluetooth_2.4/lib/EFR32MG1P/GCC/bgapi.a(bgapi_gatt_lib.c.obj)
 .ARM.attributes
                0x000006b2       0x39 E:/workSoftWare/SiliconLabs/SimplicityStudio/v4/developer/sdks/gecko_sdk_suite/v1.1//protocol/bluetooth_2.4/lib/EFR32MG1P/GCC/bgapi.a(bgapi_ps.c.obj)
 .ARM.attributes
                0x000006eb       0x39 E:/workSoftWare/SiliconLabs/SimplicityStudio/v4/developer/sdks/gecko_sdk_suite/v1.1//protocol/bluetooth_2.4/lib/EFR32MG1P/GCC/bgapi.a(bgapi_sm.c.obj)
 .ARM.attributes
                0x00000724       0x39 E:/workSoftWare/SiliconLabs/SimplicityStudio/v4/developer/sdks/gecko_sdk_suite/v1.1//protocol/bluetooth_2.4/lib/EFR32MG1P/GCC/bgapi.a(bgapi_system.c.obj)
 .ARM.attributes
                0x0000075d       0x39 E:/workSoftWare/SiliconLabs/SimplicityStudio/v4/developer/sdks/gecko_sdk_suite/v1.1//protocol/bluetooth_2.4/lib/EFR32MG1P/GCC/bgapi.a(bgapi_endpoint.c.obj)
 .ARM.attributes
                0x00000796       0x39 E:/workSoftWare/SiliconLabs/SimplicityStudio/v4/developer/sdks/gecko_sdk_suite/v1.1//protocol/bluetooth_2.4/lib/EFR32MG1P/GCC/bgapi.a(bgapi_le_connection.c.obj)
 .ARM.attributes
                0x000007cf       0x39 E:/workSoftWare/SiliconLabs/SimplicityStudio/v4/developer/sdks/gecko_sdk_suite/v1.1//protocol/bluetooth_2.4/lib/EFR32MG1P/GCC/bgapi.a(gatt_client.c.obj)
 .ARM.attributes
                0x00000808       0x39 E:/workSoftWare/SiliconLabs/SimplicityStudio/v4/developer/sdks/gecko_sdk_suite/v1.1//protocol/bluetooth_2.4/lib/EFR32MG1P/GCC/bgapi.a(ubt_gatt_client.c.obj)
 .ARM.attributes
                0x00000841       0x39 E:/workSoftWare/SiliconLabs/SimplicityStudio/v4/developer/sdks/gecko_sdk_suite/v1.1//protocol/bluetooth_2.4/lib/EFR32MG1P/GCC/bgapi.a(att_client.c.obj)
 .ARM.attributes
                0x0000087a       0x1c E:/workSoftWare/SiliconLabs/SimplicityStudio/v4/developer/sdks/gecko_sdk_suite/v1.1//protocol/bluetooth_2.4/lib/EFR32MG1P/EABI/binstack.o
 .ARM.attributes
                0x00000896       0x1c E:/workSoftWare/SiliconLabs/SimplicityStudio/v4/developer/sdks/gecko_sdk_suite/v1.1//protocol/bluetooth_2.4/lib/EFR32MG1P/EABI/binbootloader.o
 .ARM.attributes
                0x000008b2       0x22 e:/worksoftware/siliconlabs/simplicitystudio/v4/developer/toolchains/gnu_arm/4.9_2015q3/bin/../lib/gcc/arm-none-eabi/4.9.3/armv7e-m/fpu\libgcc.a(_aeabi_uldivmod.o)
 .ARM.attributes
                0x000008d4       0x34 e:/worksoftware/siliconlabs/simplicitystudio/v4/developer/toolchains/gnu_arm/4.9_2015q3/bin/../lib/gcc/arm-none-eabi/4.9.3/armv7e-m/fpu\libgcc.a(bpabi.o)
 .ARM.attributes
                0x00000908       0x22 e:/worksoftware/siliconlabs/simplicitystudio/v4/developer/toolchains/gnu_arm/4.9_2015q3/bin/../lib/gcc/arm-none-eabi/4.9.3/armv7e-m/fpu\libgcc.a(_dvmd_tls.o)
 .ARM.attributes
                0x0000092a       0x34 e:/worksoftware/siliconlabs/simplicitystudio/v4/developer/toolchains/gnu_arm/4.9_2015q3/bin/../lib/gcc/arm-none-eabi/4.9.3/armv7e-m/fpu\libgcc.a(_divdi3.o)
 .ARM.attributes
                0x0000095e       0x34 e:/worksoftware/siliconlabs/simplicitystudio/v4/developer/toolchains/gnu_arm/4.9_2015q3/bin/../lib/gcc/arm-none-eabi/4.9.3/armv7e-m/fpu\libgcc.a(_udivdi3.o)
 .ARM.attributes
                0x00000992       0x34 e:/worksoftware/siliconlabs/simplicitystudio/v4/developer/toolchains/gnu_arm/4.9_2015q3/bin/../lib/gcc/arm-none-eabi/4.9.3/../../../../arm-none-eabi/lib/armv7e-m/fpu\libc.a(lib_a-exit.o)
 .ARM.attributes
                0x000009c6       0x34 e:/worksoftware/siliconlabs/simplicitystudio/v4/developer/toolchains/gnu_arm/4.9_2015q3/bin/../lib/gcc/arm-none-eabi/4.9.3/../../../../arm-none-eabi/lib/armv7e-m/fpu\libc.a(lib_a-impure.o)
 .ARM.attributes
                0x000009fa       0x34 e:/worksoftware/siliconlabs/simplicitystudio/v4/developer/toolchains/gnu_arm/4.9_2015q3/bin/../lib/gcc/arm-none-eabi/4.9.3/../../../../arm-none-eabi/lib/armv7e-m/fpu\libc.a(lib_a-init.o)
 .ARM.attributes
                0x00000a2e       0x34 e:/worksoftware/siliconlabs/simplicitystudio/v4/developer/toolchains/gnu_arm/4.9_2015q3/bin/../lib/gcc/arm-none-eabi/4.9.3/../../../../arm-none-eabi/lib/armv7e-m/fpu\libc.a(lib_a-memcmp.o)
 .ARM.attributes
                0x00000a62       0x20 e:/worksoftware/siliconlabs/simplicitystudio/v4/developer/toolchains/gnu_arm/4.9_2015q3/bin/../lib/gcc/arm-none-eabi/4.9.3/../../../../arm-none-eabi/lib/armv7e-m/fpu\libc.a(lib_a-memcpy.o)
 .ARM.attributes
                0x00000a82       0x34 e:/worksoftware/siliconlabs/simplicitystudio/v4/developer/toolchains/gnu_arm/4.9_2015q3/bin/../lib/gcc/arm-none-eabi/4.9.3/../../../../arm-none-eabi/lib/armv7e-m/fpu\libc.a(lib_a-memset.o)
 .ARM.attributes
                0x00000ab6       0x34 e:/worksoftware/siliconlabs/simplicitystudio/v4/developer/toolchains/gnu_arm/4.9_2015q3/bin/../lib/gcc/arm-none-eabi/4.9.3/../../../../arm-none-eabi/lib/armv7e-m/fpu\libc.a(lib_a-printf.o)
 .ARM.attributes
                0x00000aea       0x34 e:/worksoftware/siliconlabs/simplicitystudio/v4/developer/toolchains/gnu_arm/4.9_2015q3/bin/../lib/gcc/arm-none-eabi/4.9.3/../../../../arm-none-eabi/lib/armv7e-m/fpu\libc.a(lib_a-vfprintf.o)
 .ARM.attributes
                0x00000b1e       0x34 e:/worksoftware/siliconlabs/simplicitystudio/v4/developer/toolchains/gnu_arm/4.9_2015q3/bin/../lib/gcc/arm-none-eabi/4.9.3/../../../../arm-none-eabi/lib/armv7e-m/fpu\libc.a(lib_a-wsetup.o)
 .ARM.attributes
                0x00000b52       0x34 e:/worksoftware/siliconlabs/simplicitystudio/v4/developer/toolchains/gnu_arm/4.9_2015q3/bin/../lib/gcc/arm-none-eabi/4.9.3/../../../../arm-none-eabi/lib/armv7e-m/fpu\libc.a(lib_a-__call_atexit.o)
 .ARM.attributes
                0x00000b86       0x34 e:/worksoftware/siliconlabs/simplicitystudio/v4/developer/toolchains/gnu_arm/4.9_2015q3/bin/../lib/gcc/arm-none-eabi/4.9.3/../../../../arm-none-eabi/lib/armv7e-m/fpu\libc.a(lib_a-atexit.o)
 .ARM.attributes
                0x00000bba       0x34 e:/worksoftware/siliconlabs/simplicitystudio/v4/developer/toolchains/gnu_arm/4.9_2015q3/bin/../lib/gcc/arm-none-eabi/4.9.3/../../../../arm-none-eabi/lib/armv7e-m/fpu\libc.a(lib_a-dtoa.o)
 .ARM.attributes
                0x00000bee       0x34 e:/worksoftware/siliconlabs/simplicitystudio/v4/developer/toolchains/gnu_arm/4.9_2015q3/bin/../lib/gcc/arm-none-eabi/4.9.3/../../../../arm-none-eabi/lib/armv7e-m/fpu\libc.a(lib_a-fflush.o)
 .ARM.attributes
                0x00000c22       0x34 e:/worksoftware/siliconlabs/simplicitystudio/v4/developer/toolchains/gnu_arm/4.9_2015q3/bin/../lib/gcc/arm-none-eabi/4.9.3/../../../../arm-none-eabi/lib/armv7e-m/fpu\libc.a(lib_a-findfp.o)
 .ARM.attributes
                0x00000c56       0x34 e:/worksoftware/siliconlabs/simplicitystudio/v4/developer/toolchains/gnu_arm/4.9_2015q3/bin/../lib/gcc/arm-none-eabi/4.9.3/../../../../arm-none-eabi/lib/armv7e-m/fpu\libc.a(lib_a-fini.o)
 .ARM.attributes
                0x00000c8a       0x34 e:/worksoftware/siliconlabs/simplicitystudio/v4/developer/toolchains/gnu_arm/4.9_2015q3/bin/../lib/gcc/arm-none-eabi/4.9.3/../../../../arm-none-eabi/lib/armv7e-m/fpu\libc.a(lib_a-freer.o)
 .ARM.attributes
                0x00000cbe       0x34 e:/worksoftware/siliconlabs/simplicitystudio/v4/developer/toolchains/gnu_arm/4.9_2015q3/bin/../lib/gcc/arm-none-eabi/4.9.3/../../../../arm-none-eabi/lib/armv7e-m/fpu\libc.a(lib_a-fwalk.o)
 .ARM.attributes
                0x00000cf2       0x34 e:/worksoftware/siliconlabs/simplicitystudio/v4/developer/toolchains/gnu_arm/4.9_2015q3/bin/../lib/gcc/arm-none-eabi/4.9.3/../../../../arm-none-eabi/lib/armv7e-m/fpu\libc.a(lib_a-locale.o)
 .ARM.attributes
                0x00000d26       0x34 e:/worksoftware/siliconlabs/simplicitystudio/v4/developer/toolchains/gnu_arm/4.9_2015q3/bin/../lib/gcc/arm-none-eabi/4.9.3/../../../../arm-none-eabi/lib/armv7e-m/fpu\libc.a(lib_a-makebuf.o)
 .ARM.attributes
                0x00000d5a       0x34 e:/worksoftware/siliconlabs/simplicitystudio/v4/developer/toolchains/gnu_arm/4.9_2015q3/bin/../lib/gcc/arm-none-eabi/4.9.3/../../../../arm-none-eabi/lib/armv7e-m/fpu\libc.a(lib_a-mallocr.o)
 .ARM.attributes
                0x00000d8e       0x34 e:/worksoftware/siliconlabs/simplicitystudio/v4/developer/toolchains/gnu_arm/4.9_2015q3/bin/../lib/gcc/arm-none-eabi/4.9.3/../../../../arm-none-eabi/lib/armv7e-m/fpu\libc.a(lib_a-memchr.o)
 .ARM.attributes
                0x00000dc2       0x34 e:/worksoftware/siliconlabs/simplicitystudio/v4/developer/toolchains/gnu_arm/4.9_2015q3/bin/../lib/gcc/arm-none-eabi/4.9.3/../../../../arm-none-eabi/lib/armv7e-m/fpu\libc.a(lib_a-mlock.o)
 .ARM.attributes
                0x00000df6       0x34 e:/worksoftware/siliconlabs/simplicitystudio/v4/developer/toolchains/gnu_arm/4.9_2015q3/bin/../lib/gcc/arm-none-eabi/4.9.3/../../../../arm-none-eabi/lib/armv7e-m/fpu\libc.a(lib_a-mprec.o)
 .ARM.attributes
                0x00000e2a       0x34 e:/worksoftware/siliconlabs/simplicitystudio/v4/developer/toolchains/gnu_arm/4.9_2015q3/bin/../lib/gcc/arm-none-eabi/4.9.3/../../../../arm-none-eabi/lib/armv7e-m/fpu\libc.a(lib_a-s_fpclassify.o)
 .ARM.attributes